Conda environment: fixed_env
[15:52:53] start
[15:52:53] loading processor…
[15:52:53] loading model
[GPU] NVIDIA GeForce RTX 3090, 23.5 GB VRAM
[GPU] Baseline memory (model loaded): 0.45 GB
[GPU] Probe batch_size=8: peak=0.91 GB, per_sample=59.3 MB
[GPU] Available for batches: 16.03 GB (target 70% utilization)
[GPU] Estimated batch size: 27
[GPU] Verified: batch_size=27 fits (peak 1.99 GB) ✅
[15:52:55] using batch_size=27
[15:52:55] eager forward sanity check…
[15:52:55] eager ok
[15:52:55] checking Dynamo graph breaks…

===== Graph Break Report =====
Graph break count: 0
Number of graphs:  1
No graph breaks detected.
===================================
[15:52:58] compiling with torch.compile (inductor, reduce-overhead)…
[15:52:58] warmup x1…
[15:53:16] profiling one step…
[15:53:18] chrome trace saved: /home/savini98/repos/fx-graph-research/models/whisper-small/traces/whisper-small_trace_fixed_20260330_155316.json
[15:53:18] ✅ CUDA Graph activity detected:
  - cudaGraphDestroy
  - cudaGraphGetNodes
  - cudaGraphInstantiateWithFlags
  - cudaGraphLaunch
[15:53:18] benchmarking 30 timed runs…
[15:53:18] run 1/30…
Due to a bug fix in https://github.com/huggingface/transformers/pull/28687 transcription using a multilingual Whisper will default to language detection followed by transcription instead of translation to English.This might be a breaking change for your use case. If you want to instead always translate your audio to English, make sure to pass `language='en'`.
The attention mask is not set and cannot be inferred from input because pad token is same as eos token. As a consequence, you may observe unexpected behavior. Please pass your input's `attention_mask` to obtain reliable results.
[15:53:20] ⏱ Runtime: 1.401 s
[15:53:20] 📝 Raw new tokens generated: 100
[15:53:20] 🚀 Throughput: 71.38 tokens/s
[15:53:20] run 2/30…
[15:53:22] ⏱ Runtime: 1.337 s
[15:53:22] 📝 Raw new tokens generated: 100
[15:53:22] 🚀 Throughput: 74.77 tokens/s
[15:53:23] run 3/30…
[15:53:24] ⏱ Runtime: 1.336 s
[15:53:24] 📝 Raw new tokens generated: 100
[15:53:24] 🚀 Throughput: 74.86 tokens/s
[15:53:25] run 4/30…
[15:53:26] ⏱ Runtime: 1.334 s
[15:53:26] 📝 Raw new tokens generated: 100
[15:53:26] 🚀 Throughput: 74.99 tokens/s
[15:53:27] run 5/30…
[15:53:28] ⏱ Runtime: 1.339 s
[15:53:28] 📝 Raw new tokens generated: 100
[15:53:28] 🚀 Throughput: 74.70 tokens/s
[15:53:29] run 6/30…
[15:53:31] ⏱ Runtime: 1.342 s
[15:53:31] 📝 Raw new tokens generated: 100
[15:53:31] 🚀 Throughput: 74.51 tokens/s
[15:53:32] run 7/30…
[15:53:33] ⏱ Runtime: 1.337 s
[15:53:33] 📝 Raw new tokens generated: 100
[15:53:33] 🚀 Throughput: 74.80 tokens/s
[15:53:34] run 8/30…
[15:53:35] ⏱ Runtime: 1.340 s
[15:53:35] 📝 Raw new tokens generated: 100
[15:53:35] 🚀 Throughput: 74.61 tokens/s
[15:53:36] run 9/30…
[15:53:37] ⏱ Runtime: 1.342 s
[15:53:37] 📝 Raw new tokens generated: 100
[15:53:37] 🚀 Throughput: 74.51 tokens/s
[15:53:38] run 10/30…
[15:53:39] ⏱ Runtime: 1.348 s
[15:53:39] 📝 Raw new tokens generated: 100
[15:53:39] 🚀 Throughput: 74.16 tokens/s
[15:53:40] run 11/30…
[15:53:42] ⏱ Runtime: 1.337 s
[15:53:42] 📝 Raw new tokens generated: 100
[15:53:42] 🚀 Throughput: 74.78 tokens/s
[15:53:43] run 12/30…
[15:53:44] ⏱ Runtime: 1.342 s
[15:53:44] 📝 Raw new tokens generated: 100
[15:53:44] 🚀 Throughput: 74.52 tokens/s
[15:53:45] run 13/30…
[15:53:46] ⏱ Runtime: 1.339 s
[15:53:46] 📝 Raw new tokens generated: 100
[15:53:46] 🚀 Throughput: 74.69 tokens/s
[15:53:47] run 14/30…
[15:53:48] ⏱ Runtime: 1.341 s
[15:53:48] 📝 Raw new tokens generated: 100
[15:53:48] 🚀 Throughput: 74.55 tokens/s
[15:53:49] run 15/30…
[15:53:50] ⏱ Runtime: 1.341 s
[15:53:50] 📝 Raw new tokens generated: 100
[15:53:50] 🚀 Throughput: 74.59 tokens/s
[15:53:51] run 16/30…
[15:53:53] ⏱ Runtime: 1.340 s
[15:53:53] 📝 Raw new tokens generated: 100
[15:53:53] 🚀 Throughput: 74.64 tokens/s
[15:53:54] run 17/30…
[15:53:55] ⏱ Runtime: 1.342 s
[15:53:55] 📝 Raw new tokens generated: 100
[15:53:55] 🚀 Throughput: 74.54 tokens/s
[15:53:56] run 18/30…
[15:53:57] ⏱ Runtime: 1.340 s
[15:53:57] 📝 Raw new tokens generated: 100
[15:53:57] 🚀 Throughput: 74.64 tokens/s
[15:53:58] run 19/30…
[15:53:59] ⏱ Runtime: 1.345 s
[15:53:59] 📝 Raw new tokens generated: 100
[15:53:59] 🚀 Throughput: 74.38 tokens/s
[15:54:00] run 20/30…
[15:54:01] ⏱ Runtime: 1.341 s
[15:54:01] 📝 Raw new tokens generated: 100
[15:54:01] 🚀 Throughput: 74.55 tokens/s
[15:54:02] run 21/30…
[15:54:04] ⏱ Runtime: 1.347 s
[15:54:04] 📝 Raw new tokens generated: 100
[15:54:04] 🚀 Throughput: 74.24 tokens/s
[15:54:05] run 22/30…
[15:54:06] ⏱ Runtime: 1.340 s
[15:54:06] 📝 Raw new tokens generated: 100
[15:54:06] 🚀 Throughput: 74.65 tokens/s
[15:54:07] run 23/30…
[15:54:08] ⏱ Runtime: 1.346 s
[15:54:08] 📝 Raw new tokens generated: 100
[15:54:08] 🚀 Throughput: 74.31 tokens/s
[15:54:09] run 24/30…
[15:54:10] ⏱ Runtime: 1.366 s
[15:54:10] 📝 Raw new tokens generated: 100
[15:54:10] 🚀 Throughput: 73.20 tokens/s
[15:54:11] run 25/30…
[15:54:13] ⏱ Runtime: 1.363 s
[15:54:13] 📝 Raw new tokens generated: 100
[15:54:13] 🚀 Throughput: 73.35 tokens/s
[15:54:14] run 26/30…
[15:54:15] ⏱ Runtime: 1.365 s
[15:54:15] 📝 Raw new tokens generated: 100
[15:54:15] 🚀 Throughput: 73.25 tokens/s
[15:54:16] run 27/30…
[15:54:17] ⏱ Runtime: 1.362 s
[15:54:17] 📝 Raw new tokens generated: 100
[15:54:17] 🚀 Throughput: 73.43 tokens/s
[15:54:18] run 28/30…
[15:54:19] ⏱ Runtime: 1.358 s
[15:54:19] 📝 Raw new tokens generated: 100
[15:54:19] 🚀 Throughput: 73.62 tokens/s
[15:54:20] run 29/30…
[15:54:22] ⏱ Runtime: 1.353 s
[15:54:22] 📝 Raw new tokens generated: 100
[15:54:22] 🚀 Throughput: 73.89 tokens/s
[15:54:22] run 30/30…
[15:54:24] ⏱ Runtime: 1.370 s
[15:54:24] 📝 Raw new tokens generated: 100
[15:54:24] 🚀 Throughput: 72.98 tokens/s

===== Benchmark summary =====
Timed runs:       30
Avg throughput:   74.20 tokens/s
P50 throughput:   74.53 tokens/s
P95 throughput:   74.80 tokens/s
Std dev (tps):    0.76
Avg runtime:      1.348 s
Avg new tokens:   100.0
/home/savini98/repos/fx-graph-research/transformers-modified/src/transformers/models/whisper/modeling_whisper.py
[15:54:25] done
