Conda environment: original_env
[15:51:14] start
[15:51:14] loading processor…
[15:51:15] loading model
[GPU] NVIDIA GeForce RTX 3090, 23.5 GB VRAM
[GPU] Baseline memory (model loaded): 0.45 GB
Passing a tuple of `past_key_values` is deprecated and will be removed in Transformers v4.43.0. You should pass an instance of `EncoderDecoderCache` instead, e.g. `past_key_values=EncoderDecoderCache.from_legacy_cache(past_key_values)`.
[GPU] Probe batch_size=8: peak=0.91 GB, per_sample=59.3 MB
[GPU] Available for batches: 16.03 GB (target 70% utilization)
[GPU] Estimated batch size: 27
[GPU] Verified: batch_size=27 fits (peak 1.99 GB) ✅
[15:51:16] using batch_size=27
[15:51:16] eager forward sanity check…
[15:51:17] eager ok
[15:51:17] checking Dynamo graph breaks…

===== Graph Break Report =====
Graph break count: 3
Number of graphs:  4
Break reasons:
  1. GraphCompileReason(reason='Logger not supported for non-export cases. To avoid graph breaks caused by logger in compile-mode, it is recommended to disable logging by adding logging methods to config.ignore_logger_methods', user_stack=[<FrameSummary file /home/savini98/miniconda3/envs/original_env/lib/python3.12/site-packages/transformers/models/whisper/modeling_whisper.py, line 1529 in forward>, <FrameSummary file /home/savini98/miniconda3/envs/original_env/lib/python3.12/site-packages/transformers/models/whisper/modeling_whisper.py, line 1104 in forward>], graph_break=True)
  2. GraphCompileReason(reason='Logger not supported for non-export cases. To avoid graph breaks caused by logger in compile-mode, it is recommended to disable logging by adding logging methods to config.ignore_logger_methods', user_stack=[<FrameSummary file /home/savini98/miniconda3/envs/original_env/lib/python3.12/site-packages/transformers/models/whisper/modeling_whisper.py, line 1104 in forward>], graph_break=True)
===================================
[15:51:20] compiling with torch.compile (inductor, reduce-overhead)…
[15:51:21] warmup x1…
[15:51:40] profiling one step…
[15:51:43] chrome trace saved: /home/savini98/repos/fx-graph-research/models/whisper-small/traces/whisper-small_trace_original_20260330_155140.json
[15:51:43] ✅ CUDA Graph activity detected:
  - cudaGraphDestroy
  - cudaGraphGetNodes
  - cudaGraphInstantiateWithFlags
  - cudaGraphLaunch
[15:51:43] benchmarking 30 timed runs…
[15:51:43] run 1/30…
Due to a bug fix in https://github.com/huggingface/transformers/pull/28687 transcription using a multilingual Whisper will default to language detection followed by transcription instead of translation to English.This might be a breaking change for your use case. If you want to instead always translate your audio to English, make sure to pass `language='en'`.
The attention mask is not set and cannot be inferred from input because pad token is same as eos token. As a consequence, you may observe unexpected behavior. Please pass your input's `attention_mask` to obtain reliable results.
[15:51:44] ⏱ Runtime: 1.363 s
[15:51:44] 📝 Raw new tokens generated: 100
[15:51:44] 🚀 Throughput: 73.38 tokens/s
[15:51:45] run 2/30…
[15:51:46] ⏱ Runtime: 1.308 s
[15:51:46] 📝 Raw new tokens generated: 100
[15:51:46] 🚀 Throughput: 76.45 tokens/s
[15:51:47] run 3/30…
[15:51:49] ⏱ Runtime: 1.305 s
[15:51:49] 📝 Raw new tokens generated: 100
[15:51:49] 🚀 Throughput: 76.65 tokens/s
[15:51:49] run 4/30…
[15:51:51] ⏱ Runtime: 1.302 s
[15:51:51] 📝 Raw new tokens generated: 100
[15:51:51] 🚀 Throughput: 76.79 tokens/s
[15:51:52] run 5/30…
[15:51:53] ⏱ Runtime: 1.310 s
[15:51:53] 📝 Raw new tokens generated: 100
[15:51:53] 🚀 Throughput: 76.32 tokens/s
[15:51:54] run 6/30…
[15:51:55] ⏱ Runtime: 1.310 s
[15:51:55] 📝 Raw new tokens generated: 100
[15:51:55] 🚀 Throughput: 76.33 tokens/s
[15:51:56] run 7/30…
[15:51:57] ⏱ Runtime: 1.311 s
[15:51:57] 📝 Raw new tokens generated: 100
[15:51:57] 🚀 Throughput: 76.31 tokens/s
[15:51:58] run 8/30…
[15:51:59] ⏱ Runtime: 1.305 s
[15:51:59] 📝 Raw new tokens generated: 100
[15:51:59] 🚀 Throughput: 76.66 tokens/s
[15:52:00] run 9/30…
[15:52:01] ⏱ Runtime: 1.302 s
[15:52:01] 📝 Raw new tokens generated: 100
[15:52:01] 🚀 Throughput: 76.82 tokens/s
[15:52:02] run 10/30…
[15:52:04] ⏱ Runtime: 1.304 s
[15:52:04] 📝 Raw new tokens generated: 100
[15:52:04] 🚀 Throughput: 76.66 tokens/s
[15:52:04] run 11/30…
[15:52:06] ⏱ Runtime: 1.339 s
[15:52:06] 📝 Raw new tokens generated: 100
[15:52:06] 🚀 Throughput: 74.71 tokens/s
[15:52:07] run 12/30…
[15:52:08] ⏱ Runtime: 1.340 s
[15:52:08] 📝 Raw new tokens generated: 100
[15:52:08] 🚀 Throughput: 74.61 tokens/s
[15:52:09] run 13/30…
[15:52:10] ⏱ Runtime: 1.337 s
[15:52:10] 📝 Raw new tokens generated: 100
[15:52:10] 🚀 Throughput: 74.78 tokens/s
[15:52:11] run 14/30…
[15:52:12] ⏱ Runtime: 1.340 s
[15:52:12] 📝 Raw new tokens generated: 100
[15:52:12] 🚀 Throughput: 74.62 tokens/s
[15:52:13] run 15/30…
[15:52:15] ⏱ Runtime: 1.337 s
[15:52:15] 📝 Raw new tokens generated: 100
[15:52:15] 🚀 Throughput: 74.80 tokens/s
[15:52:15] run 16/30…
[15:52:17] ⏱ Runtime: 1.338 s
[15:52:17] 📝 Raw new tokens generated: 100
[15:52:17] 🚀 Throughput: 74.76 tokens/s
[15:52:18] run 17/30…
[15:52:19] ⏱ Runtime: 1.341 s
[15:52:19] 📝 Raw new tokens generated: 100
[15:52:19] 🚀 Throughput: 74.60 tokens/s
[15:52:20] run 18/30…
[15:52:21] ⏱ Runtime: 1.338 s
[15:52:21] 📝 Raw new tokens generated: 100
[15:52:21] 🚀 Throughput: 74.75 tokens/s
[15:52:22] run 19/30…
[15:52:23] ⏱ Runtime: 1.336 s
[15:52:23] 📝 Raw new tokens generated: 100
[15:52:23] 🚀 Throughput: 74.87 tokens/s
[15:52:24] run 20/30…
[15:52:26] ⏱ Runtime: 1.338 s
[15:52:26] 📝 Raw new tokens generated: 100
[15:52:26] 🚀 Throughput: 74.71 tokens/s
[15:52:26] run 21/30…
[15:52:28] ⏱ Runtime: 1.344 s
[15:52:28] 📝 Raw new tokens generated: 100
[15:52:28] 🚀 Throughput: 74.39 tokens/s
[15:52:29] run 22/30…
[15:52:30] ⏱ Runtime: 1.304 s
[15:52:30] 📝 Raw new tokens generated: 100
[15:52:30] 🚀 Throughput: 76.72 tokens/s
[15:52:31] run 23/30…
[15:52:32] ⏱ Runtime: 1.305 s
[15:52:32] 📝 Raw new tokens generated: 100
[15:52:32] 🚀 Throughput: 76.63 tokens/s
[15:52:33] run 24/30…
[15:52:34] ⏱ Runtime: 1.300 s
[15:52:34] 📝 Raw new tokens generated: 100
[15:52:34] 🚀 Throughput: 76.93 tokens/s
[15:52:35] run 25/30…
[15:52:36] ⏱ Runtime: 1.300 s
[15:52:36] 📝 Raw new tokens generated: 100
[15:52:36] 🚀 Throughput: 76.92 tokens/s
[15:52:37] run 26/30…
[15:52:38] ⏱ Runtime: 1.302 s
[15:52:38] 📝 Raw new tokens generated: 100
[15:52:38] 🚀 Throughput: 76.83 tokens/s
[15:52:39] run 27/30…
[15:52:41] ⏱ Runtime: 1.303 s
[15:52:41] 📝 Raw new tokens generated: 100
[15:52:41] 🚀 Throughput: 76.77 tokens/s
[15:52:41] run 28/30…
[15:52:43] ⏱ Runtime: 1.302 s
[15:52:43] 📝 Raw new tokens generated: 100
[15:52:43] 🚀 Throughput: 76.78 tokens/s
[15:52:44] run 29/30…
[15:52:45] ⏱ Runtime: 1.306 s
[15:52:45] 📝 Raw new tokens generated: 100
[15:52:45] 🚀 Throughput: 76.57 tokens/s
[15:52:46] run 30/30…
[15:52:47] ⏱ Runtime: 1.301 s
[15:52:47] 📝 Raw new tokens generated: 100
[15:52:47] 🚀 Throughput: 76.84 tokens/s

===== Benchmark summary =====
Timed runs:       30
Avg throughput:   75.83 tokens/s
P50 throughput:   76.39 tokens/s
P95 throughput:   76.84 tokens/s
Std dev (tps):    1.06
Avg runtime:      1.319 s
Avg new tokens:   100.0
/home/savini98/miniconda3/envs/original_env/lib/python3.12/site-packages/transformers/models/whisper/modeling_whisper.py
[15:52:48] done
