Conda environment: fixed_env
[15:30:47] start
[15:30:47] loading tokenizer…
[15:30:47] loading model
[GPU] NVIDIA GeForce RTX 3090, 23.5 GB VRAM
[GPU] Baseline memory (model loaded): 0.76 GB
Asking to truncate to max_length but no maximum length is provided and the model has no predefined maximum length. Default to no truncation.
[GPU] Probe batch_size=8: peak=0.78 GB, per_sample=3.4 MB
[GPU] Available for batches: 15.72 GB (target 70% utilization)
[GPU] Estimated batch size: 479
[GPU] Verified: batch_size=479 fits (peak 1.86 GB) ✅
[15:30:49] using batch_size=479
[15:30:49] eager forward sanity check…
[15:30:49] eager ok
[15:30:49] checking Dynamo graph breaks…

===== Graph Break Report =====
Graph break count: 0
Number of graphs:  1
No graph breaks detected.
===================================
[15:30:52] compiling with torch.compile (inductor, reduce-overhead)…
[15:30:53] warmup x1…
[15:31:09] profiling one step…
[15:31:11] chrome trace saved: /home/savini98/repos/fx-graph-research/models/bart-large-cnn/traces/bart-large-cnn_trace_fixed_20260330_153109.json
[15:31:11] ✅ CUDA Graph activity detected:
  - cudaGraphDestroy
  - cudaGraphGetNodes
  - cudaGraphInstantiateWithFlags
  - cudaGraphLaunch
[15:31:11] benchmarking 30 timed runs…
[15:31:11] run 1/30…
[15:31:29] ⏱ Runtime: 18.458 s
[15:31:29] 📝 Raw new tokens generated: 59
[15:31:29] 🚀 Throughput: 3.20 tokens/s
[15:31:29] run 2/30…
[15:31:48] ⏱ Runtime: 18.444 s
[15:31:48] 📝 Raw new tokens generated: 59
[15:31:48] 🚀 Throughput: 3.20 tokens/s
[15:31:48] run 3/30…
[15:32:06] ⏱ Runtime: 18.473 s
[15:32:06] 📝 Raw new tokens generated: 59
[15:32:06] 🚀 Throughput: 3.19 tokens/s
[15:32:06] run 4/30…
[15:32:25] ⏱ Runtime: 18.597 s
[15:32:25] 📝 Raw new tokens generated: 59
[15:32:25] 🚀 Throughput: 3.17 tokens/s
[15:32:25] run 5/30…
[15:32:44] ⏱ Runtime: 18.755 s
[15:32:44] 📝 Raw new tokens generated: 59
[15:32:44] 🚀 Throughput: 3.15 tokens/s
[15:32:44] run 6/30…
[15:33:02] ⏱ Runtime: 18.730 s
[15:33:02] 📝 Raw new tokens generated: 59
[15:33:02] 🚀 Throughput: 3.15 tokens/s
[15:33:02] run 7/30…
[15:33:21] ⏱ Runtime: 18.728 s
[15:33:21] 📝 Raw new tokens generated: 59
[15:33:21] 🚀 Throughput: 3.15 tokens/s
[15:33:21] run 8/30…
[15:33:40] ⏱ Runtime: 18.483 s
[15:33:40] 📝 Raw new tokens generated: 59
[15:33:40] 🚀 Throughput: 3.19 tokens/s
[15:33:40] run 9/30…
[15:33:58] ⏱ Runtime: 18.492 s
[15:33:58] 📝 Raw new tokens generated: 59
[15:33:58] 🚀 Throughput: 3.19 tokens/s
[15:33:58] run 10/30…
[15:34:17] ⏱ Runtime: 18.476 s
[15:34:17] 📝 Raw new tokens generated: 59
[15:34:17] 🚀 Throughput: 3.19 tokens/s
[15:34:17] run 11/30…
[15:34:35] ⏱ Runtime: 18.480 s
[15:34:35] 📝 Raw new tokens generated: 59
[15:34:35] 🚀 Throughput: 3.19 tokens/s
[15:34:35] run 12/30…
[15:34:53] ⏱ Runtime: 18.501 s
[15:34:53] 📝 Raw new tokens generated: 59
[15:34:53] 🚀 Throughput: 3.19 tokens/s
[15:34:53] run 13/30…
[15:35:12] ⏱ Runtime: 18.484 s
[15:35:12] 📝 Raw new tokens generated: 59
[15:35:12] 🚀 Throughput: 3.19 tokens/s
[15:35:12] run 14/30…
[15:35:31] ⏱ Runtime: 19.043 s
[15:35:31] 📝 Raw new tokens generated: 59
[15:35:31] 🚀 Throughput: 3.10 tokens/s
[15:35:31] run 15/30…
[15:35:50] ⏱ Runtime: 19.013 s
[15:35:50] 📝 Raw new tokens generated: 59
[15:35:50] 🚀 Throughput: 3.10 tokens/s
[15:35:50] run 16/30…
[15:36:09] ⏱ Runtime: 19.011 s
[15:36:09] 📝 Raw new tokens generated: 59
[15:36:09] 🚀 Throughput: 3.10 tokens/s
[15:36:09] run 17/30…
[15:36:28] ⏱ Runtime: 19.003 s
[15:36:28] 📝 Raw new tokens generated: 59
[15:36:28] 🚀 Throughput: 3.10 tokens/s
[15:36:28] run 18/30…
[15:36:47] ⏱ Runtime: 19.018 s
[15:36:47] 📝 Raw new tokens generated: 59
[15:36:47] 🚀 Throughput: 3.10 tokens/s
[15:36:47] run 19/30…
[15:37:06] ⏱ Runtime: 19.026 s
[15:37:06] 📝 Raw new tokens generated: 59
[15:37:06] 🚀 Throughput: 3.10 tokens/s
[15:37:06] run 20/30…
[15:37:25] ⏱ Runtime: 19.021 s
[15:37:25] 📝 Raw new tokens generated: 59
[15:37:25] 🚀 Throughput: 3.10 tokens/s
[15:37:25] run 21/30…
[15:37:44] ⏱ Runtime: 19.032 s
[15:37:44] 📝 Raw new tokens generated: 59
[15:37:44] 🚀 Throughput: 3.10 tokens/s
[15:37:44] run 22/30…
[15:38:03] ⏱ Runtime: 18.874 s
[15:38:03] 📝 Raw new tokens generated: 59
[15:38:03] 🚀 Throughput: 3.13 tokens/s
[15:38:03] run 23/30…
[15:38:22] ⏱ Runtime: 18.481 s
[15:38:22] 📝 Raw new tokens generated: 59
[15:38:22] 🚀 Throughput: 3.19 tokens/s
[15:38:22] run 24/30…
[15:38:40] ⏱ Runtime: 18.468 s
[15:38:40] 📝 Raw new tokens generated: 59
[15:38:40] 🚀 Throughput: 3.19 tokens/s
[15:38:40] run 25/30…
[15:38:58] ⏱ Runtime: 18.454 s
[15:38:58] 📝 Raw new tokens generated: 59
[15:38:58] 🚀 Throughput: 3.20 tokens/s
[15:38:58] run 26/30…
[15:39:17] ⏱ Runtime: 18.493 s
[15:39:17] 📝 Raw new tokens generated: 59
[15:39:17] 🚀 Throughput: 3.19 tokens/s
[15:39:17] run 27/30…
[15:39:35] ⏱ Runtime: 18.461 s
[15:39:35] 📝 Raw new tokens generated: 59
[15:39:35] 🚀 Throughput: 3.20 tokens/s
[15:39:35] run 28/30…
[15:39:54] ⏱ Runtime: 18.461 s
[15:39:54] 📝 Raw new tokens generated: 59
[15:39:54] 🚀 Throughput: 3.20 tokens/s
[15:39:54] run 29/30…
[15:40:12] ⏱ Runtime: 18.460 s
[15:40:12] 📝 Raw new tokens generated: 59
[15:40:12] 🚀 Throughput: 3.20 tokens/s
[15:40:12] run 30/30…
[15:40:31] ⏱ Runtime: 18.489 s
[15:40:31] 📝 Raw new tokens generated: 59
[15:40:31] 🚀 Throughput: 3.19 tokens/s

===== Benchmark summary =====
Timed runs:       30
Avg throughput:   3.16 tokens/s
P50 throughput:   3.19 tokens/s
P95 throughput:   3.20 tokens/s
Std dev (tps):    0.04
Avg runtime:      18.664 s
Avg new tokens:   59.0
/home/savini98/miniconda3/envs/fixed_env/lib/python3.12/site-packages/torch/_dynamo/eval_frame.py
[15:40:31] done
