Conda environment: original_env
[15:21:05] start
[15:21:05] loading tokenizer…
[15:21:05] loading model
[GPU] NVIDIA GeForce RTX 3090, 23.5 GB VRAM
[GPU] Baseline memory (model loaded): 0.76 GB
Asking to truncate to max_length but no maximum length is provided and the model has no predefined maximum length. Default to no truncation.
Passing a tuple of `past_key_values` is deprecated and will be removed in Transformers v4.58.0. You should pass an instance of `EncoderDecoderCache` instead, e.g. `past_key_values=EncoderDecoderCache.from_legacy_cache(past_key_values)`.
[GPU] Probe batch_size=8: peak=0.78 GB, per_sample=3.4 MB
[GPU] Available for batches: 15.72 GB (target 70% utilization)
[GPU] Estimated batch size: 479
[GPU] Verified: batch_size=479 fits (peak 1.86 GB) ✅
[15:21:07] using batch_size=479
[15:21:07] eager forward sanity check…
[15:21:07] eager ok
[15:21:07] checking Dynamo graph breaks…

===== Graph Break Report =====
Graph break count: 7
Number of graphs:  8
Break reasons:
  1. GraphCompileReason(reason='generic_jump TensorVariable()', user_stack=[<FrameSummary file /home/savini98/miniconda3/envs/original_env/lib/python3.12/site-packages/transformers/models/bart/modeling_bart.py, line 568 in forward>], graph_break=True)
  2. GraphCompileReason(reason='generic_jump TensorVariable()', user_stack=[<FrameSummary file /home/savini98/miniconda3/envs/original_env/lib/python3.12/site-packages/transformers/models/bart/modeling_bart.py, line 568 in torch_dynamo_resume_in_forward_at_568>], graph_break=True)
  3. GraphCompileReason(reason='Logger not supported for non-export cases. To avoid graph breaks caused by logger in compile-mode, it is recommended to disable logging by adding logging methods to config.ignore_logger_methods', user_stack=[<FrameSummary file /home/savini98/miniconda3/envs/original_env/lib/python3.12/site-packages/transformers/models/bart/modeling_bart.py, line 1246 in forward>], graph_break=True)
===================================
[15:21:09] compiling with torch.compile (inductor, reduce-overhead)…
[15:21:10] warmup x1…
[15:21:29] profiling one step…
[15:21:36] chrome trace saved: /home/savini98/repos/fx-graph-research/models/bart-large-cnn/traces/bart-large-cnn_trace_original_20260330_152129.json
[15:21:36] ✅ CUDA Graph activity detected:
  - cudaGraphDestroy
  - cudaGraphGetNodes
  - cudaGraphInstantiateWithFlags
  - cudaGraphLaunch
[15:21:36] benchmarking 30 timed runs…
[15:21:36] run 1/30…
[15:21:54] ⏱ Runtime: 18.223 s
[15:21:54] 📝 Raw new tokens generated: 59
[15:21:54] 🚀 Throughput: 3.24 tokens/s
[15:21:54] run 2/30…
[15:22:12] ⏱ Runtime: 18.198 s
[15:22:12] 📝 Raw new tokens generated: 59
[15:22:12] 🚀 Throughput: 3.24 tokens/s
[15:22:12] run 3/30…
[15:22:31] ⏱ Runtime: 18.197 s
[15:22:31] 📝 Raw new tokens generated: 59
[15:22:31] 🚀 Throughput: 3.24 tokens/s
[15:22:31] run 4/30…
[15:22:49] ⏱ Runtime: 18.221 s
[15:22:49] 📝 Raw new tokens generated: 59
[15:22:49] 🚀 Throughput: 3.24 tokens/s
[15:22:49] run 5/30…
[15:23:07] ⏱ Runtime: 18.225 s
[15:23:07] 📝 Raw new tokens generated: 59
[15:23:07] 🚀 Throughput: 3.24 tokens/s
[15:23:07] run 6/30…
[15:23:25] ⏱ Runtime: 18.224 s
[15:23:25] 📝 Raw new tokens generated: 59
[15:23:25] 🚀 Throughput: 3.24 tokens/s
[15:23:25] run 7/30…
[15:23:43] ⏱ Runtime: 18.247 s
[15:23:43] 📝 Raw new tokens generated: 59
[15:23:43] 🚀 Throughput: 3.23 tokens/s
[15:23:43] run 8/30…
[15:24:02] ⏱ Runtime: 18.253 s
[15:24:02] 📝 Raw new tokens generated: 59
[15:24:02] 🚀 Throughput: 3.23 tokens/s
[15:24:02] run 9/30…
[15:24:20] ⏱ Runtime: 18.228 s
[15:24:20] 📝 Raw new tokens generated: 59
[15:24:20] 🚀 Throughput: 3.24 tokens/s
[15:24:20] run 10/30…
[15:24:38] ⏱ Runtime: 18.179 s
[15:24:38] 📝 Raw new tokens generated: 59
[15:24:38] 🚀 Throughput: 3.25 tokens/s
[15:24:38] run 11/30…
[15:24:56] ⏱ Runtime: 18.223 s
[15:24:56] 📝 Raw new tokens generated: 59
[15:24:56] 🚀 Throughput: 3.24 tokens/s
[15:24:56] run 12/30…
[15:25:15] ⏱ Runtime: 18.184 s
[15:25:15] 📝 Raw new tokens generated: 59
[15:25:15] 🚀 Throughput: 3.24 tokens/s
[15:25:15] run 13/30…
[15:25:33] ⏱ Runtime: 18.213 s
[15:25:33] 📝 Raw new tokens generated: 59
[15:25:33] 🚀 Throughput: 3.24 tokens/s
[15:25:33] run 14/30…
[15:25:51] ⏱ Runtime: 18.185 s
[15:25:51] 📝 Raw new tokens generated: 59
[15:25:51] 🚀 Throughput: 3.24 tokens/s
[15:25:51] run 15/30…
[15:26:09] ⏱ Runtime: 18.234 s
[15:26:09] 📝 Raw new tokens generated: 59
[15:26:09] 🚀 Throughput: 3.24 tokens/s
[15:26:09] run 16/30…
[15:26:27] ⏱ Runtime: 18.174 s
[15:26:27] 📝 Raw new tokens generated: 59
[15:26:27] 🚀 Throughput: 3.25 tokens/s
[15:26:27] run 17/30…
[15:26:46] ⏱ Runtime: 18.236 s
[15:26:46] 📝 Raw new tokens generated: 59
[15:26:46] 🚀 Throughput: 3.24 tokens/s
[15:26:46] run 18/30…
[15:27:04] ⏱ Runtime: 18.184 s
[15:27:04] 📝 Raw new tokens generated: 59
[15:27:04] 🚀 Throughput: 3.24 tokens/s
[15:27:04] run 19/30…
[15:27:22] ⏱ Runtime: 18.291 s
[15:27:22] 📝 Raw new tokens generated: 59
[15:27:22] 🚀 Throughput: 3.23 tokens/s
[15:27:22] run 20/30…
[15:27:40] ⏱ Runtime: 18.240 s
[15:27:40] 📝 Raw new tokens generated: 59
[15:27:40] 🚀 Throughput: 3.23 tokens/s
[15:27:40] run 21/30…
[15:27:59] ⏱ Runtime: 18.303 s
[15:27:59] 📝 Raw new tokens generated: 59
[15:27:59] 🚀 Throughput: 3.22 tokens/s
[15:27:59] run 22/30…
[15:28:17] ⏱ Runtime: 18.256 s
[15:28:17] 📝 Raw new tokens generated: 59
[15:28:17] 🚀 Throughput: 3.23 tokens/s
[15:28:17] run 23/30…
[15:28:35] ⏱ Runtime: 18.278 s
[15:28:35] 📝 Raw new tokens generated: 59
[15:28:35] 🚀 Throughput: 3.23 tokens/s
[15:28:35] run 24/30…
[15:28:53] ⏱ Runtime: 18.245 s
[15:28:53] 📝 Raw new tokens generated: 59
[15:28:53] 🚀 Throughput: 3.23 tokens/s
[15:28:53] run 25/30…
[15:29:12] ⏱ Runtime: 18.303 s
[15:29:12] 📝 Raw new tokens generated: 59
[15:29:12] 🚀 Throughput: 3.22 tokens/s
[15:29:12] run 26/30…
[15:29:30] ⏱ Runtime: 18.255 s
[15:29:30] 📝 Raw new tokens generated: 59
[15:29:30] 🚀 Throughput: 3.23 tokens/s
[15:29:30] run 27/30…
[15:29:48] ⏱ Runtime: 18.285 s
[15:29:48] 📝 Raw new tokens generated: 59
[15:29:48] 🚀 Throughput: 3.23 tokens/s
[15:29:48] run 28/30…
[15:30:06] ⏱ Runtime: 18.238 s
[15:30:06] 📝 Raw new tokens generated: 59
[15:30:06] 🚀 Throughput: 3.23 tokens/s
[15:30:06] run 29/30…
[15:30:25] ⏱ Runtime: 18.277 s
[15:30:25] 📝 Raw new tokens generated: 59
[15:30:25] 🚀 Throughput: 3.23 tokens/s
[15:30:25] run 30/30…
[15:30:43] ⏱ Runtime: 18.150 s
[15:30:43] 📝 Raw new tokens generated: 59
[15:30:43] 🚀 Throughput: 3.25 tokens/s

===== Benchmark summary =====
Timed runs:       30
Avg throughput:   3.24 tokens/s
P50 throughput:   3.24 tokens/s
P95 throughput:   3.25 tokens/s
Std dev (tps):    0.01
Avg runtime:      18.232 s
Avg new tokens:   59.0
/home/savini98/miniconda3/envs/original_env/lib/python3.12/site-packages/torch/_dynamo/eval_frame.py
[15:30:43] done
