Conda environment: fixed_env
[16:23:31] start
[16:23:31] loading tokenizer…
[16:23:31] loading model
[GPU] NVIDIA GeForce RTX 3090, 23.5 GB VRAM
[GPU] Baseline memory (model loaded): 0.76 GB
[GPU] Probe batch_size=8: peak=0.78 GB, per_sample=3.0 MB
[GPU] Available for batches: 15.72 GB (target 70% utilization)
[GPU] Estimated batch size: 180
[GPU] Verified: batch_size=180 fits (peak 1.11 GB) ✅
[16:23:33] using batch_size=180
[16:23:33] eager forward sanity check…
[16:23:33] eager ok
[16:23:33] checking Dynamo graph breaks…

===== Graph Break Report =====
Graph break count: 0
Number of graphs:  1
No graph breaks detected.
===================================
[16:23:36] compiling with torch.compile (inductor, reduce-overhead)…
[16:23:37] warmup x1…
[16:23:54] profiling one step…
[16:23:54] chrome trace saved: /home/savini98/repos/fx-graph-research/models/rebel-large/traces/rebel-large_trace_fixed_20260330_162354.json
[16:23:54] ✅ CUDA Graph activity detected:
  - cudaGraphDestroy
  - cudaGraphGetNodes
  - cudaGraphInstantiateWithFlags
  - cudaGraphLaunch
[16:23:54] benchmarking 30 timed runs…
[16:23:54] run 1/30…
[16:24:00] ⏱ Runtime: 5.544 s
[16:24:00] 📝 Raw new tokens generated: 91
[16:24:00] 🚀 Throughput: 16.41 tokens/s
[16:24:00] run 2/30…
[16:24:05] ⏱ Runtime: 5.514 s
[16:24:05] 📝 Raw new tokens generated: 91
[16:24:05] 🚀 Throughput: 16.50 tokens/s
[16:24:05] run 3/30…
[16:24:11] ⏱ Runtime: 5.542 s
[16:24:11] 📝 Raw new tokens generated: 91
[16:24:11] 🚀 Throughput: 16.42 tokens/s
[16:24:11] run 4/30…
[16:24:16] ⏱ Runtime: 5.567 s
[16:24:16] 📝 Raw new tokens generated: 91
[16:24:16] 🚀 Throughput: 16.35 tokens/s
[16:24:16] run 5/30…
[16:24:22] ⏱ Runtime: 5.586 s
[16:24:22] 📝 Raw new tokens generated: 91
[16:24:22] 🚀 Throughput: 16.29 tokens/s
[16:24:22] run 6/30…
[16:24:28] ⏱ Runtime: 5.614 s
[16:24:28] 📝 Raw new tokens generated: 91
[16:24:28] 🚀 Throughput: 16.21 tokens/s
[16:24:28] run 7/30…
[16:24:33] ⏱ Runtime: 5.627 s
[16:24:33] 📝 Raw new tokens generated: 91
[16:24:33] 🚀 Throughput: 16.17 tokens/s
[16:24:33] run 8/30…
[16:24:39] ⏱ Runtime: 5.631 s
[16:24:39] 📝 Raw new tokens generated: 91
[16:24:39] 🚀 Throughput: 16.16 tokens/s
[16:24:39] run 9/30…
[16:24:45] ⏱ Runtime: 5.631 s
[16:24:45] 📝 Raw new tokens generated: 91
[16:24:45] 🚀 Throughput: 16.16 tokens/s
[16:24:45] run 10/30…
[16:24:50] ⏱ Runtime: 5.632 s
[16:24:50] 📝 Raw new tokens generated: 91
[16:24:50] 🚀 Throughput: 16.16 tokens/s
[16:24:50] run 11/30…
[16:24:56] ⏱ Runtime: 5.636 s
[16:24:56] 📝 Raw new tokens generated: 91
[16:24:56] 🚀 Throughput: 16.15 tokens/s
[16:24:56] run 12/30…
[16:25:01] ⏱ Runtime: 5.636 s
[16:25:01] 📝 Raw new tokens generated: 91
[16:25:01] 🚀 Throughput: 16.15 tokens/s
[16:25:01] run 13/30…
[16:25:07] ⏱ Runtime: 5.639 s
[16:25:07] 📝 Raw new tokens generated: 91
[16:25:07] 🚀 Throughput: 16.14 tokens/s
[16:25:07] run 14/30…
[16:25:13] ⏱ Runtime: 5.637 s
[16:25:13] 📝 Raw new tokens generated: 91
[16:25:13] 🚀 Throughput: 16.14 tokens/s
[16:25:13] run 15/30…
[16:25:18] ⏱ Runtime: 5.635 s
[16:25:18] 📝 Raw new tokens generated: 91
[16:25:18] 🚀 Throughput: 16.15 tokens/s
[16:25:18] run 16/30…
[16:25:24] ⏱ Runtime: 5.636 s
[16:25:24] 📝 Raw new tokens generated: 91
[16:25:24] 🚀 Throughput: 16.15 tokens/s
[16:25:24] run 17/30…
[16:25:30] ⏱ Runtime: 5.635 s
[16:25:30] 📝 Raw new tokens generated: 91
[16:25:30] 🚀 Throughput: 16.15 tokens/s
[16:25:30] run 18/30…
[16:25:35] ⏱ Runtime: 5.634 s
[16:25:35] 📝 Raw new tokens generated: 91
[16:25:35] 🚀 Throughput: 16.15 tokens/s
[16:25:35] run 19/30…
[16:25:41] ⏱ Runtime: 5.635 s
[16:25:41] 📝 Raw new tokens generated: 91
[16:25:41] 🚀 Throughput: 16.15 tokens/s
[16:25:41] run 20/30…
[16:25:47] ⏱ Runtime: 5.636 s
[16:25:47] 📝 Raw new tokens generated: 91
[16:25:47] 🚀 Throughput: 16.15 tokens/s
[16:25:47] run 21/30…
[16:25:52] ⏱ Runtime: 5.642 s
[16:25:52] 📝 Raw new tokens generated: 91
[16:25:52] 🚀 Throughput: 16.13 tokens/s
[16:25:52] run 22/30…
[16:25:58] ⏱ Runtime: 5.639 s
[16:25:58] 📝 Raw new tokens generated: 91
[16:25:58] 🚀 Throughput: 16.14 tokens/s
[16:25:58] run 23/30…
[16:26:04] ⏱ Runtime: 5.639 s
[16:26:04] 📝 Raw new tokens generated: 91
[16:26:04] 🚀 Throughput: 16.14 tokens/s
[16:26:04] run 24/30…
[16:26:09] ⏱ Runtime: 5.638 s
[16:26:09] 📝 Raw new tokens generated: 91
[16:26:09] 🚀 Throughput: 16.14 tokens/s
[16:26:09] run 25/30…
[16:26:15] ⏱ Runtime: 5.633 s
[16:26:15] 📝 Raw new tokens generated: 91
[16:26:15] 🚀 Throughput: 16.15 tokens/s
[16:26:15] run 26/30…
[16:26:20] ⏱ Runtime: 5.632 s
[16:26:20] 📝 Raw new tokens generated: 91
[16:26:20] 🚀 Throughput: 16.16 tokens/s
[16:26:20] run 27/30…
[16:26:26] ⏱ Runtime: 5.632 s
[16:26:26] 📝 Raw new tokens generated: 91
[16:26:26] 🚀 Throughput: 16.16 tokens/s
[16:26:26] run 28/30…
[16:26:32] ⏱ Runtime: 5.632 s
[16:26:32] 📝 Raw new tokens generated: 91
[16:26:32] 🚀 Throughput: 16.16 tokens/s
[16:26:32] run 29/30…
[16:26:37] ⏱ Runtime: 5.633 s
[16:26:37] 📝 Raw new tokens generated: 91
[16:26:37] 🚀 Throughput: 16.16 tokens/s
[16:26:37] run 30/30…
[16:26:43] ⏱ Runtime: 5.634 s
[16:26:43] 📝 Raw new tokens generated: 91
[16:26:43] 🚀 Throughput: 16.15 tokens/s

===== Benchmark summary =====
Timed runs:       30
Avg throughput:   16.19 tokens/s
P50 throughput:   16.15 tokens/s
P95 throughput:   16.41 tokens/s
Std dev (tps):    0.10
Avg runtime:      5.620 s
Avg new tokens:   91.0
/home/savini98/miniconda3/envs/fixed_env/lib/python3.12/site-packages/torch/_dynamo/eval_frame.py
[16:26:43] done
