Conda environment: original_env
[16:15:37] start
[16:15:37] loading tokenizer…
[16:15:41] loading model
[GPU] NVIDIA GeForce RTX 3090, 23.5 GB VRAM
[GPU] Baseline memory (model loaded): 0.76 GB
Passing a tuple of `past_key_values` is deprecated and will be removed in Transformers v4.58.0. You should pass an instance of `EncoderDecoderCache` instead, e.g. `past_key_values=EncoderDecoderCache.from_legacy_cache(past_key_values)`.
[GPU] Probe batch_size=8: peak=0.78 GB, per_sample=3.0 MB
[GPU] Available for batches: 15.72 GB (target 70% utilization)
[GPU] Estimated batch size: 542
[GPU] Verified: batch_size=542 fits (peak 1.81 GB) ✅
[16:15:52] using batch_size=542
[16:15:52] eager forward sanity check…
[16:15:52] eager ok
[16:15:52] checking Dynamo graph breaks…

===== Graph Break Report =====
Graph break count: 7
Number of graphs:  8
Break reasons:
  1. GraphCompileReason(reason='generic_jump TensorVariable()', user_stack=[<FrameSummary file /home/savini98/miniconda3/envs/original_env/lib/python3.12/site-packages/transformers/models/bart/modeling_bart.py, line 568 in forward>], graph_break=True)
  2. GraphCompileReason(reason='generic_jump TensorVariable()', user_stack=[<FrameSummary file /home/savini98/miniconda3/envs/original_env/lib/python3.12/site-packages/transformers/models/bart/modeling_bart.py, line 568 in torch_dynamo_resume_in_forward_at_568>], graph_break=True)
  3. GraphCompileReason(reason='Logger not supported for non-export cases. To avoid graph breaks caused by logger in compile-mode, it is recommended to disable logging by adding logging methods to config.ignore_logger_methods', user_stack=[<FrameSummary file /home/savini98/miniconda3/envs/original_env/lib/python3.12/site-packages/transformers/models/bart/modeling_bart.py, line 1246 in forward>], graph_break=True)
===================================
[16:15:55] compiling with torch.compile (inductor, reduce-overhead)…
[16:15:55] warmup x1…
[16:16:07] profiling one step…
[16:16:14] chrome trace saved: /home/savini98/repos/fx-graph-research/models/rebel-large/traces/rebel-large_trace_original_20260330_161607.json
[16:16:14] ✅ CUDA Graph activity detected:
  - cudaGraphDestroy
  - cudaGraphGetNodes
  - cudaGraphInstantiateWithFlags
  - cudaGraphLaunch
[16:16:14] benchmarking 30 timed runs…
[16:16:14] run 1/30…
[16:16:31] ⏱ Runtime: 16.739 s
[16:16:31] 📝 Raw new tokens generated: 91
[16:16:31] 🚀 Throughput: 5.44 tokens/s
[16:16:31] run 2/30…
[16:16:47] ⏱ Runtime: 16.090 s
[16:16:47] 📝 Raw new tokens generated: 91
[16:16:47] 🚀 Throughput: 5.66 tokens/s
[16:16:47] run 3/30…
[16:17:03] ⏱ Runtime: 16.123 s
[16:17:03] 📝 Raw new tokens generated: 91
[16:17:03] 🚀 Throughput: 5.64 tokens/s
[16:17:03] run 4/30…
Traceback (most recent call last):
  File "/home/savini98/repos/fx-graph-research/models/rebel-large/rebel_large_script.py", line 284, in <module>
    main()
  File "/home/savini98/repos/fx-graph-research/models/rebel-large/rebel_large_script.py", line 246, in main
    text, m = generate_text(
              ^^^^^^^^^^^^^^
  File "/home/savini98/miniconda3/envs/original_env/lib/python3.12/site-packages/torch/utils/_contextlib.py", line 116, in decorate_context
    return func(*args, **kwargs)
           ^^^^^^^^^^^^^^^^^^^^^
  File "/home/savini98/repos/fx-graph-research/models/rebel-large/rebel_large_script.py", line 163, in generate_text
    out = model.generate(**gen_batch, **gen_kwargs)
          ^^^^^^^^^^^^^^^^^^^^^^^^^^^^^^^^^^^^^^^^^
  File "/home/savini98/miniconda3/envs/original_env/lib/python3.12/site-packages/torch/utils/_contextlib.py", line 116, in decorate_context
    return func(*args, **kwargs)
           ^^^^^^^^^^^^^^^^^^^^^
  File "/home/savini98/miniconda3/envs/original_env/lib/python3.12/site-packages/transformers/generation/utils.py", line 2616, in generate
    result = self._beam_search(
             ^^^^^^^^^^^^^^^^^^
  File "/home/savini98/miniconda3/envs/original_env/lib/python3.12/site-packages/transformers/generation/utils.py", line 4042, in _beam_search
    logits = model_outputs.logits[:, -1, :].to(copy=True, dtype=torch.float32, device=input_ids.device)
             ^^^^^^^^^^^^^^^^^^^^^^^^^^^^^^^^^^^^^^^^^^^^^^^^^^^^^^^^^^^^^^^^^^^^^^^^^^^^^^^^^^^^^^^^^^
torch.OutOfMemoryError: CUDA out of memory. Tried to allocate 416.00 MiB. GPU 0 has a total capacity of 23.54 GiB of which 382.56 MiB is free. Including non-PyTorch memory, this process has 23.13 GiB memory in use. Of the allocated memory 14.01 GiB is allocated by PyTorch, with 1.16 GiB allocated in private pools (e.g., CUDA Graphs), and 8.79 GiB is reserved by PyTorch but unallocated. If reserved but unallocated memory is large try setting PYTORCH_CUDA_ALLOC_CONF=expandable_segments:True to avoid fragmentation.  See documentation for Memory Management  (https://pytorch.org/docs/stable/notes/cuda.html#environment-variables)
