Conda environment: original_env
[15:49:10] start
[15:49:10] loading processor…
[15:49:10] loading model
[GPU] NVIDIA GeForce RTX 3090, 23.5 GB VRAM
[GPU] Baseline memory (model loaded): 0.14 GB
Passing a tuple of `past_key_values` is deprecated and will be removed in Transformers v4.43.0. You should pass an instance of `EncoderDecoderCache` instead, e.g. `past_key_values=EncoderDecoderCache.from_legacy_cache(past_key_values)`.
[GPU] Probe batch_size=8: peak=0.31 GB, per_sample=22.1 MB
[GPU] Available for batches: 16.34 GB (target 70% utilization)
[GPU] Estimated batch size: 151
[GPU] Verified: batch_size=151 fits (peak 3.24 GB) ✅
[15:49:11] using batch_size=151
[15:49:12] eager forward sanity check…
[15:49:12] eager ok
[15:49:12] checking Dynamo graph breaks…
[15:49:13] graph-break analysis failed: CUDA out of memory. Tried to allocate 886.00 MiB. GPU 0 has a total capacity of 23.54 GiB of which 454.56 MiB is free. Including non-PyTorch memory, this process has 23.06 GiB memory in use. Of the allocated memory 22.57 GiB is allocated by PyTorch, and 193.17 MiB is reserved by PyTorch but unallocated. If reserved but unallocated memory is large try setting PYTORCH_CUDA_ALLOC_CONF=expandable_segments:True to avoid fragmentation.  See documentation for Memory Management  (https://pytorch.org/docs/stable/notes/cuda.html#environment-variables)
[15:49:13] compiling with torch.compile (inductor, reduce-overhead)…
[15:49:14] warmup x1…
[15:49:29] profiling one step…
[15:49:32] chrome trace saved: /home/savini98/repos/fx-graph-research/models/whisper-base/traces/whisper-base_trace_original_20260330_154929.json
[15:49:32] ✅ CUDA Graph activity detected:
  - cudaGraphDestroy
  - cudaGraphGetNodes
  - cudaGraphInstantiateWithFlags
  - cudaGraphLaunch
[15:49:32] benchmarking 30 timed runs…
[15:49:32] run 1/30…
Due to a bug fix in https://github.com/huggingface/transformers/pull/28687 transcription using a multilingual Whisper will default to language detection followed by transcription instead of translation to English.This might be a breaking change for your use case. If you want to instead always translate your audio to English, make sure to pass `language='en'`.
The attention mask is not set and cannot be inferred from input because pad token is same as eos token. As a consequence, you may observe unexpected behavior. Please pass your input's `attention_mask` to obtain reliable results.
[15:49:33] ⏱ Runtime: 0.824 s
[15:49:33] 📝 Raw new tokens generated: 4
[15:49:33] 🚀 Throughput: 4.86 tokens/s
[15:49:33] run 2/30…
[15:49:34] ⏱ Runtime: 0.750 s
[15:49:34] 📝 Raw new tokens generated: 4
[15:49:34] 🚀 Throughput: 5.34 tokens/s
[15:49:34] run 3/30…
[15:49:35] ⏱ Runtime: 0.751 s
[15:49:35] 📝 Raw new tokens generated: 4
[15:49:35] 🚀 Throughput: 5.33 tokens/s
[15:49:35] run 4/30…
[15:49:36] ⏱ Runtime: 0.751 s
[15:49:36] 📝 Raw new tokens generated: 4
[15:49:36] 🚀 Throughput: 5.33 tokens/s
[15:49:36] run 5/30…
[15:49:37] ⏱ Runtime: 0.752 s
[15:49:37] 📝 Raw new tokens generated: 4
[15:49:37] 🚀 Throughput: 5.32 tokens/s
[15:49:37] run 6/30…
[15:49:38] ⏱ Runtime: 0.752 s
[15:49:38] 📝 Raw new tokens generated: 4
[15:49:38] 🚀 Throughput: 5.32 tokens/s
[15:49:38] run 7/30…
[15:49:39] ⏱ Runtime: 0.753 s
[15:49:39] 📝 Raw new tokens generated: 4
[15:49:39] 🚀 Throughput: 5.31 tokens/s
[15:49:39] run 8/30…
[15:49:40] ⏱ Runtime: 0.754 s
[15:49:40] 📝 Raw new tokens generated: 4
[15:49:40] 🚀 Throughput: 5.31 tokens/s
[15:49:40] run 9/30…
[15:49:41] ⏱ Runtime: 0.752 s
[15:49:41] 📝 Raw new tokens generated: 4
[15:49:41] 🚀 Throughput: 5.32 tokens/s
[15:49:41] run 10/30…
[15:49:41] ⏱ Runtime: 0.754 s
[15:49:41] 📝 Raw new tokens generated: 4
[15:49:41] 🚀 Throughput: 5.31 tokens/s
[15:49:42] run 11/30…
[15:49:42] ⏱ Runtime: 0.754 s
[15:49:42] 📝 Raw new tokens generated: 4
[15:49:42] 🚀 Throughput: 5.30 tokens/s
[15:49:43] run 12/30…
[15:49:43] ⏱ Runtime: 0.754 s
[15:49:43] 📝 Raw new tokens generated: 4
[15:49:43] 🚀 Throughput: 5.31 tokens/s
[15:49:44] run 13/30…
[15:49:44] ⏱ Runtime: 0.754 s
[15:49:44] 📝 Raw new tokens generated: 4
[15:49:44] 🚀 Throughput: 5.31 tokens/s
[15:49:45] run 14/30…
[15:49:45] ⏱ Runtime: 0.758 s
[15:49:45] 📝 Raw new tokens generated: 4
[15:49:45] 🚀 Throughput: 5.28 tokens/s
[15:49:46] run 15/30…
[15:49:46] ⏱ Runtime: 0.756 s
[15:49:46] 📝 Raw new tokens generated: 4
[15:49:46] 🚀 Throughput: 5.29 tokens/s
[15:49:46] run 16/30…
[15:49:47] ⏱ Runtime: 0.754 s
[15:49:47] 📝 Raw new tokens generated: 4
[15:49:47] 🚀 Throughput: 5.31 tokens/s
[15:49:47] run 17/30…
[15:49:48] ⏱ Runtime: 0.754 s
[15:49:48] 📝 Raw new tokens generated: 4
[15:49:48] 🚀 Throughput: 5.31 tokens/s
[15:49:48] run 18/30…
[15:49:49] ⏱ Runtime: 0.755 s
[15:49:49] 📝 Raw new tokens generated: 4
[15:49:49] 🚀 Throughput: 5.30 tokens/s
[15:49:49] run 19/30…
[15:49:50] ⏱ Runtime: 0.755 s
[15:49:50] 📝 Raw new tokens generated: 4
[15:49:50] 🚀 Throughput: 5.30 tokens/s
[15:49:50] run 20/30…
[15:49:51] ⏱ Runtime: 0.756 s
[15:49:51] 📝 Raw new tokens generated: 4
[15:49:51] 🚀 Throughput: 5.29 tokens/s
[15:49:51] run 21/30…
[15:49:52] ⏱ Runtime: 0.755 s
[15:49:52] 📝 Raw new tokens generated: 4
[15:49:52] 🚀 Throughput: 5.30 tokens/s
[15:49:52] run 22/30…
[15:49:53] ⏱ Runtime: 0.755 s
[15:49:53] 📝 Raw new tokens generated: 4
[15:49:53] 🚀 Throughput: 5.30 tokens/s
[15:49:53] run 23/30…
[15:49:54] ⏱ Runtime: 0.754 s
[15:49:54] 📝 Raw new tokens generated: 4
[15:49:54] 🚀 Throughput: 5.30 tokens/s
[15:49:54] run 24/30…
[15:49:55] ⏱ Runtime: 0.757 s
[15:49:55] 📝 Raw new tokens generated: 4
[15:49:55] 🚀 Throughput: 5.29 tokens/s
[15:49:55] run 25/30…
[15:49:56] ⏱ Runtime: 0.757 s
[15:49:56] 📝 Raw new tokens generated: 4
[15:49:56] 🚀 Throughput: 5.28 tokens/s
[15:49:56] run 26/30…
[15:49:57] ⏱ Runtime: 0.757 s
[15:49:57] 📝 Raw new tokens generated: 4
[15:49:57] 🚀 Throughput: 5.28 tokens/s
[15:49:57] run 27/30…
[15:49:58] ⏱ Runtime: 0.757 s
[15:49:58] 📝 Raw new tokens generated: 4
[15:49:58] 🚀 Throughput: 5.29 tokens/s
[15:49:58] run 28/30…
[15:49:59] ⏱ Runtime: 0.760 s
[15:49:59] 📝 Raw new tokens generated: 4
[15:49:59] 🚀 Throughput: 5.27 tokens/s
[15:49:59] run 29/30…
[15:50:00] ⏱ Runtime: 0.757 s
[15:50:00] 📝 Raw new tokens generated: 4
[15:50:00] 🚀 Throughput: 5.28 tokens/s
[15:50:00] run 30/30…
[15:50:01] ⏱ Runtime: 0.757 s
[15:50:01] 📝 Raw new tokens generated: 4
[15:50:01] 🚀 Throughput: 5.28 tokens/s

===== Benchmark summary =====
Timed runs:       30
Avg throughput:   5.29 tokens/s
P50 throughput:   5.30 tokens/s
P95 throughput:   5.33 tokens/s
Std dev (tps):    0.08
Avg runtime:      0.757 s
Avg new tokens:   4.0
/home/savini98/miniconda3/envs/original_env/lib/python3.12/site-packages/transformers/models/whisper/modeling_whisper.py
[15:50:01] done
