Conda environment: original_env
[11:50:22] start
[11:50:22] loading processor…
[11:50:22] loading model
[GPU] NVIDIA GeForce RTX 3090, 23.5 GB VRAM
[GPU] Baseline memory (model loaded): 0.14 GB
Passing a tuple of `past_key_values` is deprecated and will be removed in Transformers v4.43.0. You should pass an instance of `EncoderDecoderCache` instead, e.g. `past_key_values=EncoderDecoderCache.from_legacy_cache(past_key_values)`.
[GPU] Probe batch_size=8: peak=0.31 GB, per_sample=22.1 MB
[GPU] Available for batches: 16.34 GB (target 70% utilization)
[GPU] Estimated batch size: 75
[GPU] Verified: batch_size=75 fits (peak 1.68 GB) ✅
[11:50:23] using batch_size=75
[11:50:23] eager forward sanity check…
[11:50:23] eager ok
[11:50:23] checking Dynamo graph breaks…

===== Graph Break Report =====
Graph break count: 3
Number of graphs:  4
Break reasons:
  1. GraphCompileReason(reason='Logger not supported for non-export cases. To avoid graph breaks caused by logger in compile-mode, it is recommended to disable logging by adding logging methods to config.ignore_logger_methods', user_stack=[<FrameSummary file /home/savini98/miniconda3/envs/original_env/lib/python3.12/site-packages/transformers/models/whisper/modeling_whisper.py, line 1529 in forward>, <FrameSummary file /home/savini98/miniconda3/envs/original_env/lib/python3.12/site-packages/transformers/models/whisper/modeling_whisper.py, line 1104 in forward>], graph_break=True)
  2. GraphCompileReason(reason='Logger not supported for non-export cases. To avoid graph breaks caused by logger in compile-mode, it is recommended to disable logging by adding logging methods to config.ignore_logger_methods', user_stack=[<FrameSummary file /home/savini98/miniconda3/envs/original_env/lib/python3.12/site-packages/transformers/models/whisper/modeling_whisper.py, line 1104 in forward>], graph_break=True)
===================================
[11:50:25] compiling with torch.compile (inductor, reduce-overhead)…
[11:50:26] warmup x1…
[11:50:46] profiling one step…
[11:50:48] chrome trace saved: /home/savini98/repos/fx-graph-research/models/whisper-base/traces/whisper-base_trace_original_20260331_115046.json
[11:50:48] ✅ CUDA Graph activity detected:
  - cudaGraphDestroy
  - cudaGraphGetNodes
  - cudaGraphInstantiateWithFlags
  - cudaGraphLaunch
[11:50:48] benchmarking 30 timed runs…
[11:50:48] run 1/30…
Due to a bug fix in https://github.com/huggingface/transformers/pull/28687 transcription using a multilingual Whisper will default to language detection followed by transcription instead of translation to English.This might be a breaking change for your use case. If you want to instead always translate your audio to English, make sure to pass `language='en'`.
The attention mask is not set and cannot be inferred from input because pad token is same as eos token. As a consequence, you may observe unexpected behavior. Please pass your input's `attention_mask` to obtain reliable results.
[11:50:48] ⏱ Runtime: 0.578 s
[11:50:48] 📝 Raw new tokens generated: 4
[11:50:48] 🚀 Throughput: 6.92 tokens/s
[11:50:48] run 2/30…
[11:50:49] ⏱ Runtime: 0.506 s
[11:50:49] 📝 Raw new tokens generated: 4
[11:50:49] 🚀 Throughput: 7.90 tokens/s
[11:50:49] run 3/30…
[11:50:49] ⏱ Runtime: 0.374 s
[11:50:49] 📝 Raw new tokens generated: 4
[11:50:49] 🚀 Throughput: 10.70 tokens/s
[11:50:49] run 4/30…
[11:50:50] ⏱ Runtime: 0.375 s
[11:50:50] 📝 Raw new tokens generated: 4
[11:50:50] 🚀 Throughput: 10.66 tokens/s
[11:50:50] run 5/30…
[11:50:50] ⏱ Runtime: 0.374 s
[11:50:50] 📝 Raw new tokens generated: 4
[11:50:50] 🚀 Throughput: 10.70 tokens/s
[11:50:50] run 6/30…
[11:50:51] ⏱ Runtime: 0.380 s
[11:50:51] 📝 Raw new tokens generated: 4
[11:50:51] 🚀 Throughput: 10.54 tokens/s
[11:50:51] run 7/30…
[11:50:51] ⏱ Runtime: 0.376 s
[11:50:51] 📝 Raw new tokens generated: 4
[11:50:51] 🚀 Throughput: 10.64 tokens/s
[11:50:51] run 8/30…
[11:50:52] ⏱ Runtime: 0.375 s
[11:50:52] 📝 Raw new tokens generated: 4
[11:50:52] 🚀 Throughput: 10.65 tokens/s
[11:50:52] run 9/30…
[11:50:52] ⏱ Runtime: 0.376 s
[11:50:52] 📝 Raw new tokens generated: 4
[11:50:52] 🚀 Throughput: 10.63 tokens/s
[11:50:52] run 10/30…
[11:50:53] ⏱ Runtime: 0.375 s
[11:50:53] 📝 Raw new tokens generated: 4
[11:50:53] 🚀 Throughput: 10.65 tokens/s
[11:50:53] run 11/30…
[11:50:53] ⏱ Runtime: 0.376 s
[11:50:53] 📝 Raw new tokens generated: 4
[11:50:53] 🚀 Throughput: 10.64 tokens/s
[11:50:53] run 12/30…
[11:50:54] ⏱ Runtime: 0.375 s
[11:50:54] 📝 Raw new tokens generated: 4
[11:50:54] 🚀 Throughput: 10.67 tokens/s
[11:50:54] run 13/30…
[11:50:54] ⏱ Runtime: 0.375 s
[11:50:54] 📝 Raw new tokens generated: 4
[11:50:54] 🚀 Throughput: 10.68 tokens/s
[11:50:54] run 14/30…
[11:50:55] ⏱ Runtime: 0.374 s
[11:50:55] 📝 Raw new tokens generated: 4
[11:50:55] 🚀 Throughput: 10.68 tokens/s
[11:50:55] run 15/30…
[11:50:55] ⏱ Runtime: 0.375 s
[11:50:55] 📝 Raw new tokens generated: 4
[11:50:55] 🚀 Throughput: 10.65 tokens/s
[11:50:55] run 16/30…
[11:50:56] ⏱ Runtime: 0.375 s
[11:50:56] 📝 Raw new tokens generated: 4
[11:50:56] 🚀 Throughput: 10.67 tokens/s
[11:50:56] run 17/30…
[11:50:56] ⏱ Runtime: 0.382 s
[11:50:56] 📝 Raw new tokens generated: 4
[11:50:56] 🚀 Throughput: 10.48 tokens/s
[11:50:56] run 18/30…
[11:50:56] ⏱ Runtime: 0.388 s
[11:50:56] 📝 Raw new tokens generated: 4
[11:50:56] 🚀 Throughput: 10.30 tokens/s
[11:50:57] run 19/30…
[11:50:57] ⏱ Runtime: 0.376 s
[11:50:57] 📝 Raw new tokens generated: 4
[11:50:57] 🚀 Throughput: 10.65 tokens/s
[11:50:57] run 20/30…
[11:50:57] ⏱ Runtime: 0.376 s
[11:50:57] 📝 Raw new tokens generated: 4
[11:50:57] 🚀 Throughput: 10.65 tokens/s
[11:50:58] run 21/30…
[11:50:58] ⏱ Runtime: 0.376 s
[11:50:58] 📝 Raw new tokens generated: 4
[11:50:58] 🚀 Throughput: 10.63 tokens/s
[11:50:58] run 22/30…
[11:50:58] ⏱ Runtime: 0.376 s
[11:50:58] 📝 Raw new tokens generated: 4
[11:50:58] 🚀 Throughput: 10.64 tokens/s
[11:50:58] run 23/30…
[11:50:59] ⏱ Runtime: 0.376 s
[11:50:59] 📝 Raw new tokens generated: 4
[11:50:59] 🚀 Throughput: 10.65 tokens/s
[11:50:59] run 24/30…
[11:50:59] ⏱ Runtime: 0.380 s
[11:50:59] 📝 Raw new tokens generated: 4
[11:50:59] 🚀 Throughput: 10.53 tokens/s
[11:50:59] run 25/30…
[11:51:00] ⏱ Runtime: 0.376 s
[11:51:00] 📝 Raw new tokens generated: 4
[11:51:00] 🚀 Throughput: 10.64 tokens/s
[11:51:00] run 26/30…
[11:51:00] ⏱ Runtime: 0.377 s
[11:51:00] 📝 Raw new tokens generated: 4
[11:51:00] 🚀 Throughput: 10.61 tokens/s
[11:51:00] run 27/30…
[11:51:01] ⏱ Runtime: 0.383 s
[11:51:01] 📝 Raw new tokens generated: 4
[11:51:01] 🚀 Throughput: 10.43 tokens/s
[11:51:01] run 28/30…
[11:51:01] ⏱ Runtime: 0.376 s
[11:51:01] 📝 Raw new tokens generated: 4
[11:51:01] 🚀 Throughput: 10.63 tokens/s
[11:51:01] run 29/30…
[11:51:02] ⏱ Runtime: 0.375 s
[11:51:02] 📝 Raw new tokens generated: 4
[11:51:02] 🚀 Throughput: 10.65 tokens/s
[11:51:02] run 30/30…
[11:51:03] ⏱ Runtime: 0.998 s
[11:51:03] 📝 Raw new tokens generated: 4
[11:51:03] 🚀 Throughput: 4.01 tokens/s

===== Benchmark summary =====
Timed runs:       30
Avg throughput:   10.18 tokens/s
P50 throughput:   10.64 tokens/s
P95 throughput:   10.68 tokens/s
Std dev (tps):    1.41
Avg runtime:      0.409 s
Avg new tokens:   4.0
/home/savini98/miniconda3/envs/original_env/lib/python3.12/site-packages/transformers/models/whisper/modeling_whisper.py
[11:51:03] done
