Conda environment: original_env
[16:08:01] start
[16:08:01] loading processor…
[16:08:02] original modeling file restored → /home/savini98/.cache/huggingface/modules/transformers_modules/microsoft/Florence-2-large/21a599d414c4d928c9032694c424fb94458e3594/modeling_florence2.py
[16:08:02] loading model
[GPU] NVIDIA GeForce RTX 3090, 23.5 GB VRAM
[GPU] Baseline memory (model loaded): 1.45 GB
[GPU] Probe batch_size=8: peak=3.87 GB, per_sample=310.4 MB
[GPU] Available for batches: 15.03 GB (target 70% utilization)
[GPU] Estimated batch size: 2
[GPU] Verified: batch_size=2 fits (peak 3.87 GB) ✅
[16:08:05] using batch_size=2
[16:08:05] eager forward sanity check…
[16:08:05] eager ok
[16:08:05] checking Dynamo graph breaks…

===== Graph Break Report =====
Graph break count: 7
Number of graphs:  8
Break reasons:
  1. GraphCompileReason(reason='Data-dependent branching\n  Explanation: Detected data-dependent branching (e.g. `if my_tensor.sum() > 0:`). Dynamo does not support tracing dynamic control flow.\n  Hint: This graph break is fundamental - it is unlikely that Dynamo will ever be able to trace through your code. Consider finding a workaround.\n  Hint: Use `torch.cond` to express dynamic control flow.\n\n  Developer debug context: attempted to jump with TensorVariable()\n', user_stack=[<FrameSummary file /home/savini98/.cache/huggingface/modules/transformers_modules/microsoft/Florence-2-large/21a599d414c4d928c9032694c424fb94458e3594/modeling_florence2.py, line 2740 in forward>, <FrameSummary file /home/savini98/.cache/huggingface/modules/transformers_modules/microsoft/Florence-2-large/21a599d414c4d928c9032694c424fb94458e3594/modeling_florence2.py, line 2139 in forward>, <FrameSummary file /home/savini98/.cache/huggingface/modules/transformers_modules/microsoft/Florence-2-large/21a599d414c4d928c9032694c424fb94458e3594/modeling_florence2.py, line 2007 in forward>, <FrameSummary file /home/savini98/.cache/huggingface/modules/transformers_modules/microsoft/Florence-2-large/21a599d414c4d928c9032694c424fb94458e3594/modeling_florence2.py, line 1624 in forward>, <FrameSummary file /home/savini98/.cache/huggingface/modules/transformers_modules/microsoft/Florence-2-large/21a599d414c4d928c9032694c424fb94458e3594/modeling_florence2.py, line 1281 in forward>], graph_break=True)
  2. GraphCompileReason(reason='generic_jump TensorVariable()', user_stack=[<FrameSummary file /home/savini98/.cache/huggingface/modules/transformers_modules/microsoft/Florence-2-large/21a599d414c4d928c9032694c424fb94458e3594/modeling_florence2.py, line 1281 in forward>], graph_break=True)
  3. GraphCompileReason(reason='generic_jump TensorVariable()', user_stack=[<FrameSummary file /home/savini98/.cache/huggingface/modules/transformers_modules/microsoft/Florence-2-large/21a599d414c4d928c9032694c424fb94458e3594/modeling_florence2.py, line 1281 in torch_dynamo_resume_in_forward_at_1281>], graph_break=True)
===================================
[16:08:12] compiling with torch.compile (inductor, reduce-overhead)…
[16:08:13] warmup x1…
[16:08:48] profiling one step…
[16:08:57] chrome trace saved: /home/savini98/repos/fx-graph-research/models/Florence-2-large/traces/Florence-2-large_trace_original_20260330_160848.json
[16:08:58] ✅ CUDA Graph activity detected:
  - cudaGraphDestroy
  - cudaGraphGetNodes
  - cudaGraphInstantiateWithFlags
  - cudaGraphLaunch
[16:08:58] benchmarking 30 timed runs…
[16:08:58] run 1/30…
[16:08:58] ⏱ Runtime: 0.304 s
[16:08:58] 📝 Raw new tokens generated: 14
[16:08:58] 🚀 Throughput: 46.06 tokens/s
[16:08:58] run 2/30…
[16:08:58] ⏱ Runtime: 0.216 s
[16:08:58] 📝 Raw new tokens generated: 14
[16:08:58] 🚀 Throughput: 64.88 tokens/s
[16:08:58] run 3/30…
[16:08:58] ⏱ Runtime: 0.213 s
[16:08:58] 📝 Raw new tokens generated: 14
[16:08:58] 🚀 Throughput: 65.62 tokens/s
[16:08:58] run 4/30…
[16:08:59] ⏱ Runtime: 0.211 s
[16:08:59] 📝 Raw new tokens generated: 14
[16:08:59] 🚀 Throughput: 66.27 tokens/s
[16:08:59] run 5/30…
[16:08:59] ⏱ Runtime: 0.214 s
[16:08:59] 📝 Raw new tokens generated: 14
[16:08:59] 🚀 Throughput: 65.48 tokens/s
[16:08:59] run 6/30…
[16:08:59] ⏱ Runtime: 0.210 s
[16:08:59] 📝 Raw new tokens generated: 14
[16:08:59] 🚀 Throughput: 66.56 tokens/s
[16:08:59] run 7/30…
[16:08:59] ⏱ Runtime: 0.215 s
[16:08:59] 📝 Raw new tokens generated: 14
[16:08:59] 🚀 Throughput: 65.22 tokens/s
[16:08:59] run 8/30…
[16:09:00] ⏱ Runtime: 0.214 s
[16:09:00] 📝 Raw new tokens generated: 14
[16:09:00] 🚀 Throughput: 65.42 tokens/s
[16:09:00] run 9/30…
[16:09:00] ⏱ Runtime: 0.214 s
[16:09:00] 📝 Raw new tokens generated: 14
[16:09:00] 🚀 Throughput: 65.48 tokens/s
[16:09:00] run 10/30…
[16:09:00] ⏱ Runtime: 0.212 s
[16:09:00] 📝 Raw new tokens generated: 14
[16:09:00] 🚀 Throughput: 66.01 tokens/s
[16:09:00] run 11/30…
[16:09:00] ⏱ Runtime: 0.212 s
[16:09:00] 📝 Raw new tokens generated: 14
[16:09:00] 🚀 Throughput: 66.07 tokens/s
[16:09:00] run 12/30…
[16:09:00] ⏱ Runtime: 0.214 s
[16:09:00] 📝 Raw new tokens generated: 14
[16:09:00] 🚀 Throughput: 65.56 tokens/s
[16:09:00] run 13/30…
[16:09:01] ⏱ Runtime: 0.213 s
[16:09:01] 📝 Raw new tokens generated: 14
[16:09:01] 🚀 Throughput: 65.69 tokens/s
[16:09:01] run 14/30…
[16:09:01] ⏱ Runtime: 0.211 s
[16:09:01] 📝 Raw new tokens generated: 14
[16:09:01] 🚀 Throughput: 66.21 tokens/s
[16:09:01] run 15/30…
[16:09:01] ⏱ Runtime: 0.212 s
[16:09:01] 📝 Raw new tokens generated: 14
[16:09:01] 🚀 Throughput: 66.02 tokens/s
[16:09:01] run 16/30…
[16:09:01] ⏱ Runtime: 0.213 s
[16:09:01] 📝 Raw new tokens generated: 14
[16:09:01] 🚀 Throughput: 65.69 tokens/s
[16:09:01] run 17/30…
[16:09:01] ⏱ Runtime: 0.214 s
[16:09:01] 📝 Raw new tokens generated: 14
[16:09:01] 🚀 Throughput: 65.28 tokens/s
[16:09:01] run 18/30…
[16:09:02] ⏱ Runtime: 0.212 s
[16:09:02] 📝 Raw new tokens generated: 14
[16:09:02] 🚀 Throughput: 65.94 tokens/s
[16:09:02] run 19/30…
[16:09:02] ⏱ Runtime: 0.211 s
[16:09:02] 📝 Raw new tokens generated: 14
[16:09:02] 🚀 Throughput: 66.32 tokens/s
[16:09:02] run 20/30…
[16:09:02] ⏱ Runtime: 0.210 s
[16:09:02] 📝 Raw new tokens generated: 14
[16:09:02] 🚀 Throughput: 66.55 tokens/s
[16:09:02] run 21/30…
[16:09:02] ⏱ Runtime: 0.212 s
[16:09:02] 📝 Raw new tokens generated: 14
[16:09:02] 🚀 Throughput: 66.14 tokens/s
[16:09:02] run 22/30…
[16:09:03] ⏱ Runtime: 0.215 s
[16:09:03] 📝 Raw new tokens generated: 14
[16:09:03] 🚀 Throughput: 65.24 tokens/s
[16:09:03] run 23/30…
[16:09:03] ⏱ Runtime: 0.210 s
[16:09:03] 📝 Raw new tokens generated: 14
[16:09:03] 🚀 Throughput: 66.55 tokens/s
[16:09:03] run 24/30…
[16:09:03] ⏱ Runtime: 0.213 s
[16:09:03] 📝 Raw new tokens generated: 14
[16:09:03] 🚀 Throughput: 65.72 tokens/s
[16:09:03] run 25/30…
[16:09:03] ⏱ Runtime: 0.213 s
[16:09:03] 📝 Raw new tokens generated: 14
[16:09:03] 🚀 Throughput: 65.59 tokens/s
[16:09:03] run 26/30…
[16:09:03] ⏱ Runtime: 0.213 s
[16:09:03] 📝 Raw new tokens generated: 14
[16:09:03] 🚀 Throughput: 65.65 tokens/s
[16:09:03] run 27/30…
[16:09:04] ⏱ Runtime: 0.216 s
[16:09:04] 📝 Raw new tokens generated: 14
[16:09:04] 🚀 Throughput: 64.86 tokens/s
[16:09:04] run 28/30…
[16:09:04] ⏱ Runtime: 0.211 s
[16:09:04] 📝 Raw new tokens generated: 14
[16:09:04] 🚀 Throughput: 66.25 tokens/s
[16:09:04] run 29/30…
[16:09:04] ⏱ Runtime: 0.212 s
[16:09:04] 📝 Raw new tokens generated: 14
[16:09:04] 🚀 Throughput: 66.17 tokens/s
[16:09:04] run 30/30…
[16:09:04] ⏱ Runtime: 0.212 s
[16:09:04] 📝 Raw new tokens generated: 14
[16:09:04] 🚀 Throughput: 65.91 tokens/s

===== Benchmark summary =====
Timed runs:       30
Batch size:       2
Avg throughput:   65.15 tokens/s
P50 throughput:   65.70 tokens/s
P95 throughput:   66.55 tokens/s
Std dev (tps):    3.57
Avg runtime:      0.216 s
Avg new tokens:   14.0
/home/savini98/.cache/huggingface/modules/transformers_modules/microsoft/Florence-2-large/21a599d414c4d928c9032694c424fb94458e3594/modeling_florence2.py
[16:09:04] done
