Conda environment: fixed_env
[16:09:10] start
[16:09:10] loading processor…
[16:09:11] fixed modeling file applied → /home/savini98/.cache/huggingface/modules/transformers_modules/microsoft/Florence-2-large/21a599d414c4d928c9032694c424fb94458e3594/modeling_florence2.py
[16:09:11] loading model
[GPU] NVIDIA GeForce RTX 3090, 23.5 GB VRAM
[GPU] Baseline memory (model loaded): 1.45 GB
[GPU] Probe batch_size=8: peak=3.87 GB, per_sample=310.4 MB
[GPU] Available for batches: 15.03 GB (target 70% utilization)
[GPU] Estimated batch size: 2
[GPU] Verified: batch_size=2 fits (peak 3.87 GB) ✅
[16:09:13] using batch_size=2
[16:09:13] eager forward sanity check…
[16:09:14] eager ok
[16:09:14] checking Dynamo graph breaks…

===== Graph Break Report =====
Graph break count: 0
Number of graphs:  1
No graph breaks detected.
===================================
[16:09:19] compiling with torch.compile (inductor, reduce-overhead)…
[16:09:20] warmup x1…
[16:09:55] profiling one step…
[16:09:56] chrome trace saved: /home/savini98/repos/fx-graph-research/models/Florence-2-large/traces/Florence-2-large_trace_fixed_20260330_160955.json
[16:09:57] ✅ CUDA Graph activity detected:
  - cudaGraphDestroy
  - cudaGraphGetNodes
  - cudaGraphInstantiateWithFlags
  - cudaGraphLaunch
[16:09:57] benchmarking 30 timed runs…
[16:09:57] run 1/30…
[16:09:57] ⏱ Runtime: 0.300 s
[16:09:57] 📝 Raw new tokens generated: 14
[16:09:57] 🚀 Throughput: 46.72 tokens/s
[16:09:57] run 2/30…
[16:09:57] ⏱ Runtime: 0.221 s
[16:09:57] 📝 Raw new tokens generated: 14
[16:09:57] 🚀 Throughput: 63.29 tokens/s
[16:09:57] run 3/30…
[16:09:57] ⏱ Runtime: 0.219 s
[16:09:57] 📝 Raw new tokens generated: 14
[16:09:57] 🚀 Throughput: 63.85 tokens/s
[16:09:57] run 4/30…
[16:09:58] ⏱ Runtime: 0.222 s
[16:09:58] 📝 Raw new tokens generated: 14
[16:09:58] 🚀 Throughput: 62.99 tokens/s
[16:09:58] run 5/30…
[16:09:58] ⏱ Runtime: 0.219 s
[16:09:58] 📝 Raw new tokens generated: 14
[16:09:58] 🚀 Throughput: 64.04 tokens/s
[16:09:58] run 6/30…
[16:09:58] ⏱ Runtime: 0.218 s
[16:09:58] 📝 Raw new tokens generated: 14
[16:09:58] 🚀 Throughput: 64.21 tokens/s
[16:09:58] run 7/30…
[16:09:58] ⏱ Runtime: 0.218 s
[16:09:58] 📝 Raw new tokens generated: 14
[16:09:58] 🚀 Throughput: 64.11 tokens/s
[16:09:58] run 8/30…
[16:09:59] ⏱ Runtime: 0.219 s
[16:09:59] 📝 Raw new tokens generated: 14
[16:09:59] 🚀 Throughput: 63.95 tokens/s
[16:09:59] run 9/30…
[16:09:59] ⏱ Runtime: 0.220 s
[16:09:59] 📝 Raw new tokens generated: 14
[16:09:59] 🚀 Throughput: 63.57 tokens/s
[16:09:59] run 10/30…
[16:09:59] ⏱ Runtime: 0.219 s
[16:09:59] 📝 Raw new tokens generated: 14
[16:09:59] 🚀 Throughput: 63.84 tokens/s
[16:09:59] run 11/30…
[16:09:59] ⏱ Runtime: 0.220 s
[16:09:59] 📝 Raw new tokens generated: 14
[16:09:59] 🚀 Throughput: 63.75 tokens/s
[16:09:59] run 12/30…
[16:09:59] ⏱ Runtime: 0.219 s
[16:09:59] 📝 Raw new tokens generated: 14
[16:09:59] 🚀 Throughput: 63.85 tokens/s
[16:09:59] run 13/30…
[16:10:00] ⏱ Runtime: 0.220 s
[16:10:00] 📝 Raw new tokens generated: 14
[16:10:00] 🚀 Throughput: 63.51 tokens/s
[16:10:00] run 14/30…
[16:10:00] ⏱ Runtime: 0.220 s
[16:10:00] 📝 Raw new tokens generated: 14
[16:10:00] 🚀 Throughput: 63.70 tokens/s
[16:10:00] run 15/30…
[16:10:00] ⏱ Runtime: 0.219 s
[16:10:00] 📝 Raw new tokens generated: 14
[16:10:00] 🚀 Throughput: 63.94 tokens/s
[16:10:00] run 16/30…
[16:10:00] ⏱ Runtime: 0.220 s
[16:10:00] 📝 Raw new tokens generated: 14
[16:10:00] 🚀 Throughput: 63.59 tokens/s
[16:10:00] run 17/30…
[16:10:01] ⏱ Runtime: 0.220 s
[16:10:01] 📝 Raw new tokens generated: 14
[16:10:01] 🚀 Throughput: 63.50 tokens/s
[16:10:01] run 18/30…
[16:10:01] ⏱ Runtime: 0.219 s
[16:10:01] 📝 Raw new tokens generated: 14
[16:10:01] 🚀 Throughput: 64.01 tokens/s
[16:10:01] run 19/30…
[16:10:01] ⏱ Runtime: 0.220 s
[16:10:01] 📝 Raw new tokens generated: 14
[16:10:01] 🚀 Throughput: 63.62 tokens/s
[16:10:01] run 20/30…
[16:10:01] ⏱ Runtime: 0.219 s
[16:10:01] 📝 Raw new tokens generated: 14
[16:10:01] 🚀 Throughput: 63.88 tokens/s
[16:10:01] run 21/30…
[16:10:01] ⏱ Runtime: 0.221 s
[16:10:01] 📝 Raw new tokens generated: 14
[16:10:01] 🚀 Throughput: 63.35 tokens/s
[16:10:01] run 22/30…
[16:10:02] ⏱ Runtime: 0.219 s
[16:10:02] 📝 Raw new tokens generated: 14
[16:10:02] 🚀 Throughput: 63.83 tokens/s
[16:10:02] run 23/30…
[16:10:02] ⏱ Runtime: 0.221 s
[16:10:02] 📝 Raw new tokens generated: 14
[16:10:02] 🚀 Throughput: 63.33 tokens/s
[16:10:02] run 24/30…
[16:10:02] ⏱ Runtime: 0.219 s
[16:10:02] 📝 Raw new tokens generated: 14
[16:10:02] 🚀 Throughput: 64.02 tokens/s
[16:10:02] run 25/30…
[16:10:02] ⏱ Runtime: 0.219 s
[16:10:02] 📝 Raw new tokens generated: 14
[16:10:02] 🚀 Throughput: 63.90 tokens/s
[16:10:02] run 26/30…
[16:10:02] ⏱ Runtime: 0.220 s
[16:10:02] 📝 Raw new tokens generated: 14
[16:10:02] 🚀 Throughput: 63.63 tokens/s
[16:10:02] run 27/30…
[16:10:03] ⏱ Runtime: 0.219 s
[16:10:03] 📝 Raw new tokens generated: 14
[16:10:03] 🚀 Throughput: 63.89 tokens/s
[16:10:03] run 28/30…
[16:10:03] ⏱ Runtime: 0.221 s
[16:10:03] 📝 Raw new tokens generated: 14
[16:10:03] 🚀 Throughput: 63.27 tokens/s
[16:10:03] run 29/30…
[16:10:03] ⏱ Runtime: 0.219 s
[16:10:03] 📝 Raw new tokens generated: 14
[16:10:03] 🚀 Throughput: 63.85 tokens/s
[16:10:03] run 30/30…
[16:10:03] ⏱ Runtime: 0.220 s
[16:10:03] 📝 Raw new tokens generated: 14
[16:10:03] 🚀 Throughput: 63.72 tokens/s

===== Benchmark summary =====
Timed runs:       30
Batch size:       2
Avg throughput:   63.16 tokens/s
P50 throughput:   63.79 tokens/s
P95 throughput:   64.04 tokens/s
Std dev (tps):    3.07
Avg runtime:      0.222 s
Avg new tokens:   14.0
/home/savini98/.cache/huggingface/modules/transformers_modules/microsoft/Florence-2-large/21a599d414c4d928c9032694c424fb94458e3594/modeling_florence2.py
[16:10:03] done
