Conda environment: fixed_env
[14:45:23] start
[14:45:23] loading tokenizer…
[14:45:24] loading model
[GPU] NVIDIA GeForce RTX 3090, 23.5 GB VRAM
[GPU] Baseline memory (model loaded): 0.52 GB
Asking to truncate to max_length but no maximum length is provided and the model has no predefined maximum length. Default to no truncation.
[GPU] Probe batch_size=8: peak=0.53 GB, per_sample=1.3 MB
[GPU] Available for batches: 15.96 GB (target 70% utilization)
[GPU] Estimated batch size: 1223
[GPU] Verified: batch_size=1223 fits (peak 0.91 GB) ✅
[14:45:25] using batch_size=1223
[14:45:25] eager forward sanity check…
[14:45:25] eager ok
[14:45:25] checking Dynamo graph breaks…

===== Graph Break Report =====
Graph break count: 0
Number of graphs:  1
No graph breaks detected.
===================================
[14:45:29] compiling with torch.compile (inductor, reduce-overhead)…
[14:45:30] warmup x1…
/home/savini98/miniconda3/envs/fixed_env/lib/python3.12/site-packages/torch/_inductor/lowering.py:7007: UserWarning: 
Online softmax is disabled on the fly since Inductor decides to
split the reduction. Cut an issue to PyTorch if this is an
important use case and you want to speed it up with online
softmax.

  warnings.warn(
[14:45:48] profiling one step…
[14:45:49] chrome trace saved: /home/savini98/repos/fx-graph-research/models/t5-base/traces/t5-base_trace_fixed_20260330_144548.json
[14:45:49] ✅ CUDA Graph activity detected:
  - cudaGraphDestroy
  - cudaGraphGetNodes
  - cudaGraphInstantiateWithFlags
  - cudaGraphLaunch
[14:45:49] benchmarking 30 timed runs…
[14:45:49] run 1/30…
[14:45:49] ⏱ Runtime: 0.313 s
[14:45:49] 📝 Raw new tokens generated: 14
[14:45:49] 🚀 Throughput: 44.76 tokens/s
[14:45:49] run 2/30…
[14:45:50] ⏱ Runtime: 0.286 s
[14:45:50] 📝 Raw new tokens generated: 14
[14:45:50] 🚀 Throughput: 48.90 tokens/s
[14:45:50] run 3/30…
[14:45:50] ⏱ Runtime: 0.287 s
[14:45:50] 📝 Raw new tokens generated: 14
[14:45:50] 🚀 Throughput: 48.83 tokens/s
[14:45:50] run 4/30…
[14:45:50] ⏱ Runtime: 0.287 s
[14:45:50] 📝 Raw new tokens generated: 14
[14:45:50] 🚀 Throughput: 48.76 tokens/s
[14:45:50] run 5/30…
[14:45:51] ⏱ Runtime: 0.288 s
[14:45:51] 📝 Raw new tokens generated: 14
[14:45:51] 🚀 Throughput: 48.55 tokens/s
[14:45:51] run 6/30…
[14:45:51] ⏱ Runtime: 0.286 s
[14:45:51] 📝 Raw new tokens generated: 14
[14:45:51] 🚀 Throughput: 48.88 tokens/s
[14:45:51] run 7/30…
[14:45:51] ⏱ Runtime: 0.288 s
[14:45:51] 📝 Raw new tokens generated: 14
[14:45:51] 🚀 Throughput: 48.67 tokens/s
[14:45:51] run 8/30…
[14:45:51] ⏱ Runtime: 0.288 s
[14:45:51] 📝 Raw new tokens generated: 14
[14:45:51] 🚀 Throughput: 48.60 tokens/s
[14:45:51] run 9/30…
[14:45:52] ⏱ Runtime: 0.287 s
[14:45:52] 📝 Raw new tokens generated: 14
[14:45:52] 🚀 Throughput: 48.76 tokens/s
[14:45:52] run 10/30…
[14:45:52] ⏱ Runtime: 0.287 s
[14:45:52] 📝 Raw new tokens generated: 14
[14:45:52] 🚀 Throughput: 48.76 tokens/s
[14:45:52] run 11/30…
[14:45:52] ⏱ Runtime: 0.289 s
[14:45:52] 📝 Raw new tokens generated: 14
[14:45:52] 🚀 Throughput: 48.43 tokens/s
[14:45:52] run 12/30…
[14:45:53] ⏱ Runtime: 0.290 s
[14:45:53] 📝 Raw new tokens generated: 14
[14:45:53] 🚀 Throughput: 48.34 tokens/s
[14:45:53] run 13/30…
[14:45:53] ⏱ Runtime: 0.289 s
[14:45:53] 📝 Raw new tokens generated: 14
[14:45:53] 🚀 Throughput: 48.52 tokens/s
[14:45:53] run 14/30…
[14:45:53] ⏱ Runtime: 0.288 s
[14:45:53] 📝 Raw new tokens generated: 14
[14:45:53] 🚀 Throughput: 48.65 tokens/s
[14:45:53] run 15/30…
[14:45:53] ⏱ Runtime: 0.289 s
[14:45:53] 📝 Raw new tokens generated: 14
[14:45:53] 🚀 Throughput: 48.46 tokens/s
[14:45:53] run 16/30…
[14:45:54] ⏱ Runtime: 0.288 s
[14:45:54] 📝 Raw new tokens generated: 14
[14:45:54] 🚀 Throughput: 48.63 tokens/s
[14:45:54] run 17/30…
[14:45:54] ⏱ Runtime: 0.286 s
[14:45:54] 📝 Raw new tokens generated: 14
[14:45:54] 🚀 Throughput: 48.87 tokens/s
[14:45:54] run 18/30…
[14:45:54] ⏱ Runtime: 0.288 s
[14:45:54] 📝 Raw new tokens generated: 14
[14:45:54] 🚀 Throughput: 48.54 tokens/s
[14:45:54] run 19/30…
[14:45:55] ⏱ Runtime: 0.287 s
[14:45:55] 📝 Raw new tokens generated: 14
[14:45:55] 🚀 Throughput: 48.71 tokens/s
[14:45:55] run 20/30…
[14:45:55] ⏱ Runtime: 0.289 s
[14:45:55] 📝 Raw new tokens generated: 14
[14:45:55] 🚀 Throughput: 48.48 tokens/s
[14:45:55] run 21/30…
[14:45:55] ⏱ Runtime: 0.287 s
[14:45:55] 📝 Raw new tokens generated: 14
[14:45:55] 🚀 Throughput: 48.71 tokens/s
[14:45:55] run 22/30…
[14:45:55] ⏱ Runtime: 0.289 s
[14:45:55] 📝 Raw new tokens generated: 14
[14:45:55] 🚀 Throughput: 48.52 tokens/s
[14:45:55] run 23/30…
[14:45:56] ⏱ Runtime: 0.288 s
[14:45:56] 📝 Raw new tokens generated: 14
[14:45:56] 🚀 Throughput: 48.68 tokens/s
[14:45:56] run 24/30…
[14:45:56] ⏱ Runtime: 0.287 s
[14:45:56] 📝 Raw new tokens generated: 14
[14:45:56] 🚀 Throughput: 48.73 tokens/s
[14:45:56] run 25/30…
[14:45:56] ⏱ Runtime: 0.288 s
[14:45:56] 📝 Raw new tokens generated: 14
[14:45:56] 🚀 Throughput: 48.65 tokens/s
[14:45:56] run 26/30…
[14:45:57] ⏱ Runtime: 0.288 s
[14:45:57] 📝 Raw new tokens generated: 14
[14:45:57] 🚀 Throughput: 48.63 tokens/s
[14:45:57] run 27/30…
[14:45:57] ⏱ Runtime: 0.288 s
[14:45:57] 📝 Raw new tokens generated: 14
[14:45:57] 🚀 Throughput: 48.65 tokens/s
[14:45:57] run 28/30…
[14:45:57] ⏱ Runtime: 0.287 s
[14:45:57] 📝 Raw new tokens generated: 14
[14:45:57] 🚀 Throughput: 48.70 tokens/s
[14:45:57] run 29/30…
[14:45:57] ⏱ Runtime: 0.289 s
[14:45:57] 📝 Raw new tokens generated: 14
[14:45:57] 🚀 Throughput: 48.36 tokens/s
[14:45:57] run 30/30…
[14:45:58] ⏱ Runtime: 0.288 s
[14:45:58] 📝 Raw new tokens generated: 14
[14:45:58] 🚀 Throughput: 48.59 tokens/s

===== Benchmark summary =====
Timed runs:       30
Avg throughput:   48.51 tokens/s
P50 throughput:   48.65 tokens/s
P95 throughput:   48.87 tokens/s
Std dev (tps):    0.71
Avg runtime:      0.289 s
Avg new tokens:   14.0
/home/savini98/miniconda3/envs/fixed_env/lib/python3.12/site-packages/torch/_dynamo/eval_frame.py
[14:45:58] done
