Conda environment: fixed_env
[14:35:20] start
[14:35:20] loading tokenizer…
[14:35:20] loading model
[GPU] NVIDIA GeForce RTX 3090, 23.5 GB VRAM
[GPU] Baseline memory (model loaded): 0.52 GB
Asking to truncate to max_length but no maximum length is provided and the model has no predefined maximum length. Default to no truncation.
[GPU] Probe batch_size=8: peak=0.53 GB, per_sample=1.3 MB
[GPU] Available for batches: 15.96 GB (target 70% utilization)
[GPU] Estimated batch size: 2048
[GPU] Verified: batch_size=2048 fits (peak 1.17 GB) ✅
[14:35:22] using batch_size=2048
[14:35:22] eager forward sanity check…
[14:35:22] eager ok
[14:35:22] checking Dynamo graph breaks…

===== Graph Break Report =====
Graph break count: 0
Number of graphs:  1
No graph breaks detected.
===================================
[14:35:26] compiling with torch.compile (inductor, reduce-overhead)…
[14:35:27] warmup x1…
[14:35:31] profiling one step…
[14:35:32] chrome trace saved: /home/savini98/repos/fx-graph-research/models/t5-base/traces/t5-base_trace_fixed_20260330_143531.json
[14:35:32] ✅ CUDA Graph activity detected:
  - cudaGraphDestroy
  - cudaGraphGetNodes
  - cudaGraphInstantiateWithFlags
  - cudaGraphLaunch
[14:35:32] benchmarking 30 timed runs…
[14:35:32] run 1/30…
[14:35:33] ⏱ Runtime: 0.494 s
[14:35:33] 📝 Raw new tokens generated: 14
[14:35:33] 🚀 Throughput: 28.33 tokens/s
[14:35:33] run 2/30…
[14:35:33] ⏱ Runtime: 0.467 s
[14:35:33] 📝 Raw new tokens generated: 14
[14:35:33] 🚀 Throughput: 29.99 tokens/s
[14:35:33] run 3/30…
[14:35:34] ⏱ Runtime: 0.467 s
[14:35:34] 📝 Raw new tokens generated: 14
[14:35:34] 🚀 Throughput: 29.97 tokens/s
[14:35:34] run 4/30…
[14:35:34] ⏱ Runtime: 0.467 s
[14:35:34] 📝 Raw new tokens generated: 14
[14:35:34] 🚀 Throughput: 29.95 tokens/s
[14:35:34] run 5/30…
[14:35:35] ⏱ Runtime: 0.469 s
[14:35:35] 📝 Raw new tokens generated: 14
[14:35:35] 🚀 Throughput: 29.83 tokens/s
[14:35:35] run 6/30…
[14:35:35] ⏱ Runtime: 0.468 s
[14:35:35] 📝 Raw new tokens generated: 14
[14:35:35] 🚀 Throughput: 29.92 tokens/s
[14:35:35] run 7/30…
[14:35:36] ⏱ Runtime: 0.468 s
[14:35:36] 📝 Raw new tokens generated: 14
[14:35:36] 🚀 Throughput: 29.93 tokens/s
[14:35:36] run 8/30…
[14:35:36] ⏱ Runtime: 0.470 s
[14:35:36] 📝 Raw new tokens generated: 14
[14:35:36] 🚀 Throughput: 29.80 tokens/s
[14:35:36] run 9/30…
[14:35:37] ⏱ Runtime: 0.469 s
[14:35:37] 📝 Raw new tokens generated: 14
[14:35:37] 🚀 Throughput: 29.85 tokens/s
[14:35:37] run 10/30…
[14:35:37] ⏱ Runtime: 0.470 s
[14:35:37] 📝 Raw new tokens generated: 14
[14:35:37] 🚀 Throughput: 29.79 tokens/s
[14:35:37] run 11/30…
[14:35:38] ⏱ Runtime: 0.470 s
[14:35:38] 📝 Raw new tokens generated: 14
[14:35:38] 🚀 Throughput: 29.79 tokens/s
[14:35:38] run 12/30…
[14:35:38] ⏱ Runtime: 0.471 s
[14:35:38] 📝 Raw new tokens generated: 14
[14:35:38] 🚀 Throughput: 29.75 tokens/s
[14:35:38] run 13/30…
[14:35:39] ⏱ Runtime: 0.469 s
[14:35:39] 📝 Raw new tokens generated: 14
[14:35:39] 🚀 Throughput: 29.85 tokens/s
[14:35:39] run 14/30…
[14:35:39] ⏱ Runtime: 0.470 s
[14:35:39] 📝 Raw new tokens generated: 14
[14:35:39] 🚀 Throughput: 29.79 tokens/s
[14:35:39] run 15/30…
[14:35:40] ⏱ Runtime: 0.471 s
[14:35:40] 📝 Raw new tokens generated: 14
[14:35:40] 🚀 Throughput: 29.73 tokens/s
[14:35:40] run 16/30…
[14:35:40] ⏱ Runtime: 0.471 s
[14:35:40] 📝 Raw new tokens generated: 14
[14:35:40] 🚀 Throughput: 29.76 tokens/s
[14:35:40] run 17/30…
[14:35:41] ⏱ Runtime: 0.470 s
[14:35:41] 📝 Raw new tokens generated: 14
[14:35:41] 🚀 Throughput: 29.76 tokens/s
[14:35:41] run 18/30…
[14:35:41] ⏱ Runtime: 0.472 s
[14:35:41] 📝 Raw new tokens generated: 14
[14:35:41] 🚀 Throughput: 29.68 tokens/s
[14:35:41] run 19/30…
[14:35:41] ⏱ Runtime: 0.470 s
[14:35:41] 📝 Raw new tokens generated: 14
[14:35:41] 🚀 Throughput: 29.80 tokens/s
[14:35:41] run 20/30…
[14:35:42] ⏱ Runtime: 0.469 s
[14:35:42] 📝 Raw new tokens generated: 14
[14:35:42] 🚀 Throughput: 29.83 tokens/s
[14:35:42] run 21/30…
[14:35:42] ⏱ Runtime: 0.471 s
[14:35:42] 📝 Raw new tokens generated: 14
[14:35:42] 🚀 Throughput: 29.73 tokens/s
[14:35:42] run 22/30…
[14:35:43] ⏱ Runtime: 0.471 s
[14:35:43] 📝 Raw new tokens generated: 14
[14:35:43] 🚀 Throughput: 29.73 tokens/s
[14:35:43] run 23/30…
[14:35:43] ⏱ Runtime: 0.470 s
[14:35:43] 📝 Raw new tokens generated: 14
[14:35:43] 🚀 Throughput: 29.77 tokens/s
[14:35:43] run 24/30…
[14:35:44] ⏱ Runtime: 0.471 s
[14:35:44] 📝 Raw new tokens generated: 14
[14:35:44] 🚀 Throughput: 29.75 tokens/s
[14:35:44] run 25/30…
[14:35:44] ⏱ Runtime: 0.471 s
[14:35:44] 📝 Raw new tokens generated: 14
[14:35:44] 🚀 Throughput: 29.75 tokens/s
[14:35:44] run 26/30…
[14:35:45] ⏱ Runtime: 0.471 s
[14:35:45] 📝 Raw new tokens generated: 14
[14:35:45] 🚀 Throughput: 29.73 tokens/s
[14:35:45] run 27/30…
[14:35:45] ⏱ Runtime: 0.472 s
[14:35:45] 📝 Raw new tokens generated: 14
[14:35:45] 🚀 Throughput: 29.69 tokens/s
[14:35:45] run 28/30…
[14:35:46] ⏱ Runtime: 0.471 s
[14:35:46] 📝 Raw new tokens generated: 14
[14:35:46] 🚀 Throughput: 29.72 tokens/s
[14:35:46] run 29/30…
[14:35:46] ⏱ Runtime: 0.471 s
[14:35:46] 📝 Raw new tokens generated: 14
[14:35:46] 🚀 Throughput: 29.74 tokens/s
[14:35:46] run 30/30…
[14:35:47] ⏱ Runtime: 0.471 s
[14:35:47] 📝 Raw new tokens generated: 14
[14:35:47] 🚀 Throughput: 29.71 tokens/s

===== Benchmark summary =====
Timed runs:       30
Avg throughput:   29.75 tokens/s
P50 throughput:   29.76 tokens/s
P95 throughput:   29.95 tokens/s
Std dev (tps):    0.28
Avg runtime:      0.471 s
Avg new tokens:   14.0
/home/savini98/miniconda3/envs/fixed_env/lib/python3.12/site-packages/torch/_dynamo/eval_frame.py
[14:35:47] done
