Conda environment: original_env
[14:34:44] start
[14:34:44] loading tokenizer…
[14:34:44] loading model
[GPU] NVIDIA GeForce RTX 3090, 23.5 GB VRAM
[GPU] Baseline memory (model loaded): 0.52 GB
Asking to truncate to max_length but no maximum length is provided and the model has no predefined maximum length. Default to no truncation.
Passing a tuple of `past_key_values` is deprecated and will be removed in Transformers v4.48.0. You should pass an instance of `EncoderDecoderCache` instead, e.g. `past_key_values=EncoderDecoderCache.from_legacy_cache(past_key_values)`.
[GPU] Probe batch_size=8: peak=0.53 GB, per_sample=1.6 MB
[GPU] Available for batches: 15.96 GB (target 70% utilization)
[GPU] Estimated batch size: 2048
[GPU] Verified: batch_size=2048 fits (peak 1.61 GB) ✅
[14:34:46] using batch_size=2048
[14:34:46] eager forward sanity check…
[14:34:46] eager ok
[14:34:46] checking Dynamo graph breaks…

===== Graph Break Report =====
Graph break count: 3
Number of graphs:  4
Break reasons:
  1. GraphCompileReason(reason='Logger not supported for non-export cases. To avoid graph breaks caused by logger in compile-mode, it is recommended to disable logging by adding logging methods to config.ignore_logger_methods', user_stack=[<FrameSummary file /home/savini98/miniconda3/envs/original_env/lib/python3.12/site-packages/transformers/models/t5/modeling_t5.py, line 1811 in forward>, <FrameSummary file /home/savini98/miniconda3/envs/original_env/lib/python3.12/site-packages/transformers/models/t5/modeling_t5.py, line 1019 in forward>], graph_break=True)
  2. GraphCompileReason(reason='Logger not supported for non-export cases. To avoid graph breaks caused by logger in compile-mode, it is recommended to disable logging by adding logging methods to config.ignore_logger_methods', user_stack=[<FrameSummary file /home/savini98/miniconda3/envs/original_env/lib/python3.12/site-packages/transformers/models/t5/modeling_t5.py, line 1019 in forward>], graph_break=True)
===================================
[14:34:50] compiling with torch.compile (inductor, reduce-overhead)…
[14:34:51] warmup x1…
[14:35:00] profiling one step…
[14:35:02] chrome trace saved: /home/savini98/repos/fx-graph-research/models/t5-base/traces/t5-base_trace_original_20260330_143500.json
[14:35:02] ✅ CUDA Graph activity detected:
  - cudaGraphDestroy
  - cudaGraphGetNodes
  - cudaGraphInstantiateWithFlags
  - cudaGraphLaunch
[14:35:02] benchmarking 30 timed runs…
[14:35:02] run 1/30…
[14:35:03] ⏱ Runtime: 0.492 s
[14:35:03] 📝 Raw new tokens generated: 14
[14:35:03] 🚀 Throughput: 28.45 tokens/s
[14:35:03] run 2/30…
[14:35:03] ⏱ Runtime: 0.464 s
[14:35:03] 📝 Raw new tokens generated: 14
[14:35:03] 🚀 Throughput: 30.16 tokens/s
[14:35:03] run 3/30…
[14:35:03] ⏱ Runtime: 0.465 s
[14:35:03] 📝 Raw new tokens generated: 14
[14:35:03] 🚀 Throughput: 30.09 tokens/s
[14:35:03] run 4/30…
[14:35:04] ⏱ Runtime: 0.465 s
[14:35:04] 📝 Raw new tokens generated: 14
[14:35:04] 🚀 Throughput: 30.11 tokens/s
[14:35:04] run 5/30…
[14:35:04] ⏱ Runtime: 0.465 s
[14:35:04] 📝 Raw new tokens generated: 14
[14:35:04] 🚀 Throughput: 30.13 tokens/s
[14:35:04] run 6/30…
[14:35:05] ⏱ Runtime: 0.466 s
[14:35:05] 📝 Raw new tokens generated: 14
[14:35:05] 🚀 Throughput: 30.07 tokens/s
[14:35:05] run 7/30…
[14:35:05] ⏱ Runtime: 0.465 s
[14:35:05] 📝 Raw new tokens generated: 14
[14:35:05] 🚀 Throughput: 30.10 tokens/s
[14:35:05] run 8/30…
[14:35:06] ⏱ Runtime: 0.466 s
[14:35:06] 📝 Raw new tokens generated: 14
[14:35:06] 🚀 Throughput: 30.05 tokens/s
[14:35:06] run 9/30…
[14:35:06] ⏱ Runtime: 0.465 s
[14:35:06] 📝 Raw new tokens generated: 14
[14:35:06] 🚀 Throughput: 30.08 tokens/s
[14:35:06] run 10/30…
[14:35:07] ⏱ Runtime: 0.466 s
[14:35:07] 📝 Raw new tokens generated: 14
[14:35:07] 🚀 Throughput: 30.03 tokens/s
[14:35:07] run 11/30…
[14:35:07] ⏱ Runtime: 0.467 s
[14:35:07] 📝 Raw new tokens generated: 14
[14:35:07] 🚀 Throughput: 30.00 tokens/s
[14:35:07] run 12/30…
[14:35:08] ⏱ Runtime: 0.468 s
[14:35:08] 📝 Raw new tokens generated: 14
[14:35:08] 🚀 Throughput: 29.94 tokens/s
[14:35:08] run 13/30…
[14:35:08] ⏱ Runtime: 0.467 s
[14:35:08] 📝 Raw new tokens generated: 14
[14:35:08] 🚀 Throughput: 29.97 tokens/s
[14:35:08] run 14/30…
[14:35:09] ⏱ Runtime: 0.466 s
[14:35:09] 📝 Raw new tokens generated: 14
[14:35:09] 🚀 Throughput: 30.04 tokens/s
[14:35:09] run 15/30…
[14:35:09] ⏱ Runtime: 0.469 s
[14:35:09] 📝 Raw new tokens generated: 14
[14:35:09] 🚀 Throughput: 29.85 tokens/s
[14:35:09] run 16/30…
[14:35:10] ⏱ Runtime: 0.467 s
[14:35:10] 📝 Raw new tokens generated: 14
[14:35:10] 🚀 Throughput: 29.95 tokens/s
[14:35:10] run 17/30…
[14:35:10] ⏱ Runtime: 0.469 s
[14:35:10] 📝 Raw new tokens generated: 14
[14:35:10] 🚀 Throughput: 29.86 tokens/s
[14:35:10] run 18/30…
[14:35:10] ⏱ Runtime: 0.468 s
[14:35:10] 📝 Raw new tokens generated: 14
[14:35:10] 🚀 Throughput: 29.92 tokens/s
[14:35:10] run 19/30…
[14:35:11] ⏱ Runtime: 0.469 s
[14:35:11] 📝 Raw new tokens generated: 14
[14:35:11] 🚀 Throughput: 29.87 tokens/s
[14:35:11] run 20/30…
[14:35:11] ⏱ Runtime: 0.467 s
[14:35:11] 📝 Raw new tokens generated: 14
[14:35:11] 🚀 Throughput: 29.97 tokens/s
[14:35:11] run 21/30…
[14:35:12] ⏱ Runtime: 0.467 s
[14:35:12] 📝 Raw new tokens generated: 14
[14:35:12] 🚀 Throughput: 29.99 tokens/s
[14:35:12] run 22/30…
[14:35:12] ⏱ Runtime: 0.468 s
[14:35:12] 📝 Raw new tokens generated: 14
[14:35:12] 🚀 Throughput: 29.89 tokens/s
[14:35:12] run 23/30…
[14:35:13] ⏱ Runtime: 0.468 s
[14:35:13] 📝 Raw new tokens generated: 14
[14:35:13] 🚀 Throughput: 29.92 tokens/s
[14:35:13] run 24/30…
[14:35:13] ⏱ Runtime: 0.468 s
[14:35:13] 📝 Raw new tokens generated: 14
[14:35:13] 🚀 Throughput: 29.91 tokens/s
[14:35:13] run 25/30…
[14:35:14] ⏱ Runtime: 0.468 s
[14:35:14] 📝 Raw new tokens generated: 14
[14:35:14] 🚀 Throughput: 29.92 tokens/s
[14:35:14] run 26/30…
[14:35:14] ⏱ Runtime: 0.468 s
[14:35:14] 📝 Raw new tokens generated: 14
[14:35:14] 🚀 Throughput: 29.92 tokens/s
[14:35:14] run 27/30…
[14:35:15] ⏱ Runtime: 0.468 s
[14:35:15] 📝 Raw new tokens generated: 14
[14:35:15] 🚀 Throughput: 29.93 tokens/s
[14:35:15] run 28/30…
[14:35:15] ⏱ Runtime: 0.468 s
[14:35:15] 📝 Raw new tokens generated: 14
[14:35:15] 🚀 Throughput: 29.89 tokens/s
[14:35:15] run 29/30…
[14:35:16] ⏱ Runtime: 0.469 s
[14:35:16] 📝 Raw new tokens generated: 14
[14:35:16] 🚀 Throughput: 29.86 tokens/s
[14:35:16] run 30/30…
[14:35:16] ⏱ Runtime: 0.468 s
[14:35:16] 📝 Raw new tokens generated: 14
[14:35:16] 🚀 Throughput: 29.90 tokens/s

===== Benchmark summary =====
Timed runs:       30
Avg throughput:   29.93 tokens/s
P50 throughput:   29.94 tokens/s
P95 throughput:   30.11 tokens/s
Std dev (tps):    0.29
Avg runtime:      0.468 s
Avg new tokens:   14.0
/home/savini98/miniconda3/envs/original_env/lib/python3.12/site-packages/torch/_dynamo/eval_frame.py
[14:35:16] done
