Conda environment: original_env
[16:19:53] start
[16:19:55] loading chronos-bolt-small pipeline…
[16:19:55] eager predict sanity check…
Passing a tuple of `past_key_values` is deprecated and will be removed in Transformers v4.48.0. You should pass an instance of `EncoderDecoderCache` instead, e.g. `past_key_values=EncoderDecoderCache.from_legacy_cache(past_key_values)`.
[16:19:55] eager ok — forecast shape: torch.Size([64, 9, 24])
[16:19:55] checking Dynamo graph breaks…
[16:19:55] inner model class: ChronosBoltModelForForecasting

===== Graph Break Report =====
Graph break count: 6
Number of graphs:  7
Break reasons:
  1. GraphCompileReason(reason='Logger not supported for non-export cases. To avoid graph breaks caused by logger in compile-mode, it is recommended to disable logging by adding logging methods to config.ignore_logger_methods', user_stack=[<FrameSummary file /home/savini98/miniconda3/envs/original_env/lib/python3.12/site-packages/chronos/chronos_bolt.py, line 522 in predict>, <FrameSummary file /home/savini98/miniconda3/envs/original_env/lib/python3.12/site-packages/chronos/chronos_bolt.py, line 304 in forward>, <FrameSummary file /home/savini98/miniconda3/envs/original_env/lib/python3.12/site-packages/chronos/chronos_bolt.py, line 392 in decode>, <FrameSummary file /home/savini98/miniconda3/envs/original_env/lib/python3.12/site-packages/transformers/models/t5/modeling_t5.py, line 1019 in forward>], graph_break=True)
  2. GraphCompileReason(reason='Logger not supported for non-export cases. To avoid graph breaks caused by logger in compile-mode, it is recommended to disable logging by adding logging methods to config.ignore_logger_methods', user_stack=[<FrameSummary file /home/savini98/miniconda3/envs/original_env/lib/python3.12/site-packages/chronos/chronos_bolt.py, line 304 in forward>, <FrameSummary file /home/savini98/miniconda3/envs/original_env/lib/python3.12/site-packages/chronos/chronos_bolt.py, line 392 in decode>, <FrameSummary file /home/savini98/miniconda3/envs/original_env/lib/python3.12/site-packages/transformers/models/t5/modeling_t5.py, line 1019 in forward>], graph_break=True)
  3. GraphCompileReason(reason='Logger not supported for non-export cases. To avoid graph breaks caused by logger in compile-mode, it is recommended to disable logging by adding logging methods to config.ignore_logger_methods', user_stack=[<FrameSummary file /home/savini98/miniconda3/envs/original_env/lib/python3.12/site-packages/chronos/chronos_bolt.py, line 392 in decode>, <FrameSummary file /home/savini98/miniconda3/envs/original_env/lib/python3.12/site-packages/transformers/models/t5/modeling_t5.py, line 1019 in forward>], graph_break=True)
  4. GraphCompileReason(reason='Logger not supported for non-export cases. To avoid graph breaks caused by logger in compile-mode, it is recommended to disable logging by adding logging methods to config.ignore_logger_methods', user_stack=[<FrameSummary file /home/savini98/miniconda3/envs/original_env/lib/python3.12/site-packages/transformers/models/t5/modeling_t5.py, line 1019 in forward>], graph_break=True)
===================================
[16:19:59] warmup x1…
[16:19:59] profiling one step…
[16:19:59] chrome trace saved: /home/savini98/repos/fx-graph-research/models/chronos-bolt-small/traces/chronos-bolt-small_trace_original_20260330_161959.json
[16:20:01] ❌ No CUDA Graph API events detected in this step.
[16:20:01] benchmarking 30 timed runs…
[16:20:01] run 1/30…
[16:20:01] ⏱ Runtime: 0.013 s
[16:20:01] 📝 Series in batch: 64
[16:20:01] 🚀 Throughput: 4880.73 series/s
[16:20:01] run 2/30…
[16:20:01] ⏱ Runtime: 0.012 s
[16:20:01] 📝 Series in batch: 64
[16:20:01] 🚀 Throughput: 5155.87 series/s
[16:20:01] run 3/30…
[16:20:01] ⏱ Runtime: 0.012 s
[16:20:01] 📝 Series in batch: 64
[16:20:01] 🚀 Throughput: 5173.26 series/s
[16:20:01] run 4/30…
[16:20:01] ⏱ Runtime: 0.012 s
[16:20:01] 📝 Series in batch: 64
[16:20:01] 🚀 Throughput: 5198.91 series/s
[16:20:01] run 5/30…
[16:20:01] ⏱ Runtime: 0.012 s
[16:20:01] 📝 Series in batch: 64
[16:20:01] 🚀 Throughput: 5166.79 series/s
[16:20:01] run 6/30…
[16:20:01] ⏱ Runtime: 0.012 s
[16:20:01] 📝 Series in batch: 64
[16:20:01] 🚀 Throughput: 5187.06 series/s
[16:20:01] run 7/30…
[16:20:01] ⏱ Runtime: 0.012 s
[16:20:01] 📝 Series in batch: 64
[16:20:01] 🚀 Throughput: 5201.33 series/s
[16:20:01] run 8/30…
[16:20:01] ⏱ Runtime: 0.012 s
[16:20:01] 📝 Series in batch: 64
[16:20:01] 🚀 Throughput: 5192.78 series/s
[16:20:01] run 9/30…
[16:20:01] ⏱ Runtime: 0.012 s
[16:20:01] 📝 Series in batch: 64
[16:20:01] 🚀 Throughput: 5216.90 series/s
[16:20:01] run 10/30…
[16:20:01] ⏱ Runtime: 0.012 s
[16:20:01] 📝 Series in batch: 64
[16:20:01] 🚀 Throughput: 5144.22 series/s
[16:20:01] run 11/30…
[16:20:01] ⏱ Runtime: 0.013 s
[16:20:01] 📝 Series in batch: 64
[16:20:01] 🚀 Throughput: 5014.39 series/s
[16:20:01] run 12/30…
[16:20:01] ⏱ Runtime: 0.013 s
[16:20:01] 📝 Series in batch: 64
[16:20:01] 🚀 Throughput: 5072.09 series/s
[16:20:01] run 13/30…
[16:20:01] ⏱ Runtime: 0.013 s
[16:20:01] 📝 Series in batch: 64
[16:20:01] 🚀 Throughput: 5092.59 series/s
[16:20:01] run 14/30…
[16:20:01] ⏱ Runtime: 0.013 s
[16:20:01] 📝 Series in batch: 64
[16:20:01] 🚀 Throughput: 5110.33 series/s
[16:20:01] run 15/30…
[16:20:01] ⏱ Runtime: 0.012 s
[16:20:01] 📝 Series in batch: 64
[16:20:01] 🚀 Throughput: 5162.62 series/s
[16:20:01] run 16/30…
[16:20:01] ⏱ Runtime: 0.012 s
[16:20:01] 📝 Series in batch: 64
[16:20:01] 🚀 Throughput: 5170.67 series/s
[16:20:01] run 17/30…
[16:20:01] ⏱ Runtime: 0.012 s
[16:20:01] 📝 Series in batch: 64
[16:20:01] 🚀 Throughput: 5140.18 series/s
[16:20:01] run 18/30…
[16:20:01] ⏱ Runtime: 0.012 s
[16:20:01] 📝 Series in batch: 64
[16:20:01] 🚀 Throughput: 5169.88 series/s
[16:20:01] run 19/30…
[16:20:01] ⏱ Runtime: 0.012 s
[16:20:01] 📝 Series in batch: 64
[16:20:01] 🚀 Throughput: 5191.77 series/s
[16:20:01] run 20/30…
[16:20:01] ⏱ Runtime: 0.012 s
[16:20:01] 📝 Series in batch: 64
[16:20:01] 🚀 Throughput: 5147.37 series/s
[16:20:01] run 21/30…
[16:20:01] ⏱ Runtime: 0.012 s
[16:20:01] 📝 Series in batch: 64
[16:20:01] 🚀 Throughput: 5160.53 series/s
[16:20:01] run 22/30…
[16:20:01] ⏱ Runtime: 0.013 s
[16:20:01] 📝 Series in batch: 64
[16:20:01] 🚀 Throughput: 5115.00 series/s
[16:20:01] run 23/30…
[16:20:01] ⏱ Runtime: 0.013 s
[16:20:01] 📝 Series in batch: 64
[16:20:01] 🚀 Throughput: 5079.10 series/s
[16:20:01] run 24/30…
[16:20:01] ⏱ Runtime: 0.013 s
[16:20:01] 📝 Series in batch: 64
[16:20:01] 🚀 Throughput: 5108.00 series/s
[16:20:01] run 25/30…
[16:20:01] ⏱ Runtime: 0.012 s
[16:20:01] 📝 Series in batch: 64
[16:20:01] 🚀 Throughput: 5130.84 series/s
[16:20:01] run 26/30…
[16:20:01] ⏱ Runtime: 0.012 s
[16:20:01] 📝 Series in batch: 64
[16:20:01] 🚀 Throughput: 5120.86 series/s
[16:20:01] run 27/30…
[16:20:01] ⏱ Runtime: 0.012 s
[16:20:01] 📝 Series in batch: 64
[16:20:01] 🚀 Throughput: 5183.35 series/s
[16:20:01] run 28/30…
[16:20:01] ⏱ Runtime: 0.012 s
[16:20:01] 📝 Series in batch: 64
[16:20:01] 🚀 Throughput: 5205.97 series/s
[16:20:01] run 29/30…
[16:20:01] ⏱ Runtime: 0.012 s
[16:20:01] 📝 Series in batch: 64
[16:20:01] 🚀 Throughput: 5188.76 series/s
[16:20:01] run 30/30…
[16:20:01] ⏱ Runtime: 0.012 s
[16:20:01] 📝 Series in batch: 64
[16:20:01] 🚀 Throughput: 5176.36 series/s

===== Benchmark summary =====
Timed runs:          30
Batch size:          64
Prediction length:   24
Avg throughput:      5141.95 series/s
P50 throughput:      5161.58 series/s
P95 throughput:      5201.33 series/s
Std dev (series/s):  66.36
Avg runtime:         0.012 s
/home/savini98/miniconda3/envs/original_env/lib/python3.12/site-packages/chronos/chronos_bolt.py
[16:20:01] done
