Conda environment: fixed_env
[16:19:28] start
[16:19:30] loading chronos-bolt-small pipeline…
[16:19:31] eager predict sanity check…
[16:19:31] eager ok — forecast shape: torch.Size([64, 9, 24])
[16:19:31] checking Dynamo graph breaks…
[16:19:31] inner model class: ChronosBoltModelForForecasting

===== Graph Break Report =====
Graph break count: 0
Number of graphs:  1
No graph breaks detected.
===================================
[16:19:33] warmup x1…
[16:19:33] profiling one step…
[16:19:33] chrome trace saved: /home/savini98/repos/fx-graph-research/models/chronos-bolt-small/traces/chronos-bolt-small_trace_fixed_20260330_161933.json
[16:19:35] ❌ No CUDA Graph API events detected in this step.
[16:19:35] benchmarking 30 timed runs…
[16:19:35] run 1/30…
[16:19:35] ⏱ Runtime: 0.013 s
[16:19:35] 📝 Series in batch: 64
[16:19:35] 🚀 Throughput: 4992.85 series/s
[16:19:35] run 2/30…
[16:19:35] ⏱ Runtime: 0.012 s
[16:19:35] 📝 Series in batch: 64
[16:19:35] 🚀 Throughput: 5282.81 series/s
[16:19:35] run 3/30…
[16:19:35] ⏱ Runtime: 0.012 s
[16:19:35] 📝 Series in batch: 64
[16:19:35] 🚀 Throughput: 5317.76 series/s
[16:19:35] run 4/30…
[16:19:35] ⏱ Runtime: 0.012 s
[16:19:35] 📝 Series in batch: 64
[16:19:35] 🚀 Throughput: 5255.92 series/s
[16:19:35] run 5/30…
[16:19:35] ⏱ Runtime: 0.012 s
[16:19:35] 📝 Series in batch: 64
[16:19:35] 🚀 Throughput: 5362.81 series/s
[16:19:35] run 6/30…
[16:19:35] ⏱ Runtime: 0.012 s
[16:19:35] 📝 Series in batch: 64
[16:19:35] 🚀 Throughput: 5361.31 series/s
[16:19:35] run 7/30…
[16:19:35] ⏱ Runtime: 0.012 s
[16:19:35] 📝 Series in batch: 64
[16:19:35] 🚀 Throughput: 5348.92 series/s
[16:19:35] run 8/30…
[16:19:35] ⏱ Runtime: 0.012 s
[16:19:35] 📝 Series in batch: 64
[16:19:35] 🚀 Throughput: 5157.86 series/s
[16:19:35] run 9/30…
[16:19:35] ⏱ Runtime: 0.012 s
[16:19:35] 📝 Series in batch: 64
[16:19:35] 🚀 Throughput: 5141.75 series/s
[16:19:35] run 10/30…
[16:19:35] ⏱ Runtime: 0.012 s
[16:19:35] 📝 Series in batch: 64
[16:19:35] 🚀 Throughput: 5179.35 series/s
[16:19:35] run 11/30…
[16:19:35] ⏱ Runtime: 0.012 s
[16:19:35] 📝 Series in batch: 64
[16:19:35] 🚀 Throughput: 5178.15 series/s
[16:19:35] run 12/30…
[16:19:35] ⏱ Runtime: 0.012 s
[16:19:35] 📝 Series in batch: 64
[16:19:35] 🚀 Throughput: 5225.83 series/s
[16:19:35] run 13/30…
[16:19:35] ⏱ Runtime: 0.012 s
[16:19:35] 📝 Series in batch: 64
[16:19:35] 🚀 Throughput: 5295.11 series/s
[16:19:35] run 14/30…
[16:19:35] ⏱ Runtime: 0.012 s
[16:19:35] 📝 Series in batch: 64
[16:19:35] 🚀 Throughput: 5313.76 series/s
[16:19:35] run 15/30…
[16:19:35] ⏱ Runtime: 0.012 s
[16:19:35] 📝 Series in batch: 64
[16:19:35] 🚀 Throughput: 5324.20 series/s
[16:19:35] run 16/30…
[16:19:35] ⏱ Runtime: 0.012 s
[16:19:35] 📝 Series in batch: 64
[16:19:35] 🚀 Throughput: 5324.62 series/s
[16:19:35] run 17/30…
[16:19:35] ⏱ Runtime: 0.012 s
[16:19:35] 📝 Series in batch: 64
[16:19:35] 🚀 Throughput: 5314.19 series/s
[16:19:35] run 18/30…
[16:19:35] ⏱ Runtime: 0.012 s
[16:19:35] 📝 Series in batch: 64
[16:19:35] 🚀 Throughput: 5289.58 series/s
[16:19:35] run 19/30…
[16:19:35] ⏱ Runtime: 0.012 s
[16:19:35] 📝 Series in batch: 64
[16:19:35] 🚀 Throughput: 5311.24 series/s
[16:19:35] run 20/30…
[16:19:35] ⏱ Runtime: 0.012 s
[16:19:35] 📝 Series in batch: 64
[16:19:35] 🚀 Throughput: 5284.27 series/s
[16:19:35] run 21/30…
[16:19:35] ⏱ Runtime: 0.012 s
[16:19:35] 📝 Series in batch: 64
[16:19:35] 🚀 Throughput: 5257.98 series/s
[16:19:35] run 22/30…
[16:19:35] ⏱ Runtime: 0.012 s
[16:19:35] 📝 Series in batch: 64
[16:19:35] 🚀 Throughput: 5289.37 series/s
[16:19:35] run 23/30…
[16:19:35] ⏱ Runtime: 0.012 s
[16:19:35] 📝 Series in batch: 64
[16:19:35] 🚀 Throughput: 5311.35 series/s
[16:19:35] run 24/30…
[16:19:35] ⏱ Runtime: 0.012 s
[16:19:35] 📝 Series in batch: 64
[16:19:35] 🚀 Throughput: 5209.00 series/s
[16:19:35] run 25/30…
[16:19:35] ⏱ Runtime: 0.012 s
[16:19:35] 📝 Series in batch: 64
[16:19:35] 🚀 Throughput: 5236.13 series/s
[16:19:35] run 26/30…
[16:19:35] ⏱ Runtime: 0.012 s
[16:19:35] 📝 Series in batch: 64
[16:19:35] 🚀 Throughput: 5302.53 series/s
[16:19:35] run 27/30…
[16:19:35] ⏱ Runtime: 0.012 s
[16:19:35] 📝 Series in batch: 64
[16:19:35] 🚀 Throughput: 5319.13 series/s
[16:19:35] run 28/30…
[16:19:35] ⏱ Runtime: 0.012 s
[16:19:35] 📝 Series in batch: 64
[16:19:35] 🚀 Throughput: 5325.15 series/s
[16:19:35] run 29/30…
[16:19:35] ⏱ Runtime: 0.012 s
[16:19:35] 📝 Series in batch: 64
[16:19:35] 🚀 Throughput: 5321.98 series/s
[16:19:35] run 30/30…
[16:19:35] ⏱ Runtime: 0.012 s
[16:19:35] 📝 Series in batch: 64
[16:19:35] 🚀 Throughput: 5304.00 series/s

===== Benchmark summary =====
Timed runs:          30
Batch size:          64
Prediction length:   24
Avg throughput:      5271.30 series/s
P50 throughput:      5298.82 series/s
P95 throughput:      5348.92 series/s
Std dev (series/s):  77.54
Avg runtime:         0.012 s
/home/savini98/miniconda3/envs/fixed_env/lib/python3.12/site-packages/chronos/chronos_bolt.py
[16:19:35] done
