Conda environment: fixed_env
[16:00:55] start
[16:00:55] loading processor…
[16:00:55] loading model
[GPU] NVIDIA GeForce RTX 3090, 23.5 GB VRAM
[GPU] Baseline memory (model loaded): 0.47 GB
[GPU] Probe batch_size=8: peak=0.60 GB, per_sample=17.2 MB
[GPU] Available for batches: 16.01 GB (target 70% utilization)
[GPU] Estimated batch size: 95
[GPU] Verified: batch_size=95 fits (peak 1.92 GB) ✅
[16:00:57] using batch_size=95
[16:00:57] eager forward sanity check…
[16:00:57] eager ok
[16:00:57] checking Dynamo graph breaks…

===== Graph Break Report =====
Graph break count: 0
Number of graphs:  1
No graph breaks detected.
===================================
[16:00:59] compiling with torch.compile (inductor, reduce-overhead)…
[16:00:59] warmup x1…
skipping cudagraphs due to skipping cudagraphs due to cpu device (arg19_1). Found from : 
   File "/home/savini98/repos/fx-graph-research/transformers-modified/src/transformers/models/layoutlmv3/modeling_layoutlmv3.py", line 814, in forward
    visual_bbox = self.calculate_visual_bbox(device, dtype=torch.long, batch_size=batch_size)
  File "/home/savini98/repos/fx-graph-research/transformers-modified/src/transformers/models/layoutlmv3/modeling_layoutlmv3.py", line 661, in calculate_visual_bbox
    visual_bbox = self.visual_bbox.repeat(batch_size, 1, 1)

[16:01:16] profiling one step…
[16:01:17] chrome trace saved: /home/savini98/repos/fx-graph-research/models/layoutlmv3-base/traces/layoutlmv3-base_trace_fixed_20260330_160116.json
[16:01:17] ❌ No CUDA Graph API events detected in this step.
[16:01:17] benchmarking 30 timed runs…
[16:01:17] run 1/30…
[16:01:18] ⏱ Runtime: 0.140 s
[16:01:18] 📝 Samples in batch: 95
[16:01:18] 🚀 Throughput: 677.79 samples/s
[16:01:18] run 2/30…
[16:01:18] ⏱ Runtime: 0.142 s
[16:01:18] 📝 Samples in batch: 95
[16:01:18] 🚀 Throughput: 669.39 samples/s
[16:01:18] run 3/30…
[16:01:18] ⏱ Runtime: 0.142 s
[16:01:18] 📝 Samples in batch: 95
[16:01:18] 🚀 Throughput: 668.45 samples/s
[16:01:18] run 4/30…
[16:01:18] ⏱ Runtime: 0.142 s
[16:01:18] 📝 Samples in batch: 95
[16:01:18] 🚀 Throughput: 668.47 samples/s
[16:01:18] run 5/30…
[16:01:18] ⏱ Runtime: 0.142 s
[16:01:18] 📝 Samples in batch: 95
[16:01:18] 🚀 Throughput: 668.25 samples/s
[16:01:18] run 6/30…
[16:01:18] ⏱ Runtime: 0.142 s
[16:01:18] 📝 Samples in batch: 95
[16:01:18] 🚀 Throughput: 668.32 samples/s
[16:01:18] run 7/30…
[16:01:18] ⏱ Runtime: 0.143 s
[16:01:18] 📝 Samples in batch: 95
[16:01:18] 🚀 Throughput: 664.17 samples/s
[16:01:18] run 8/30…
[16:01:19] ⏱ Runtime: 0.142 s
[16:01:19] 📝 Samples in batch: 95
[16:01:19] 🚀 Throughput: 668.99 samples/s
[16:01:19] run 9/30…
[16:01:19] ⏱ Runtime: 0.142 s
[16:01:19] 📝 Samples in batch: 95
[16:01:19] 🚀 Throughput: 669.16 samples/s
[16:01:19] run 10/30…
[16:01:19] ⏱ Runtime: 0.142 s
[16:01:19] 📝 Samples in batch: 95
[16:01:19] 🚀 Throughput: 668.51 samples/s
[16:01:19] run 11/30…
[16:01:19] ⏱ Runtime: 0.142 s
[16:01:19] 📝 Samples in batch: 95
[16:01:19] 🚀 Throughput: 668.07 samples/s
[16:01:19] run 12/30…
[16:01:19] ⏱ Runtime: 0.142 s
[16:01:19] 📝 Samples in batch: 95
[16:01:19] 🚀 Throughput: 668.67 samples/s
[16:01:19] run 13/30…
[16:01:19] ⏱ Runtime: 0.143 s
[16:01:19] 📝 Samples in batch: 95
[16:01:19] 🚀 Throughput: 666.51 samples/s
[16:01:19] run 14/30…
[16:01:19] ⏱ Runtime: 0.143 s
[16:01:19] 📝 Samples in batch: 95
[16:01:19] 🚀 Throughput: 665.48 samples/s
[16:01:19] run 15/30…
[16:01:20] ⏱ Runtime: 0.142 s
[16:01:20] 📝 Samples in batch: 95
[16:01:20] 🚀 Throughput: 668.57 samples/s
[16:01:20] run 16/30…
[16:01:20] ⏱ Runtime: 0.142 s
[16:01:20] 📝 Samples in batch: 95
[16:01:20] 🚀 Throughput: 668.54 samples/s
[16:01:20] run 17/30…
[16:01:20] ⏱ Runtime: 0.142 s
[16:01:20] 📝 Samples in batch: 95
[16:01:20] 🚀 Throughput: 668.17 samples/s
[16:01:20] run 18/30…
[16:01:20] ⏱ Runtime: 0.142 s
[16:01:20] 📝 Samples in batch: 95
[16:01:20] 🚀 Throughput: 667.17 samples/s
[16:01:20] run 19/30…
[16:01:20] ⏱ Runtime: 0.142 s
[16:01:20] 📝 Samples in batch: 95
[16:01:20] 🚀 Throughput: 667.44 samples/s
[16:01:20] run 20/30…
[16:01:20] ⏱ Runtime: 0.143 s
[16:01:20] 📝 Samples in batch: 95
[16:01:20] 🚀 Throughput: 663.53 samples/s
[16:01:20] run 21/30…
[16:01:20] ⏱ Runtime: 0.142 s
[16:01:20] 📝 Samples in batch: 95
[16:01:20] 🚀 Throughput: 667.26 samples/s
[16:01:20] run 22/30…
[16:01:21] ⏱ Runtime: 0.142 s
[16:01:21] 📝 Samples in batch: 95
[16:01:21] 🚀 Throughput: 668.55 samples/s
[16:01:21] run 23/30…
[16:01:21] ⏱ Runtime: 0.142 s
[16:01:21] 📝 Samples in batch: 95
[16:01:21] 🚀 Throughput: 667.71 samples/s
[16:01:21] run 24/30…
[16:01:21] ⏱ Runtime: 0.142 s
[16:01:21] 📝 Samples in batch: 95
[16:01:21] 🚀 Throughput: 667.16 samples/s
[16:01:21] run 25/30…
[16:01:21] ⏱ Runtime: 0.143 s
[16:01:21] 📝 Samples in batch: 95
[16:01:21] 🚀 Throughput: 666.22 samples/s
[16:01:21] run 26/30…
[16:01:21] ⏱ Runtime: 0.143 s
[16:01:21] 📝 Samples in batch: 95
[16:01:21] 🚀 Throughput: 666.23 samples/s
[16:01:21] run 27/30…
[16:01:21] ⏱ Runtime: 0.143 s
[16:01:21] 📝 Samples in batch: 95
[16:01:21] 🚀 Throughput: 664.33 samples/s
[16:01:21] run 28/30…
[16:01:21] ⏱ Runtime: 0.143 s
[16:01:21] 📝 Samples in batch: 95
[16:01:21] 🚀 Throughput: 664.90 samples/s
[16:01:21] run 29/30…
[16:01:22] ⏱ Runtime: 0.142 s
[16:01:22] 📝 Samples in batch: 95
[16:01:22] 🚀 Throughput: 667.29 samples/s
[16:01:22] run 30/30…
[16:01:22] ⏱ Runtime: 0.142 s
[16:01:22] 📝 Samples in batch: 95
[16:01:22] 🚀 Throughput: 669.01 samples/s

===== Benchmark summary =====
Timed runs:          30
Batch size:          95
Avg throughput:      667.74 samples/s
P50 throughput:      668.12 samples/s
P95 throughput:      669.16 samples/s
Std dev (samples/s): 2.43
Avg runtime:         0.142 s
/home/savini98/repos/fx-graph-research/transformers-modified/src/transformers/models/layoutlmv3/modeling_layoutlmv3.py
[16:01:22] done
