Conda environment: original_env
[16:00:21] start
[16:00:21] loading processor…
[16:00:21] loading model
[GPU] NVIDIA GeForce RTX 3090, 23.5 GB VRAM
[GPU] Baseline memory (model loaded): 0.47 GB
/home/savini98/miniconda3/envs/original_env/lib/python3.12/site-packages/transformers/modeling_utils.py:1614: FutureWarning: The `device` argument is deprecated and will be removed in v5 of Transformers.
  warnings.warn(
[GPU] Probe batch_size=8: peak=0.60 GB, per_sample=17.2 MB
[GPU] Available for batches: 16.01 GB (target 70% utilization)
[GPU] Estimated batch size: 95
[GPU] Verified: batch_size=95 fits (peak 1.92 GB) ✅
[16:00:22] using batch_size=95
[16:00:22] eager forward sanity check…
[16:00:23] eager ok
[16:00:23] checking Dynamo graph breaks…
/home/savini98/miniconda3/envs/original_env/lib/python3.12/site-packages/transformers/modeling_utils.py:1614: FutureWarning: The `device` argument is deprecated and will be removed in v5 of Transformers.
  warnings.warn(

===== Graph Break Report =====
Graph break count: 2
Number of graphs:  3
Break reasons:
  1. GraphCompileReason(reason='Attempted to call function marked as skipped\n  Explanation: Dynamo does not know how to trace the Python builtin `_warnings.warn`.\n  Hint: If you are attempting to call a logging function (e.g. `_warnings.warn`), you can try adding it to `torch._dynamo.config.reorderable_logging_functions`.\n  Hint: Please file an issue on GitHub so the PyTorch team can add support for it. \n\n  Developer debug context: module: _warnings, qualname: warn, skip reason: <missing reason>\n', user_stack=[<FrameSummary file /home/savini98/miniconda3/envs/original_env/lib/python3.12/site-packages/transformers/models/layoutlmv3/modeling_layoutlmv3.py, line 845 in forward>, <FrameSummary file /home/savini98/miniconda3/envs/original_env/lib/python3.12/site-packages/transformers/modeling_utils.py, line 1614 in get_extended_attention_mask>], graph_break=True)
===================================
[16:00:25] compiling with torch.compile (inductor, reduce-overhead)…
[16:00:25] warmup x1…
skipping cudagraphs due to skipping cudagraphs due to cpu device (arg19_1). Found from : 
   File "/home/savini98/miniconda3/envs/original_env/lib/python3.12/site-packages/transformers/models/layoutlmv3/modeling_layoutlmv3.py", line 814, in forward
    visual_bbox = self.calculate_visual_bbox(device, dtype=torch.long, batch_size=batch_size)
  File "/home/savini98/miniconda3/envs/original_env/lib/python3.12/site-packages/transformers/models/layoutlmv3/modeling_layoutlmv3.py", line 661, in calculate_visual_bbox
    visual_bbox = self.visual_bbox.repeat(batch_size, 1, 1)

/home/savini98/miniconda3/envs/original_env/lib/python3.12/site-packages/transformers/modeling_utils.py:1614: FutureWarning: The `device` argument is deprecated and will be removed in v5 of Transformers.
  warnings.warn(
[16:00:44] profiling one step…
/home/savini98/miniconda3/envs/original_env/lib/python3.12/site-packages/transformers/modeling_utils.py:1614: FutureWarning: The `device` argument is deprecated and will be removed in v5 of Transformers.
  warnings.warn(
/home/savini98/miniconda3/envs/original_env/lib/python3.12/site-packages/transformers/modeling_utils.py:1614: FutureWarning: The `device` argument is deprecated and will be removed in v5 of Transformers.
  warnings.warn(
[16:00:45] chrome trace saved: /home/savini98/repos/fx-graph-research/models/layoutlmv3-base/traces/layoutlmv3-base_trace_original_20260330_160044.json
[16:00:45] ✅ CUDA Graph activity detected:
  - cudaGraphDestroy
  - cudaGraphGetNodes
  - cudaGraphInstantiateWithFlags
  - cudaGraphLaunch
[16:00:45] benchmarking 30 timed runs…
[16:00:45] run 1/30…
[16:00:45] ⏱ Runtime: 0.140 s
[16:00:45] 📝 Samples in batch: 95
[16:00:45] 🚀 Throughput: 678.16 samples/s
[16:00:45] run 2/30…
[16:00:46] ⏱ Runtime: 0.141 s
[16:00:46] 📝 Samples in batch: 95
[16:00:46] 🚀 Throughput: 672.31 samples/s
[16:00:46] run 3/30…
[16:00:46] ⏱ Runtime: 0.142 s
[16:00:46] 📝 Samples in batch: 95
[16:00:46] 🚀 Throughput: 671.20 samples/s
[16:00:46] run 4/30…
[16:00:46] ⏱ Runtime: 0.142 s
[16:00:46] 📝 Samples in batch: 95
[16:00:46] 🚀 Throughput: 670.38 samples/s
[16:00:46] run 5/30…
[16:00:46] ⏱ Runtime: 0.142 s
[16:00:46] 📝 Samples in batch: 95
[16:00:46] 🚀 Throughput: 671.21 samples/s
[16:00:46] run 6/30…
[16:00:46] ⏱ Runtime: 0.142 s
[16:00:46] 📝 Samples in batch: 95
[16:00:46] 🚀 Throughput: 671.31 samples/s
[16:00:46] run 7/30…
[16:00:46] ⏱ Runtime: 0.142 s
[16:00:46] 📝 Samples in batch: 95
[16:00:46] 🚀 Throughput: 670.26 samples/s
[16:00:46] run 8/30…
[16:00:46] ⏱ Runtime: 0.141 s
[16:00:46] 📝 Samples in batch: 95
[16:00:46] 🚀 Throughput: 671.84 samples/s
[16:00:46] run 9/30…
[16:00:47] ⏱ Runtime: 0.142 s
[16:00:47] 📝 Samples in batch: 95
[16:00:47] 🚀 Throughput: 670.18 samples/s
[16:00:47] run 10/30…
[16:00:47] ⏱ Runtime: 0.142 s
[16:00:47] 📝 Samples in batch: 95
[16:00:47] 🚀 Throughput: 670.98 samples/s
[16:00:47] run 11/30…
[16:00:47] ⏱ Runtime: 0.142 s
[16:00:47] 📝 Samples in batch: 95
[16:00:47] 🚀 Throughput: 670.72 samples/s
[16:00:47] run 12/30…
[16:00:47] ⏱ Runtime: 0.142 s
[16:00:47] 📝 Samples in batch: 95
[16:00:47] 🚀 Throughput: 669.69 samples/s
[16:00:47] run 13/30…
[16:00:47] ⏱ Runtime: 0.142 s
[16:00:47] 📝 Samples in batch: 95
[16:00:47] 🚀 Throughput: 670.21 samples/s
[16:00:47] run 14/30…
[16:00:47] ⏱ Runtime: 0.142 s
[16:00:47] 📝 Samples in batch: 95
[16:00:47] 🚀 Throughput: 670.77 samples/s
[16:00:47] run 15/30…
[16:00:47] ⏱ Runtime: 0.142 s
[16:00:47] 📝 Samples in batch: 95
[16:00:47] 🚀 Throughput: 670.03 samples/s
[16:00:47] run 16/30…
[16:00:48] ⏱ Runtime: 0.142 s
[16:00:48] 📝 Samples in batch: 95
[16:00:48] 🚀 Throughput: 669.19 samples/s
[16:00:48] run 17/30…
[16:00:48] ⏱ Runtime: 0.142 s
[16:00:48] 📝 Samples in batch: 95
[16:00:48] 🚀 Throughput: 670.77 samples/s
[16:00:48] run 18/30…
[16:00:48] ⏱ Runtime: 0.142 s
[16:00:48] 📝 Samples in batch: 95
[16:00:48] 🚀 Throughput: 671.17 samples/s
[16:00:48] run 19/30…
[16:00:48] ⏱ Runtime: 0.142 s
[16:00:48] 📝 Samples in batch: 95
[16:00:48] 🚀 Throughput: 669.84 samples/s
[16:00:48] run 20/30…
[16:00:48] ⏱ Runtime: 0.142 s
[16:00:48] 📝 Samples in batch: 95
[16:00:48] 🚀 Throughput: 670.69 samples/s
[16:00:48] run 21/30…
[16:00:48] ⏱ Runtime: 0.142 s
[16:00:48] 📝 Samples in batch: 95
[16:00:48] 🚀 Throughput: 669.94 samples/s
[16:00:48] run 22/30…
[16:00:48] ⏱ Runtime: 0.142 s
[16:00:48] 📝 Samples in batch: 95
[16:00:48] 🚀 Throughput: 669.27 samples/s
[16:00:48] run 23/30…
[16:00:49] ⏱ Runtime: 0.142 s
[16:00:49] 📝 Samples in batch: 95
[16:00:49] 🚀 Throughput: 667.66 samples/s
[16:00:49] run 24/30…
[16:00:49] ⏱ Runtime: 0.142 s
[16:00:49] 📝 Samples in batch: 95
[16:00:49] 🚀 Throughput: 670.54 samples/s
[16:00:49] run 25/30…
[16:00:49] ⏱ Runtime: 0.142 s
[16:00:49] 📝 Samples in batch: 95
[16:00:49] 🚀 Throughput: 670.39 samples/s
[16:00:49] run 26/30…
[16:00:49] ⏱ Runtime: 0.142 s
[16:00:49] 📝 Samples in batch: 95
[16:00:49] 🚀 Throughput: 667.75 samples/s
[16:00:49] run 27/30…
[16:00:49] ⏱ Runtime: 0.142 s
[16:00:49] 📝 Samples in batch: 95
[16:00:49] 🚀 Throughput: 669.18 samples/s
[16:00:49] run 28/30…
[16:00:49] ⏱ Runtime: 0.142 s
[16:00:49] 📝 Samples in batch: 95
[16:00:49] 🚀 Throughput: 669.84 samples/s
[16:00:49] run 29/30…
[16:00:49] ⏱ Runtime: 0.143 s
[16:00:49] 📝 Samples in batch: 95
[16:00:49] 🚀 Throughput: 666.52 samples/s
[16:00:49] run 30/30…
[16:00:50] ⏱ Runtime: 0.142 s
[16:00:50] 📝 Samples in batch: 95
[16:00:50] 🚀 Throughput: 667.32 samples/s

===== Benchmark summary =====
Timed runs:          30
Batch size:          95
Avg throughput:      670.31 samples/s
P50 throughput:      670.32 samples/s
P95 throughput:      671.84 samples/s
Std dev (samples/s): 1.95
Avg runtime:         0.142 s
/home/savini98/miniconda3/envs/original_env/lib/python3.12/site-packages/transformers/models/layoutlmv3/modeling_layoutlmv3.py
[16:00:50] done
