Conda environment: original_env
[14:48:13] start
[14:48:13] loading tokenizer…
[14:48:13] loading model
[GPU] NVIDIA GeForce RTX 3090, 23.5 GB VRAM
[GPU] Baseline memory (model loaded): 0.26 GB
Asking to truncate to max_length but no maximum length is provided and the model has no predefined maximum length. Default to no truncation.
Passing a tuple of `past_key_values` is deprecated and will be removed in Transformers v4.58.0. You should pass an instance of `EncoderDecoderCache` instead, e.g. `past_key_values=EncoderDecoderCache.from_legacy_cache(past_key_values)`.
[GPU] Probe batch_size=8: peak=0.28 GB, per_sample=2.0 MB
[GPU] Available for batches: 16.22 GB (target 70% utilization)
[GPU] Estimated batch size: 1623
[GPU] Verified: batch_size=1623 fits (peak 1.90 GB) ✅
[14:48:15] using batch_size=1623
[14:48:15] eager forward sanity check…
[14:48:15] eager ok
[14:48:15] checking Dynamo graph breaks…

===== Graph Break Report =====
Graph break count: 7
Number of graphs:  8
Break reasons:
  1. GraphCompileReason(reason='generic_jump TensorVariable()', user_stack=[<FrameSummary file /home/savini98/miniconda3/envs/original_env/lib/python3.12/site-packages/transformers/models/bart/modeling_bart.py, line 568 in forward>], graph_break=True)
  2. GraphCompileReason(reason='generic_jump TensorVariable()', user_stack=[<FrameSummary file /home/savini98/miniconda3/envs/original_env/lib/python3.12/site-packages/transformers/models/bart/modeling_bart.py, line 568 in torch_dynamo_resume_in_forward_at_568>], graph_break=True)
  3. GraphCompileReason(reason='Logger not supported for non-export cases. To avoid graph breaks caused by logger in compile-mode, it is recommended to disable logging by adding logging methods to config.ignore_logger_methods', user_stack=[<FrameSummary file /home/savini98/miniconda3/envs/original_env/lib/python3.12/site-packages/transformers/models/bart/modeling_bart.py, line 1246 in forward>], graph_break=True)
===================================
[14:48:17] compiling with torch.compile (inductor, reduce-overhead)…
[14:48:17] warmup x1…
[14:48:26] profiling one step…
[14:48:29] chrome trace saved: /home/savini98/repos/fx-graph-research/models/bart-base/traces/bart-base_trace_original_20260330_144826.json
[14:48:30] ✅ CUDA Graph activity detected:
  - cudaGraphDestroy
  - cudaGraphGetNodes
  - cudaGraphInstantiateWithFlags
  - cudaGraphLaunch
[14:48:30] benchmarking 30 timed runs…
[14:48:30] run 1/30…
[14:49:02] ⏱ Runtime: 32.198 s
[14:49:02] 📝 Raw new tokens generated: 44
[14:49:02] 🚀 Throughput: 1.37 tokens/s
[14:49:02] run 2/30…
[14:49:34] ⏱ Runtime: 31.935 s
[14:49:34] 📝 Raw new tokens generated: 44
[14:49:34] 🚀 Throughput: 1.38 tokens/s
[14:49:34] run 3/30…
[14:50:05] ⏱ Runtime: 31.514 s
[14:50:05] 📝 Raw new tokens generated: 44
[14:50:05] 🚀 Throughput: 1.40 tokens/s
[14:50:05] run 4/30…
[14:50:36] ⏱ Runtime: 31.103 s
[14:50:36] 📝 Raw new tokens generated: 44
[14:50:36] 🚀 Throughput: 1.41 tokens/s
[14:50:36] run 5/30…
[14:51:07] ⏱ Runtime: 31.171 s
[14:51:07] 📝 Raw new tokens generated: 44
[14:51:07] 🚀 Throughput: 1.41 tokens/s
[14:51:07] run 6/30…
[14:51:39] ⏱ Runtime: 31.417 s
[14:51:39] 📝 Raw new tokens generated: 44
[14:51:39] 🚀 Throughput: 1.40 tokens/s
[14:51:39] run 7/30…
[14:52:10] ⏱ Runtime: 31.358 s
[14:52:10] 📝 Raw new tokens generated: 44
[14:52:10] 🚀 Throughput: 1.40 tokens/s
[14:52:10] run 8/30…
[14:52:41] ⏱ Runtime: 31.137 s
[14:52:41] 📝 Raw new tokens generated: 44
[14:52:41] 🚀 Throughput: 1.41 tokens/s
[14:52:41] run 9/30…
[14:53:13] ⏱ Runtime: 31.138 s
[14:53:13] 📝 Raw new tokens generated: 44
[14:53:13] 🚀 Throughput: 1.41 tokens/s
[14:53:13] run 10/30…
[14:53:44] ⏱ Runtime: 31.290 s
[14:53:44] 📝 Raw new tokens generated: 44
[14:53:44] 🚀 Throughput: 1.41 tokens/s
[14:53:44] run 11/30…
[14:54:15] ⏱ Runtime: 31.508 s
[14:54:15] 📝 Raw new tokens generated: 44
[14:54:15] 🚀 Throughput: 1.40 tokens/s
[14:54:15] run 12/30…
[14:54:47] ⏱ Runtime: 31.384 s
[14:54:47] 📝 Raw new tokens generated: 44
[14:54:47] 🚀 Throughput: 1.40 tokens/s
[14:54:47] run 13/30…
[14:55:18] ⏱ Runtime: 31.408 s
[14:55:18] 📝 Raw new tokens generated: 44
[14:55:18] 🚀 Throughput: 1.40 tokens/s
[14:55:18] run 14/30…
[14:55:50] ⏱ Runtime: 31.501 s
[14:55:50] 📝 Raw new tokens generated: 44
[14:55:50] 🚀 Throughput: 1.40 tokens/s
[14:55:50] run 15/30…
[14:56:21] ⏱ Runtime: 31.455 s
[14:56:21] 📝 Raw new tokens generated: 44
[14:56:21] 🚀 Throughput: 1.40 tokens/s
[14:56:21] run 16/30…
[14:56:52] ⏱ Runtime: 31.344 s
[14:56:52] 📝 Raw new tokens generated: 44
[14:56:52] 🚀 Throughput: 1.40 tokens/s
[14:56:52] run 17/30…
[14:57:24] ⏱ Runtime: 31.146 s
[14:57:24] 📝 Raw new tokens generated: 44
[14:57:24] 🚀 Throughput: 1.41 tokens/s
[14:57:24] run 18/30…
[14:57:55] ⏱ Runtime: 31.341 s
[14:57:55] 📝 Raw new tokens generated: 44
[14:57:55] 🚀 Throughput: 1.40 tokens/s
[14:57:55] run 19/30…
[14:58:26] ⏱ Runtime: 31.311 s
[14:58:26] 📝 Raw new tokens generated: 44
[14:58:26] 🚀 Throughput: 1.41 tokens/s
[14:58:26] run 20/30…
[14:58:57] ⏱ Runtime: 31.260 s
[14:58:57] 📝 Raw new tokens generated: 44
[14:58:57] 🚀 Throughput: 1.41 tokens/s
[14:58:57] run 21/30…
[14:59:29] ⏱ Runtime: 31.231 s
[14:59:29] 📝 Raw new tokens generated: 44
[14:59:29] 🚀 Throughput: 1.41 tokens/s
[14:59:29] run 22/30…
[15:00:00] ⏱ Runtime: 31.344 s
[15:00:00] 📝 Raw new tokens generated: 44
[15:00:00] 🚀 Throughput: 1.40 tokens/s
[15:00:00] run 23/30…
[15:00:31] ⏱ Runtime: 31.303 s
[15:00:31] 📝 Raw new tokens generated: 44
[15:00:31] 🚀 Throughput: 1.41 tokens/s
[15:00:31] run 24/30…
[15:01:03] ⏱ Runtime: 31.186 s
[15:01:03] 📝 Raw new tokens generated: 44
[15:01:03] 🚀 Throughput: 1.41 tokens/s
[15:01:03] run 25/30…
[15:01:34] ⏱ Runtime: 31.218 s
[15:01:34] 📝 Raw new tokens generated: 44
[15:01:34] 🚀 Throughput: 1.41 tokens/s
[15:01:34] run 26/30…
[15:02:05] ⏱ Runtime: 31.416 s
[15:02:05] 📝 Raw new tokens generated: 44
[15:02:05] 🚀 Throughput: 1.40 tokens/s
[15:02:05] run 27/30…
[15:02:37] ⏱ Runtime: 31.441 s
[15:02:37] 📝 Raw new tokens generated: 44
[15:02:37] 🚀 Throughput: 1.40 tokens/s
[15:02:37] run 28/30…
[15:03:08] ⏱ Runtime: 31.366 s
[15:03:08] 📝 Raw new tokens generated: 44
[15:03:08] 🚀 Throughput: 1.40 tokens/s
[15:03:08] run 29/30…
[15:03:39] ⏱ Runtime: 31.396 s
[15:03:39] 📝 Raw new tokens generated: 44
[15:03:39] 🚀 Throughput: 1.40 tokens/s
[15:03:39] run 30/30…
[15:04:11] ⏱ Runtime: 31.503 s
[15:04:11] 📝 Raw new tokens generated: 44
[15:04:11] 🚀 Throughput: 1.40 tokens/s

===== Benchmark summary =====
Timed runs:       30
Avg throughput:   1.40 tokens/s
P50 throughput:   1.40 tokens/s
P95 throughput:   1.41 tokens/s
Std dev (tps):    0.01
Avg runtime:      31.377 s
Avg new tokens:   44.0
/home/savini98/miniconda3/envs/original_env/lib/python3.12/site-packages/torch/_dynamo/eval_frame.py
[15:04:11] done
