Conda environment: fixed_env
[15:04:15] start
[15:04:15] loading tokenizer…
[15:04:15] loading model
[GPU] NVIDIA GeForce RTX 3090, 23.5 GB VRAM
[GPU] Baseline memory (model loaded): 0.26 GB
Asking to truncate to max_length but no maximum length is provided and the model has no predefined maximum length. Default to no truncation.
[GPU] Probe batch_size=8: peak=0.28 GB, per_sample=2.0 MB
[GPU] Available for batches: 16.22 GB (target 70% utilization)
[GPU] Estimated batch size: 1623
[GPU] Verified: batch_size=1623 fits (peak 1.90 GB) ✅
[15:04:17] using batch_size=1623
[15:04:17] eager forward sanity check…
[15:04:17] eager ok
[15:04:17] checking Dynamo graph breaks…

===== Graph Break Report =====
Graph break count: 0
Number of graphs:  1
No graph breaks detected.
===================================
[15:04:19] compiling with torch.compile (inductor, reduce-overhead)…
[15:04:19] warmup x1…
[15:04:29] profiling one step…
[15:04:31] chrome trace saved: /home/savini98/repos/fx-graph-research/models/bart-base/traces/bart-base_trace_fixed_20260330_150429.json
[15:04:31] ✅ CUDA Graph activity detected:
  - cudaGraphDestroy
  - cudaGraphGetNodes
  - cudaGraphInstantiateWithFlags
  - cudaGraphLaunch
[15:04:31] benchmarking 30 timed runs…
[15:04:31] run 1/30…
[15:05:03] ⏱ Runtime: 31.906 s
[15:05:03] 📝 Raw new tokens generated: 44
[15:05:03] 🚀 Throughput: 1.38 tokens/s
[15:05:03] run 2/30…
[15:05:35] ⏱ Runtime: 31.893 s
[15:05:35] 📝 Raw new tokens generated: 44
[15:05:35] 🚀 Throughput: 1.38 tokens/s
[15:05:35] run 3/30…
[15:06:06] ⏱ Runtime: 31.668 s
[15:06:06] 📝 Raw new tokens generated: 44
[15:06:06] 🚀 Throughput: 1.39 tokens/s
[15:06:06] run 4/30…
[15:06:38] ⏱ Runtime: 31.841 s
[15:06:38] 📝 Raw new tokens generated: 44
[15:06:38] 🚀 Throughput: 1.38 tokens/s
[15:06:38] run 5/30…
[15:07:10] ⏱ Runtime: 31.803 s
[15:07:10] 📝 Raw new tokens generated: 44
[15:07:10] 🚀 Throughput: 1.38 tokens/s
[15:07:10] run 6/30…
[15:07:42] ⏱ Runtime: 31.793 s
[15:07:42] 📝 Raw new tokens generated: 44
[15:07:42] 🚀 Throughput: 1.38 tokens/s
[15:07:42] run 7/30…
[15:08:13] ⏱ Runtime: 31.856 s
[15:08:13] 📝 Raw new tokens generated: 44
[15:08:13] 🚀 Throughput: 1.38 tokens/s
[15:08:13] run 8/30…
[15:08:45] ⏱ Runtime: 31.625 s
[15:08:45] 📝 Raw new tokens generated: 44
[15:08:45] 🚀 Throughput: 1.39 tokens/s
[15:08:45] run 9/30…
[15:09:17] ⏱ Runtime: 31.841 s
[15:09:17] 📝 Raw new tokens generated: 44
[15:09:17] 🚀 Throughput: 1.38 tokens/s
[15:09:17] run 10/30…
[15:09:49] ⏱ Runtime: 31.818 s
[15:09:49] 📝 Raw new tokens generated: 44
[15:09:49] 🚀 Throughput: 1.38 tokens/s
[15:09:49] run 11/30…
[15:10:20] ⏱ Runtime: 31.728 s
[15:10:20] 📝 Raw new tokens generated: 44
[15:10:20] 🚀 Throughput: 1.39 tokens/s
[15:10:20] run 12/30…
[15:10:52] ⏱ Runtime: 31.879 s
[15:10:52] 📝 Raw new tokens generated: 44
[15:10:52] 🚀 Throughput: 1.38 tokens/s
[15:10:52] run 13/30…
[15:11:24] ⏱ Runtime: 31.637 s
[15:11:24] 📝 Raw new tokens generated: 44
[15:11:24] 🚀 Throughput: 1.39 tokens/s
[15:11:24] run 14/30…
[15:11:56] ⏱ Runtime: 31.724 s
[15:11:56] 📝 Raw new tokens generated: 44
[15:11:56] 🚀 Throughput: 1.39 tokens/s
[15:11:56] run 15/30…
[15:12:27] ⏱ Runtime: 31.383 s
[15:12:27] 📝 Raw new tokens generated: 44
[15:12:27] 🚀 Throughput: 1.40 tokens/s
[15:12:27] run 16/30…
[15:12:58] ⏱ Runtime: 31.358 s
[15:12:58] 📝 Raw new tokens generated: 44
[15:12:58] 🚀 Throughput: 1.40 tokens/s
[15:12:58] run 17/30…
[15:13:30] ⏱ Runtime: 31.452 s
[15:13:30] 📝 Raw new tokens generated: 44
[15:13:30] 🚀 Throughput: 1.40 tokens/s
[15:13:30] run 18/30…
[15:14:01] ⏱ Runtime: 31.312 s
[15:14:01] 📝 Raw new tokens generated: 44
[15:14:01] 🚀 Throughput: 1.41 tokens/s
[15:14:01] run 19/30…
[15:14:33] ⏱ Runtime: 31.420 s
[15:14:33] 📝 Raw new tokens generated: 44
[15:14:33] 🚀 Throughput: 1.40 tokens/s
[15:14:33] run 20/30…
[15:15:04] ⏱ Runtime: 31.609 s
[15:15:04] 📝 Raw new tokens generated: 44
[15:15:04] 🚀 Throughput: 1.39 tokens/s
[15:15:04] run 21/30…
[15:15:36] ⏱ Runtime: 32.132 s
[15:15:36] 📝 Raw new tokens generated: 44
[15:15:36] 🚀 Throughput: 1.37 tokens/s
[15:15:36] run 22/30…
[15:16:09] ⏱ Runtime: 32.222 s
[15:16:09] 📝 Raw new tokens generated: 44
[15:16:09] 🚀 Throughput: 1.37 tokens/s
[15:16:09] run 23/30…
[15:16:41] ⏱ Runtime: 31.994 s
[15:16:41] 📝 Raw new tokens generated: 44
[15:16:41] 🚀 Throughput: 1.38 tokens/s
[15:16:41] run 24/30…
[15:17:13] ⏱ Runtime: 32.188 s
[15:17:13] 📝 Raw new tokens generated: 44
[15:17:13] 🚀 Throughput: 1.37 tokens/s
[15:17:13] run 25/30…
[15:17:45] ⏱ Runtime: 32.126 s
[15:17:45] 📝 Raw new tokens generated: 44
[15:17:45] 🚀 Throughput: 1.37 tokens/s
[15:17:45] run 26/30…
[15:18:17] ⏱ Runtime: 31.969 s
[15:18:17] 📝 Raw new tokens generated: 44
[15:18:17] 🚀 Throughput: 1.38 tokens/s
[15:18:17] run 27/30…
[15:18:48] ⏱ Runtime: 31.214 s
[15:18:48] 📝 Raw new tokens generated: 44
[15:18:48] 🚀 Throughput: 1.41 tokens/s
[15:18:48] run 28/30…
[15:19:19] ⏱ Runtime: 31.019 s
[15:19:19] 📝 Raw new tokens generated: 44
[15:19:19] 🚀 Throughput: 1.42 tokens/s
[15:19:19] run 29/30…
[15:19:50] ⏱ Runtime: 31.159 s
[15:19:50] 📝 Raw new tokens generated: 44
[15:19:50] 🚀 Throughput: 1.41 tokens/s
[15:19:50] run 30/30…
[15:20:21] ⏱ Runtime: 31.139 s
[15:20:21] 📝 Raw new tokens generated: 44
[15:20:21] 🚀 Throughput: 1.41 tokens/s

===== Benchmark summary =====
Timed runs:       30
Avg throughput:   1.39 tokens/s
P50 throughput:   1.39 tokens/s
P95 throughput:   1.41 tokens/s
Std dev (tps):    0.01
Avg runtime:      31.690 s
Avg new tokens:   44.0
/home/savini98/miniconda3/envs/fixed_env/lib/python3.12/site-packages/torch/_dynamo/eval_frame.py
[15:20:21] done
