Conda environment: fixed_env
[15:57:51] start
[15:57:51] loading processor…
[15:57:51] loading model
[GPU] NVIDIA GeForce RTX 3090, 23.5 GB VRAM
[GPU] Baseline memory (model loaded): 2.87 GB
[GPU] Probe batch_size=8: peak=4.81 GB, per_sample=248.3 MB
[GPU] Available for batches: 13.60 GB (target 70% utilization)
[GPU] Estimated batch size: 2
[GPU] Verified: batch_size=2 fits (peak 4.81 GB) ✅
[15:57:53] using batch_size=2
[15:57:53] eager forward sanity check…
[15:57:53] eager ok
[15:57:53] checking Dynamo graph breaks…

===== Graph Break Report =====
Graph break count: 0
Number of graphs:  1
No graph breaks detected.
===================================
[15:58:00] compiling with torch.compile (inductor, reduce-overhead)…
[15:58:00] warmup x1…
[15:58:08] profiling one step…
[15:58:09] chrome trace saved: /home/savini98/repos/fx-graph-research/models/whisper-large-v3/traces/whisper-large-v3_trace_fixed_20260330_155808.json
[15:58:10] ✅ CUDA Graph activity detected:
  - cudaGraphDestroy
  - cudaGraphGetNodes
  - cudaGraphInstantiateWithFlags
  - cudaGraphLaunch
[15:58:10] benchmarking 30 timed runs…
[15:58:10] run 1/30…
Due to a bug fix in https://github.com/huggingface/transformers/pull/28687 transcription using a multilingual Whisper will default to language detection followed by transcription instead of translation to English.This might be a breaking change for your use case. If you want to instead always translate your audio to English, make sure to pass `language='en'`.
The attention mask is not set and cannot be inferred from input because pad token is same as eos token. As a consequence, you may observe unexpected behavior. Please pass your input's `attention_mask` to obtain reliable results.
[15:58:10] ⏱ Runtime: 0.432 s
[15:58:10] 📝 Raw new tokens generated: 6
[15:58:10] 🚀 Throughput: 13.88 tokens/s
[15:58:10] run 2/30…
[15:58:11] ⏱ Runtime: 0.359 s
[15:58:11] 📝 Raw new tokens generated: 6
[15:58:11] 🚀 Throughput: 16.71 tokens/s
[15:58:11] run 3/30…
[15:58:11] ⏱ Runtime: 0.386 s
[15:58:11] 📝 Raw new tokens generated: 6
[15:58:11] 🚀 Throughput: 15.54 tokens/s
[15:58:11] run 4/30…
[15:58:12] ⏱ Runtime: 0.361 s
[15:58:12] 📝 Raw new tokens generated: 6
[15:58:12] 🚀 Throughput: 16.60 tokens/s
[15:58:12] run 5/30…
[15:58:12] ⏱ Runtime: 0.360 s
[15:58:12] 📝 Raw new tokens generated: 6
[15:58:12] 🚀 Throughput: 16.67 tokens/s
[15:58:12] run 6/30…
[15:58:12] ⏱ Runtime: 0.362 s
[15:58:12] 📝 Raw new tokens generated: 6
[15:58:12] 🚀 Throughput: 16.56 tokens/s
[15:58:12] run 7/30…
[15:58:13] ⏱ Runtime: 0.361 s
[15:58:13] 📝 Raw new tokens generated: 6
[15:58:13] 🚀 Throughput: 16.63 tokens/s
[15:58:13] run 8/30…
[15:58:13] ⏱ Runtime: 0.360 s
[15:58:13] 📝 Raw new tokens generated: 6
[15:58:13] 🚀 Throughput: 16.68 tokens/s
[15:58:13] run 9/30…
[15:58:13] ⏱ Runtime: 0.361 s
[15:58:13] 📝 Raw new tokens generated: 6
[15:58:13] 🚀 Throughput: 16.60 tokens/s
[15:58:13] run 10/30…
[15:58:14] ⏱ Runtime: 0.361 s
[15:58:14] 📝 Raw new tokens generated: 6
[15:58:14] 🚀 Throughput: 16.61 tokens/s
[15:58:14] run 11/30…
[15:58:14] ⏱ Runtime: 0.362 s
[15:58:14] 📝 Raw new tokens generated: 6
[15:58:14] 🚀 Throughput: 16.58 tokens/s
[15:58:14] run 12/30…
[15:58:14] ⏱ Runtime: 0.364 s
[15:58:14] 📝 Raw new tokens generated: 6
[15:58:14] 🚀 Throughput: 16.51 tokens/s
[15:58:14] run 13/30…
[15:58:15] ⏱ Runtime: 0.362 s
[15:58:15] 📝 Raw new tokens generated: 6
[15:58:15] 🚀 Throughput: 16.57 tokens/s
[15:58:15] run 14/30…
[15:58:15] ⏱ Runtime: 0.360 s
[15:58:15] 📝 Raw new tokens generated: 6
[15:58:15] 🚀 Throughput: 16.64 tokens/s
[15:58:15] run 15/30…
[15:58:16] ⏱ Runtime: 0.364 s
[15:58:16] 📝 Raw new tokens generated: 6
[15:58:16] 🚀 Throughput: 16.49 tokens/s
[15:58:16] run 16/30…
[15:58:16] ⏱ Runtime: 0.360 s
[15:58:16] 📝 Raw new tokens generated: 6
[15:58:16] 🚀 Throughput: 16.68 tokens/s
[15:58:16] run 17/30…
[15:58:16] ⏱ Runtime: 0.362 s
[15:58:16] 📝 Raw new tokens generated: 6
[15:58:16] 🚀 Throughput: 16.60 tokens/s
[15:58:16] run 18/30…
[15:58:17] ⏱ Runtime: 0.363 s
[15:58:17] 📝 Raw new tokens generated: 6
[15:58:17] 🚀 Throughput: 16.54 tokens/s
[15:58:17] run 19/30…
[15:58:17] ⏱ Runtime: 0.361 s
[15:58:17] 📝 Raw new tokens generated: 6
[15:58:17] 🚀 Throughput: 16.64 tokens/s
[15:58:17] run 20/30…
[15:58:17] ⏱ Runtime: 0.363 s
[15:58:17] 📝 Raw new tokens generated: 6
[15:58:17] 🚀 Throughput: 16.53 tokens/s
[15:58:17] run 21/30…
[15:58:18] ⏱ Runtime: 0.363 s
[15:58:18] 📝 Raw new tokens generated: 6
[15:58:18] 🚀 Throughput: 16.55 tokens/s
[15:58:18] run 22/30…
[15:58:18] ⏱ Runtime: 0.362 s
[15:58:18] 📝 Raw new tokens generated: 6
[15:58:18] 🚀 Throughput: 16.58 tokens/s
[15:58:18] run 23/30…
[15:58:18] ⏱ Runtime: 0.363 s
[15:58:18] 📝 Raw new tokens generated: 6
[15:58:18] 🚀 Throughput: 16.55 tokens/s
[15:58:18] run 24/30…
[15:58:19] ⏱ Runtime: 0.363 s
[15:58:19] 📝 Raw new tokens generated: 6
[15:58:19] 🚀 Throughput: 16.52 tokens/s
[15:58:19] run 25/30…
[15:58:19] ⏱ Runtime: 0.363 s
[15:58:19] 📝 Raw new tokens generated: 6
[15:58:19] 🚀 Throughput: 16.55 tokens/s
[15:58:19] run 26/30…
[15:58:20] ⏱ Runtime: 0.362 s
[15:58:20] 📝 Raw new tokens generated: 6
[15:58:20] 🚀 Throughput: 16.57 tokens/s
[15:58:20] run 27/30…
[15:58:20] ⏱ Runtime: 0.361 s
[15:58:20] 📝 Raw new tokens generated: 6
[15:58:20] 🚀 Throughput: 16.60 tokens/s
[15:58:20] run 28/30…
[15:58:20] ⏱ Runtime: 0.362 s
[15:58:20] 📝 Raw new tokens generated: 6
[15:58:20] 🚀 Throughput: 16.58 tokens/s
[15:58:20] run 29/30…
[15:58:21] ⏱ Runtime: 0.360 s
[15:58:21] 📝 Raw new tokens generated: 6
[15:58:21] 🚀 Throughput: 16.66 tokens/s
[15:58:21] run 30/30…
[15:58:21] ⏱ Runtime: 0.361 s
[15:58:21] 📝 Raw new tokens generated: 6
[15:58:21] 🚀 Throughput: 16.63 tokens/s

===== Benchmark summary =====
Timed runs:       30
Avg throughput:   16.47 tokens/s
P50 throughput:   16.58 tokens/s
P95 throughput:   16.68 tokens/s
Std dev (tps):    0.52
Avg runtime:      0.365 s
Avg new tokens:   6.0
/home/savini98/repos/fx-graph-research/transformers-modified/src/transformers/models/whisper/modeling_whisper.py
[15:58:21] done
