Conda environment: original_env
[14:33:44] start
[14:33:44] loading tokenizer…
[14:33:44] loading model
[GPU] NVIDIA GeForce RTX 3090, 23.5 GB VRAM
[GPU] Baseline memory (model loaded): 0.14 GB
Passing a tuple of `past_key_values` is deprecated and will be removed in Transformers v4.48.0. You should pass an instance of `EncoderDecoderCache` instead, e.g. `past_key_values=EncoderDecoderCache.from_legacy_cache(past_key_values)`.
[GPU] Probe batch_size=8: peak=0.15 GB, per_sample=1.2 MB
[GPU] Available for batches: 16.34 GB (target 70% utilization)
[GPU] Estimated batch size: 2048
[GPU] Verified: batch_size=2048 fits (peak 0.60 GB) ✅
[14:33:46] using batch_size=2048
[14:33:46] eager forward sanity check…
[14:33:46] eager ok
[14:33:46] checking Dynamo graph breaks…

===== Graph Break Report =====
Graph break count: 3
Number of graphs:  4
Break reasons:
  1. GraphCompileReason(reason='Logger not supported for non-export cases. To avoid graph breaks caused by logger in compile-mode, it is recommended to disable logging by adding logging methods to config.ignore_logger_methods', user_stack=[<FrameSummary file /home/savini98/miniconda3/envs/original_env/lib/python3.12/site-packages/transformers/models/t5/modeling_t5.py, line 1811 in forward>, <FrameSummary file /home/savini98/miniconda3/envs/original_env/lib/python3.12/site-packages/transformers/models/t5/modeling_t5.py, line 1019 in forward>], graph_break=True)
  2. GraphCompileReason(reason='Logger not supported for non-export cases. To avoid graph breaks caused by logger in compile-mode, it is recommended to disable logging by adding logging methods to config.ignore_logger_methods', user_stack=[<FrameSummary file /home/savini98/miniconda3/envs/original_env/lib/python3.12/site-packages/transformers/models/t5/modeling_t5.py, line 1019 in forward>], graph_break=True)
===================================
[14:33:48] compiling with torch.compile (inductor, reduce-overhead)…
[14:33:49] warmup x1…
[14:33:54] profiling one step…
[14:33:55] chrome trace saved: /home/savini98/repos/fx-graph-research/models/t5-small/t5-small_trace_original_20260330_143354.json
[14:33:55] ✅ CUDA Graph activity detected:
  - cudaGraphDestroy
  - cudaGraphGetNodes
  - cudaGraphInstantiateWithFlags
  - cudaGraphLaunch
[14:33:55] benchmarking 30 timed runs…
[14:33:55] run 1/30…
[14:33:55] ⏱ Runtime: 0.165 s
[14:33:55] 📝 Raw new tokens generated: 11
[14:33:55] 🚀 Throughput: 66.73 tokens/s
[14:33:55] run 2/30…
[14:33:55] ⏱ Runtime: 0.128 s
[14:33:55] 📝 Raw new tokens generated: 11
[14:33:55] 🚀 Throughput: 86.15 tokens/s
[14:33:55] run 3/30…
[14:33:55] ⏱ Runtime: 0.128 s
[14:33:55] 📝 Raw new tokens generated: 11
[14:33:55] 🚀 Throughput: 85.73 tokens/s
[14:33:55] run 4/30…
[14:33:55] ⏱ Runtime: 0.129 s
[14:33:55] 📝 Raw new tokens generated: 11
[14:33:55] 🚀 Throughput: 85.05 tokens/s
[14:33:55] run 5/30…
[14:33:56] ⏱ Runtime: 0.128 s
[14:33:56] 📝 Raw new tokens generated: 11
[14:33:56] 🚀 Throughput: 86.05 tokens/s
[14:33:56] run 6/30…
[14:33:56] ⏱ Runtime: 0.128 s
[14:33:56] 📝 Raw new tokens generated: 11
[14:33:56] 🚀 Throughput: 86.03 tokens/s
[14:33:56] run 7/30…
[14:33:56] ⏱ Runtime: 0.128 s
[14:33:56] 📝 Raw new tokens generated: 11
[14:33:56] 🚀 Throughput: 85.84 tokens/s
[14:33:56] run 8/30…
[14:33:56] ⏱ Runtime: 0.129 s
[14:33:56] 📝 Raw new tokens generated: 11
[14:33:56] 🚀 Throughput: 84.97 tokens/s
[14:33:56] run 9/30…
[14:33:56] ⏱ Runtime: 0.128 s
[14:33:56] 📝 Raw new tokens generated: 11
[14:33:56] 🚀 Throughput: 85.61 tokens/s
[14:33:56] run 10/30…
[14:33:56] ⏱ Runtime: 0.129 s
[14:33:56] 📝 Raw new tokens generated: 11
[14:33:56] 🚀 Throughput: 85.27 tokens/s
[14:33:56] run 11/30…
[14:33:56] ⏱ Runtime: 0.129 s
[14:33:56] 📝 Raw new tokens generated: 11
[14:33:56] 🚀 Throughput: 85.41 tokens/s
[14:33:56] run 12/30…
[14:33:57] ⏱ Runtime: 0.128 s
[14:33:57] 📝 Raw new tokens generated: 11
[14:33:57] 🚀 Throughput: 85.61 tokens/s
[14:33:57] run 13/30…
[14:33:57] ⏱ Runtime: 0.128 s
[14:33:57] 📝 Raw new tokens generated: 11
[14:33:57] 🚀 Throughput: 86.19 tokens/s
[14:33:57] run 14/30…
[14:33:57] ⏱ Runtime: 0.128 s
[14:33:57] 📝 Raw new tokens generated: 11
[14:33:57] 🚀 Throughput: 86.14 tokens/s
[14:33:57] run 15/30…
[14:33:57] ⏱ Runtime: 0.128 s
[14:33:57] 📝 Raw new tokens generated: 11
[14:33:57] 🚀 Throughput: 85.71 tokens/s
[14:33:57] run 16/30…
[14:33:57] ⏱ Runtime: 0.130 s
[14:33:57] 📝 Raw new tokens generated: 11
[14:33:57] 🚀 Throughput: 84.51 tokens/s
[14:33:57] run 17/30…
[14:33:57] ⏱ Runtime: 0.129 s
[14:33:57] 📝 Raw new tokens generated: 11
[14:33:57] 🚀 Throughput: 85.54 tokens/s
[14:33:57] run 18/30…
[14:33:57] ⏱ Runtime: 0.129 s
[14:33:57] 📝 Raw new tokens generated: 11
[14:33:57] 🚀 Throughput: 85.34 tokens/s
[14:33:57] run 19/30…
[14:33:57] ⏱ Runtime: 0.129 s
[14:33:57] 📝 Raw new tokens generated: 11
[14:33:57] 🚀 Throughput: 85.41 tokens/s
[14:33:57] run 20/30…
[14:33:58] ⏱ Runtime: 0.128 s
[14:33:58] 📝 Raw new tokens generated: 11
[14:33:58] 🚀 Throughput: 85.80 tokens/s
[14:33:58] run 21/30…
[14:33:58] ⏱ Runtime: 0.128 s
[14:33:58] 📝 Raw new tokens generated: 11
[14:33:58] 🚀 Throughput: 85.75 tokens/s
[14:33:58] run 22/30…
[14:33:58] ⏱ Runtime: 0.128 s
[14:33:58] 📝 Raw new tokens generated: 11
[14:33:58] 🚀 Throughput: 85.90 tokens/s
[14:33:58] run 23/30…
[14:33:58] ⏱ Runtime: 0.129 s
[14:33:58] 📝 Raw new tokens generated: 11
[14:33:58] 🚀 Throughput: 84.95 tokens/s
[14:33:58] run 24/30…
[14:33:58] ⏱ Runtime: 0.130 s
[14:33:58] 📝 Raw new tokens generated: 11
[14:33:58] 🚀 Throughput: 84.86 tokens/s
[14:33:58] run 25/30…
[14:33:58] ⏱ Runtime: 0.128 s
[14:33:58] 📝 Raw new tokens generated: 11
[14:33:58] 🚀 Throughput: 85.70 tokens/s
[14:33:58] run 26/30…
[14:33:58] ⏱ Runtime: 0.128 s
[14:33:58] 📝 Raw new tokens generated: 11
[14:33:58] 🚀 Throughput: 85.77 tokens/s
[14:33:58] run 27/30…
[14:33:58] ⏱ Runtime: 0.129 s
[14:33:58] 📝 Raw new tokens generated: 11
[14:33:58] 🚀 Throughput: 85.31 tokens/s
[14:33:58] run 28/30…
[14:33:59] ⏱ Runtime: 0.128 s
[14:33:59] 📝 Raw new tokens generated: 11
[14:33:59] 🚀 Throughput: 86.05 tokens/s
[14:33:59] run 29/30…
[14:33:59] ⏱ Runtime: 0.128 s
[14:33:59] 📝 Raw new tokens generated: 11
[14:33:59] 🚀 Throughput: 86.10 tokens/s
[14:33:59] run 30/30…
[14:33:59] ⏱ Runtime: 0.129 s
[14:33:59] 📝 Raw new tokens generated: 11
[14:33:59] 🚀 Throughput: 85.19 tokens/s

===== Benchmark summary =====
Timed runs:       30
Avg throughput:   84.96 tokens/s
P50 throughput:   85.66 tokens/s
P95 throughput:   86.14 tokens/s
Std dev (tps):    3.41
Avg runtime:      0.130 s
Avg new tokens:   11.0
/home/savini98/miniconda3/envs/original_env/lib/python3.12/site-packages/torch/_dynamo/eval_frame.py
[14:33:59] done
