Conda environment: fixed_env
[14:34:08] start
[14:34:08] loading tokenizer…
[14:34:08] loading model
[GPU] NVIDIA GeForce RTX 3090, 23.5 GB VRAM
[GPU] Baseline memory (model loaded): 0.14 GB
[GPU] Probe batch_size=8: peak=0.15 GB, per_sample=1.2 MB
[GPU] Available for batches: 16.34 GB (target 70% utilization)
[GPU] Estimated batch size: 2048
[GPU] Verified: batch_size=2048 fits (peak 0.57 GB) ✅
[14:34:09] using batch_size=2048
[14:34:09] eager forward sanity check…
[14:34:10] eager ok
[14:34:10] checking Dynamo graph breaks…

===== Graph Break Report =====
Graph break count: 0
Number of graphs:  1
No graph breaks detected.
===================================
[14:34:11] compiling with torch.compile (inductor, reduce-overhead)…
[14:34:12] warmup x1…
[14:34:15] profiling one step…
[14:34:15] chrome trace saved: /home/savini98/repos/fx-graph-research/models/t5-small/t5-small_trace_fixed_20260330_143415.json
[14:34:15] ✅ CUDA Graph activity detected:
  - cudaGraphDestroy
  - cudaGraphGetNodes
  - cudaGraphInstantiateWithFlags
  - cudaGraphLaunch
[14:34:15] benchmarking 30 timed runs…
[14:34:15] run 1/30…
[14:34:16] ⏱ Runtime: 0.163 s
[14:34:16] 📝 Raw new tokens generated: 11
[14:34:16] 🚀 Throughput: 67.28 tokens/s
[14:34:16] run 2/30…
[14:34:16] ⏱ Runtime: 0.128 s
[14:34:16] 📝 Raw new tokens generated: 11
[14:34:16] 🚀 Throughput: 86.03 tokens/s
[14:34:16] run 3/30…
[14:34:16] ⏱ Runtime: 0.128 s
[14:34:16] 📝 Raw new tokens generated: 11
[14:34:16] 🚀 Throughput: 85.70 tokens/s
[14:34:16] run 4/30…
[14:34:16] ⏱ Runtime: 0.128 s
[14:34:16] 📝 Raw new tokens generated: 11
[14:34:16] 🚀 Throughput: 85.87 tokens/s
[14:34:16] run 5/30…
[14:34:16] ⏱ Runtime: 0.130 s
[14:34:16] 📝 Raw new tokens generated: 11
[14:34:16] 🚀 Throughput: 84.39 tokens/s
[14:34:16] run 6/30…
[14:34:16] ⏱ Runtime: 0.129 s
[14:34:16] 📝 Raw new tokens generated: 11
[14:34:16] 🚀 Throughput: 85.23 tokens/s
[14:34:16] run 7/30…
[14:34:16] ⏱ Runtime: 0.129 s
[14:34:16] 📝 Raw new tokens generated: 11
[14:34:16] 🚀 Throughput: 84.95 tokens/s
[14:34:16] run 8/30…
[14:34:17] ⏱ Runtime: 0.128 s
[14:34:17] 📝 Raw new tokens generated: 11
[14:34:17] 🚀 Throughput: 85.70 tokens/s
[14:34:17] run 9/30…
[14:34:17] ⏱ Runtime: 0.128 s
[14:34:17] 📝 Raw new tokens generated: 11
[14:34:17] 🚀 Throughput: 86.03 tokens/s
[14:34:17] run 10/30…
[14:34:17] ⏱ Runtime: 0.128 s
[14:34:17] 📝 Raw new tokens generated: 11
[14:34:17] 🚀 Throughput: 86.08 tokens/s
[14:34:17] run 11/30…
[14:34:17] ⏱ Runtime: 0.128 s
[14:34:17] 📝 Raw new tokens generated: 11
[14:34:17] 🚀 Throughput: 86.01 tokens/s
[14:34:17] run 12/30…
[14:34:17] ⏱ Runtime: 0.129 s
[14:34:17] 📝 Raw new tokens generated: 11
[14:34:17] 🚀 Throughput: 85.26 tokens/s
[14:34:17] run 13/30…
[14:34:17] ⏱ Runtime: 0.130 s
[14:34:17] 📝 Raw new tokens generated: 11
[14:34:17] 🚀 Throughput: 84.51 tokens/s
[14:34:17] run 14/30…
[14:34:17] ⏱ Runtime: 0.129 s
[14:34:17] 📝 Raw new tokens generated: 11
[14:34:17] 🚀 Throughput: 85.32 tokens/s
[14:34:17] run 15/30…
[14:34:17] ⏱ Runtime: 0.129 s
[14:34:17] 📝 Raw new tokens generated: 11
[14:34:17] 🚀 Throughput: 85.35 tokens/s
[14:34:17] run 16/30…
[14:34:18] ⏱ Runtime: 0.128 s
[14:34:18] 📝 Raw new tokens generated: 11
[14:34:18] 🚀 Throughput: 85.89 tokens/s
[14:34:18] run 17/30…
[14:34:18] ⏱ Runtime: 0.129 s
[14:34:18] 📝 Raw new tokens generated: 11
[14:34:18] 🚀 Throughput: 85.48 tokens/s
[14:34:18] run 18/30…
[14:34:18] ⏱ Runtime: 0.129 s
[14:34:18] 📝 Raw new tokens generated: 11
[14:34:18] 🚀 Throughput: 85.39 tokens/s
[14:34:18] run 19/30…
[14:34:18] ⏱ Runtime: 0.130 s
[14:34:18] 📝 Raw new tokens generated: 11
[14:34:18] 🚀 Throughput: 84.83 tokens/s
[14:34:18] run 20/30…
[14:34:18] ⏱ Runtime: 0.129 s
[14:34:18] 📝 Raw new tokens generated: 11
[14:34:18] 🚀 Throughput: 85.52 tokens/s
[14:34:18] run 21/30…
[14:34:18] ⏱ Runtime: 0.131 s
[14:34:18] 📝 Raw new tokens generated: 11
[14:34:18] 🚀 Throughput: 84.27 tokens/s
[14:34:18] run 22/30…
[14:34:18] ⏱ Runtime: 0.129 s
[14:34:18] 📝 Raw new tokens generated: 11
[14:34:18] 🚀 Throughput: 85.40 tokens/s
[14:34:18] run 23/30…
[14:34:18] ⏱ Runtime: 0.129 s
[14:34:18] 📝 Raw new tokens generated: 11
[14:34:18] 🚀 Throughput: 85.44 tokens/s
[14:34:18] run 24/30…
[14:34:19] ⏱ Runtime: 0.130 s
[14:34:19] 📝 Raw new tokens generated: 11
[14:34:19] 🚀 Throughput: 84.81 tokens/s
[14:34:19] run 25/30…
[14:34:19] ⏱ Runtime: 0.129 s
[14:34:19] 📝 Raw new tokens generated: 11
[14:34:19] 🚀 Throughput: 85.60 tokens/s
[14:34:19] run 26/30…
[14:34:19] ⏱ Runtime: 0.129 s
[14:34:19] 📝 Raw new tokens generated: 11
[14:34:19] 🚀 Throughput: 85.34 tokens/s
[14:34:19] run 27/30…
[14:34:19] ⏱ Runtime: 0.129 s
[14:34:19] 📝 Raw new tokens generated: 11
[14:34:19] 🚀 Throughput: 85.47 tokens/s
[14:34:19] run 28/30…
[14:34:19] ⏱ Runtime: 0.128 s
[14:34:19] 📝 Raw new tokens generated: 11
[14:34:19] 🚀 Throughput: 85.96 tokens/s
[14:34:19] run 29/30…
[14:34:19] ⏱ Runtime: 0.130 s
[14:34:19] 📝 Raw new tokens generated: 11
[14:34:19] 🚀 Throughput: 84.55 tokens/s
[14:34:19] run 30/30…
[14:34:19] ⏱ Runtime: 0.129 s
[14:34:19] 📝 Raw new tokens generated: 11
[14:34:19] 🚀 Throughput: 85.24 tokens/s

===== Benchmark summary =====
Timed runs:       30
Avg throughput:   84.76 tokens/s
P50 throughput:   85.40 tokens/s
P95 throughput:   86.03 tokens/s
Std dev (tps):    3.28
Avg runtime:      0.130 s
Avg new tokens:   11.0
/home/savini98/miniconda3/envs/fixed_env/lib/python3.12/site-packages/torch/_dynamo/eval_frame.py
[14:34:19] done
