Conda environment: fixed_env
[14:44:05] start
[14:44:05] loading tokenizer…
[14:44:05] loading model
[GPU] NVIDIA GeForce RTX 3090, 23.5 GB VRAM
[GPU] Baseline memory (model loaded): 0.14 GB
[GPU] Probe batch_size=8: peak=0.15 GB, per_sample=1.2 MB
[GPU] Available for batches: 16.34 GB (target 70% utilization)
[GPU] Estimated batch size: 2048
[GPU] Verified: batch_size=2048 fits (peak 0.57 GB) ✅
[14:44:07] using batch_size=2048
[14:44:07] eager forward sanity check…
[14:44:07] eager ok
[14:44:07] checking Dynamo graph breaks…

===== Graph Break Report =====
Graph break count: 0
Number of graphs:  1
No graph breaks detected.
===================================
[14:44:09] compiling with torch.compile (inductor, reduce-overhead)…
[14:44:09] warmup x1…
[14:44:12] profiling one step…
[14:44:13] chrome trace saved: /home/savini98/repos/fx-graph-research/models/t5-small/t5-small_trace_fixed_20260330_144412.json
[14:44:13] ✅ CUDA Graph activity detected:
  - cudaGraphDestroy
  - cudaGraphGetNodes
  - cudaGraphInstantiateWithFlags
  - cudaGraphLaunch
[14:44:13] benchmarking 30 timed runs…
[14:44:13] run 1/30…
[14:44:13] ⏱ Runtime: 0.166 s
[14:44:13] 📝 Raw new tokens generated: 11
[14:44:13] 🚀 Throughput: 66.21 tokens/s
[14:44:13] run 2/30…
[14:44:13] ⏱ Runtime: 0.132 s
[14:44:13] 📝 Raw new tokens generated: 11
[14:44:13] 🚀 Throughput: 83.15 tokens/s
[14:44:13] run 3/30…
[14:44:13] ⏱ Runtime: 0.134 s
[14:44:13] 📝 Raw new tokens generated: 11
[14:44:13] 🚀 Throughput: 82.29 tokens/s
[14:44:13] run 4/30…
[14:44:13] ⏱ Runtime: 0.133 s
[14:44:13] 📝 Raw new tokens generated: 11
[14:44:13] 🚀 Throughput: 82.83 tokens/s
[14:44:13] run 5/30…
[14:44:13] ⏱ Runtime: 0.133 s
[14:44:13] 📝 Raw new tokens generated: 11
[14:44:13] 🚀 Throughput: 82.62 tokens/s
[14:44:13] run 6/30…
[14:44:14] ⏱ Runtime: 0.133 s
[14:44:14] 📝 Raw new tokens generated: 11
[14:44:14] 🚀 Throughput: 82.76 tokens/s
[14:44:14] run 7/30…
[14:44:14] ⏱ Runtime: 0.134 s
[14:44:14] 📝 Raw new tokens generated: 11
[14:44:14] 🚀 Throughput: 82.24 tokens/s
[14:44:14] run 8/30…
[14:44:14] ⏱ Runtime: 0.133 s
[14:44:14] 📝 Raw new tokens generated: 11
[14:44:14] 🚀 Throughput: 82.58 tokens/s
[14:44:14] run 9/30…
[14:44:14] ⏱ Runtime: 0.133 s
[14:44:14] 📝 Raw new tokens generated: 11
[14:44:14] 🚀 Throughput: 82.69 tokens/s
[14:44:14] run 10/30…
[14:44:14] ⏱ Runtime: 0.132 s
[14:44:14] 📝 Raw new tokens generated: 11
[14:44:14] 🚀 Throughput: 83.14 tokens/s
[14:44:14] run 11/30…
[14:44:14] ⏱ Runtime: 0.132 s
[14:44:14] 📝 Raw new tokens generated: 11
[14:44:14] 🚀 Throughput: 83.19 tokens/s
[14:44:14] run 12/30…
[14:44:14] ⏱ Runtime: 0.133 s
[14:44:14] 📝 Raw new tokens generated: 11
[14:44:14] 🚀 Throughput: 82.62 tokens/s
[14:44:14] run 13/30…
[14:44:15] ⏱ Runtime: 0.133 s
[14:44:15] 📝 Raw new tokens generated: 11
[14:44:15] 🚀 Throughput: 82.75 tokens/s
[14:44:15] run 14/30…
[14:44:15] ⏱ Runtime: 0.135 s
[14:44:15] 📝 Raw new tokens generated: 11
[14:44:15] 🚀 Throughput: 81.69 tokens/s
[14:44:15] run 15/30…
[14:44:15] ⏱ Runtime: 0.134 s
[14:44:15] 📝 Raw new tokens generated: 11
[14:44:15] 🚀 Throughput: 82.34 tokens/s
[14:44:15] run 16/30…
[14:44:15] ⏱ Runtime: 0.132 s
[14:44:15] 📝 Raw new tokens generated: 11
[14:44:15] 🚀 Throughput: 83.05 tokens/s
[14:44:15] run 17/30…
[14:44:15] ⏱ Runtime: 0.132 s
[14:44:15] 📝 Raw new tokens generated: 11
[14:44:15] 🚀 Throughput: 83.60 tokens/s
[14:44:15] run 18/30…
[14:44:15] ⏱ Runtime: 0.133 s
[14:44:15] 📝 Raw new tokens generated: 11
[14:44:15] 🚀 Throughput: 82.56 tokens/s
[14:44:15] run 19/30…
[14:44:15] ⏱ Runtime: 0.132 s
[14:44:15] 📝 Raw new tokens generated: 11
[14:44:15] 🚀 Throughput: 83.12 tokens/s
[14:44:15] run 20/30…
[14:44:15] ⏱ Runtime: 0.133 s
[14:44:15] 📝 Raw new tokens generated: 11
[14:44:15] 🚀 Throughput: 82.66 tokens/s
[14:44:15] run 21/30…
[14:44:16] ⏱ Runtime: 0.132 s
[14:44:16] 📝 Raw new tokens generated: 11
[14:44:16] 🚀 Throughput: 83.04 tokens/s
[14:44:16] run 22/30…
[14:44:16] ⏱ Runtime: 0.134 s
[14:44:16] 📝 Raw new tokens generated: 11
[14:44:16] 🚀 Throughput: 82.06 tokens/s
[14:44:16] run 23/30…
[14:44:16] ⏱ Runtime: 0.133 s
[14:44:16] 📝 Raw new tokens generated: 11
[14:44:16] 🚀 Throughput: 82.57 tokens/s
[14:44:16] run 24/30…
[14:44:16] ⏱ Runtime: 0.133 s
[14:44:16] 📝 Raw new tokens generated: 11
[14:44:16] 🚀 Throughput: 82.54 tokens/s
[14:44:16] run 25/30…
[14:44:16] ⏱ Runtime: 0.133 s
[14:44:16] 📝 Raw new tokens generated: 11
[14:44:16] 🚀 Throughput: 82.48 tokens/s
[14:44:16] run 26/30…
[14:44:16] ⏱ Runtime: 0.133 s
[14:44:16] 📝 Raw new tokens generated: 11
[14:44:16] 🚀 Throughput: 82.56 tokens/s
[14:44:16] run 27/30…
[14:44:16] ⏱ Runtime: 0.134 s
[14:44:16] 📝 Raw new tokens generated: 11
[14:44:16] 🚀 Throughput: 82.21 tokens/s
[14:44:16] run 28/30…
[14:44:17] ⏱ Runtime: 0.132 s
[14:44:17] 📝 Raw new tokens generated: 11
[14:44:17] 🚀 Throughput: 83.08 tokens/s
[14:44:17] run 29/30…
[14:44:17] ⏱ Runtime: 0.134 s
[14:44:17] 📝 Raw new tokens generated: 11
[14:44:17] 🚀 Throughput: 82.32 tokens/s
[14:44:17] run 30/30…
[14:44:17] ⏱ Runtime: 0.134 s
[14:44:17] 📝 Raw new tokens generated: 11
[14:44:17] 🚀 Throughput: 82.27 tokens/s

===== Benchmark summary =====
Timed runs:       30
Avg throughput:   82.11 tokens/s
P50 throughput:   82.60 tokens/s
P95 throughput:   83.15 tokens/s
Std dev (tps):    2.98
Avg runtime:      0.134 s
Avg new tokens:   11.0
/home/savini98/miniconda3/envs/fixed_env/lib/python3.12/site-packages/torch/_dynamo/eval_frame.py
[14:44:17] done
