Conda environment: original_env
[14:43:48] start
[14:43:48] loading tokenizer…
[14:43:48] loading model
[GPU] NVIDIA GeForce RTX 3090, 23.5 GB VRAM
[GPU] Baseline memory (model loaded): 0.14 GB
Passing a tuple of `past_key_values` is deprecated and will be removed in Transformers v4.48.0. You should pass an instance of `EncoderDecoderCache` instead, e.g. `past_key_values=EncoderDecoderCache.from_legacy_cache(past_key_values)`.
[GPU] Probe batch_size=8: peak=0.15 GB, per_sample=1.2 MB
[GPU] Available for batches: 16.34 GB (target 70% utilization)
[GPU] Estimated batch size: 2048
[GPU] Verified: batch_size=2048 fits (peak 0.60 GB) ✅
[14:43:50] using batch_size=2048
[14:43:50] eager forward sanity check…
[14:43:50] eager ok
[14:43:50] checking Dynamo graph breaks…

===== Graph Break Report =====
Graph break count: 3
Number of graphs:  4
Break reasons:
  1. GraphCompileReason(reason='Logger not supported for non-export cases. To avoid graph breaks caused by logger in compile-mode, it is recommended to disable logging by adding logging methods to config.ignore_logger_methods', user_stack=[<FrameSummary file /home/savini98/miniconda3/envs/original_env/lib/python3.12/site-packages/transformers/models/t5/modeling_t5.py, line 1811 in forward>, <FrameSummary file /home/savini98/miniconda3/envs/original_env/lib/python3.12/site-packages/transformers/models/t5/modeling_t5.py, line 1019 in forward>], graph_break=True)
  2. GraphCompileReason(reason='Logger not supported for non-export cases. To avoid graph breaks caused by logger in compile-mode, it is recommended to disable logging by adding logging methods to config.ignore_logger_methods', user_stack=[<FrameSummary file /home/savini98/miniconda3/envs/original_env/lib/python3.12/site-packages/transformers/models/t5/modeling_t5.py, line 1019 in forward>], graph_break=True)
===================================
[14:43:52] compiling with torch.compile (inductor, reduce-overhead)…
[14:43:53] warmup x1…
[14:43:56] profiling one step…
[14:43:57] chrome trace saved: /home/savini98/repos/fx-graph-research/models/t5-small/t5-small_trace_original_20260330_144356.json
[14:43:57] ✅ CUDA Graph activity detected:
  - cudaGraphDestroy
  - cudaGraphGetNodes
  - cudaGraphInstantiateWithFlags
  - cudaGraphLaunch
[14:43:57] benchmarking 30 timed runs…
[14:43:57] run 1/30…
[14:43:57] ⏱ Runtime: 0.165 s
[14:43:57] 📝 Raw new tokens generated: 11
[14:43:57] 🚀 Throughput: 66.74 tokens/s
[14:43:57] run 2/30…
[14:43:57] ⏱ Runtime: 0.129 s
[14:43:57] 📝 Raw new tokens generated: 11
[14:43:57] 🚀 Throughput: 85.45 tokens/s
[14:43:57] run 3/30…
[14:43:57] ⏱ Runtime: 0.129 s
[14:43:57] 📝 Raw new tokens generated: 11
[14:43:57] 🚀 Throughput: 85.23 tokens/s
[14:43:57] run 4/30…
[14:43:57] ⏱ Runtime: 0.129 s
[14:43:57] 📝 Raw new tokens generated: 11
[14:43:57] 🚀 Throughput: 85.54 tokens/s
[14:43:57] run 5/30…
[14:43:58] ⏱ Runtime: 0.128 s
[14:43:58] 📝 Raw new tokens generated: 11
[14:43:58] 🚀 Throughput: 85.67 tokens/s
[14:43:58] run 6/30…
[14:43:58] ⏱ Runtime: 0.129 s
[14:43:58] 📝 Raw new tokens generated: 11
[14:43:58] 🚀 Throughput: 85.26 tokens/s
[14:43:58] run 7/30…
[14:43:58] ⏱ Runtime: 0.129 s
[14:43:58] 📝 Raw new tokens generated: 11
[14:43:58] 🚀 Throughput: 85.30 tokens/s
[14:43:58] run 8/30…
[14:43:58] ⏱ Runtime: 0.129 s
[14:43:58] 📝 Raw new tokens generated: 11
[14:43:58] 🚀 Throughput: 85.48 tokens/s
[14:43:58] run 9/30…
[14:43:58] ⏱ Runtime: 0.128 s
[14:43:58] 📝 Raw new tokens generated: 11
[14:43:58] 🚀 Throughput: 85.98 tokens/s
[14:43:58] run 10/30…
[14:43:58] ⏱ Runtime: 0.129 s
[14:43:58] 📝 Raw new tokens generated: 11
[14:43:58] 🚀 Throughput: 85.45 tokens/s
[14:43:58] run 11/30…
[14:43:58] ⏱ Runtime: 0.128 s
[14:43:58] 📝 Raw new tokens generated: 11
[14:43:58] 🚀 Throughput: 85.89 tokens/s
[14:43:58] run 12/30…
[14:43:58] ⏱ Runtime: 0.129 s
[14:43:58] 📝 Raw new tokens generated: 11
[14:43:58] 🚀 Throughput: 85.47 tokens/s
[14:43:58] run 13/30…
[14:43:59] ⏱ Runtime: 0.129 s
[14:43:59] 📝 Raw new tokens generated: 11
[14:43:59] 🚀 Throughput: 85.43 tokens/s
[14:43:59] run 14/30…
[14:43:59] ⏱ Runtime: 0.129 s
[14:43:59] 📝 Raw new tokens generated: 11
[14:43:59] 🚀 Throughput: 85.47 tokens/s
[14:43:59] run 15/30…
[14:43:59] ⏱ Runtime: 0.130 s
[14:43:59] 📝 Raw new tokens generated: 11
[14:43:59] 🚀 Throughput: 84.64 tokens/s
[14:43:59] run 16/30…
[14:43:59] ⏱ Runtime: 0.129 s
[14:43:59] 📝 Raw new tokens generated: 11
[14:43:59] 🚀 Throughput: 85.55 tokens/s
[14:43:59] run 17/30…
[14:43:59] ⏱ Runtime: 0.135 s
[14:43:59] 📝 Raw new tokens generated: 11
[14:43:59] 🚀 Throughput: 81.62 tokens/s
[14:43:59] run 18/30…
[14:43:59] ⏱ Runtime: 0.136 s
[14:43:59] 📝 Raw new tokens generated: 11
[14:43:59] 🚀 Throughput: 80.92 tokens/s
[14:43:59] run 19/30…
[14:43:59] ⏱ Runtime: 0.135 s
[14:43:59] 📝 Raw new tokens generated: 11
[14:43:59] 🚀 Throughput: 81.25 tokens/s
[14:43:59] run 20/30…
[14:44:00] ⏱ Runtime: 0.138 s
[14:44:00] 📝 Raw new tokens generated: 11
[14:44:00] 🚀 Throughput: 80.00 tokens/s
[14:44:00] run 21/30…
[14:44:00] ⏱ Runtime: 0.130 s
[14:44:00] 📝 Raw new tokens generated: 11
[14:44:00] 🚀 Throughput: 84.89 tokens/s
[14:44:00] run 22/30…
[14:44:00] ⏱ Runtime: 0.129 s
[14:44:00] 📝 Raw new tokens generated: 11
[14:44:00] 🚀 Throughput: 85.43 tokens/s
[14:44:00] run 23/30…
[14:44:00] ⏱ Runtime: 0.130 s
[14:44:00] 📝 Raw new tokens generated: 11
[14:44:00] 🚀 Throughput: 84.90 tokens/s
[14:44:00] run 24/30…
[14:44:00] ⏱ Runtime: 0.129 s
[14:44:00] 📝 Raw new tokens generated: 11
[14:44:00] 🚀 Throughput: 85.60 tokens/s
[14:44:00] run 25/30…
[14:44:00] ⏱ Runtime: 0.129 s
[14:44:00] 📝 Raw new tokens generated: 11
[14:44:00] 🚀 Throughput: 85.58 tokens/s
[14:44:00] run 26/30…
[14:44:00] ⏱ Runtime: 0.128 s
[14:44:00] 📝 Raw new tokens generated: 11
[14:44:00] 🚀 Throughput: 85.64 tokens/s
[14:44:00] run 27/30…
[14:44:00] ⏱ Runtime: 0.130 s
[14:44:00] 📝 Raw new tokens generated: 11
[14:44:00] 🚀 Throughput: 84.91 tokens/s
[14:44:00] run 28/30…
[14:44:01] ⏱ Runtime: 0.129 s
[14:44:01] 📝 Raw new tokens generated: 11
[14:44:01] 🚀 Throughput: 85.29 tokens/s
[14:44:01] run 29/30…
[14:44:01] ⏱ Runtime: 0.130 s
[14:44:01] 📝 Raw new tokens generated: 11
[14:44:01] 🚀 Throughput: 84.87 tokens/s
[14:44:01] run 30/30…
[14:44:01] ⏱ Runtime: 0.128 s
[14:44:01] 📝 Raw new tokens generated: 11
[14:44:01] 🚀 Throughput: 85.65 tokens/s

===== Benchmark summary =====
Timed runs:       30
Avg throughput:   84.17 tokens/s
P50 throughput:   85.43 tokens/s
P95 throughput:   85.67 tokens/s
Std dev (tps):    3.59
Avg runtime:      0.131 s
Avg new tokens:   11.0
/home/savini98/miniconda3/envs/original_env/lib/python3.12/site-packages/torch/_dynamo/eval_frame.py
[14:44:01] done
