Conda environment: fixed_env
[15:59:58] start
[15:59:58] loading tokenizer…
[15:59:58] loading model
[GPU] NVIDIA GeForce RTX 3090, 23.5 GB VRAM
[GPU] Baseline memory (model loaded): 1.80 GB
[GPU] Probe batch_size=8: peak=1.81 GB, per_sample=1.5 MB
[GPU] Available for batches: 14.68 GB (target 70% utilization)
[GPU] Estimated batch size: 514
[GPU] Verified: batch_size=514 fits (peak 1.98 GB) ✅
[16:00:01] using batch_size=514
[16:00:01] eager forward sanity check…
[16:00:01] eager ok
[16:00:01] checking Dynamo graph breaks…

===== Graph Break Report =====
Graph break count: 0
Number of graphs:  1
No graph breaks detected.
===================================
[16:00:02] compiling with torch.compile (inductor, reduce-overhead)…
[16:00:03] warmup x1…
[16:00:05] profiling one step…
[16:00:05] chrome trace saved: /home/savini98/repos/fx-graph-research/models/jina-embeddings-v2-base-de/traces/jina-embeddings-v2-base-de_trace_fixed_20260330_160005.json
[16:00:06] ✅ CUDA Graph activity detected:
  - cudaGraphDestroy
  - cudaGraphGetNodes
  - cudaGraphInstantiateWithFlags
  - cudaGraphLaunch
[16:00:06] benchmarking 30 timed runs…
[16:00:06] run 1/30…
[16:00:06] ⏱ Runtime: 0.027 s
[16:00:06] 📝 Sequences in batch: 514
[16:00:06] 🚀 Throughput: 19083.41 sequences/s
[16:00:06] run 2/30…
[16:00:06] ⏱ Runtime: 0.028 s
[16:00:06] 📝 Sequences in batch: 514
[16:00:06] 🚀 Throughput: 18266.70 sequences/s
[16:00:06] run 3/30…
[16:00:06] ⏱ Runtime: 0.028 s
[16:00:06] 📝 Sequences in batch: 514
[16:00:06] 🚀 Throughput: 18286.22 sequences/s
[16:00:06] run 4/30…
[16:00:06] ⏱ Runtime: 0.028 s
[16:00:06] 📝 Sequences in batch: 514
[16:00:06] 🚀 Throughput: 18276.45 sequences/s
[16:00:06] run 5/30…
[16:00:06] ⏱ Runtime: 0.028 s
[16:00:06] 📝 Sequences in batch: 514
[16:00:06] 🚀 Throughput: 18209.76 sequences/s
[16:00:06] run 6/30…
[16:00:06] ⏱ Runtime: 0.028 s
[16:00:06] 📝 Sequences in batch: 514
[16:00:06] 🚀 Throughput: 18341.29 sequences/s
[16:00:06] run 7/30…
[16:00:06] ⏱ Runtime: 0.028 s
[16:00:06] 📝 Sequences in batch: 514
[16:00:06] 🚀 Throughput: 18212.69 sequences/s
[16:00:06] run 8/30…
[16:00:06] ⏱ Runtime: 0.028 s
[16:00:06] 📝 Sequences in batch: 514
[16:00:06] 🚀 Throughput: 18306.41 sequences/s
[16:00:06] run 9/30…
[16:00:06] ⏱ Runtime: 0.028 s
[16:00:06] 📝 Sequences in batch: 514
[16:00:06] 🚀 Throughput: 18261.75 sequences/s
[16:00:06] run 10/30…
[16:00:06] ⏱ Runtime: 0.028 s
[16:00:06] 📝 Sequences in batch: 514
[16:00:06] 🚀 Throughput: 18316.67 sequences/s
[16:00:06] run 11/30…
[16:00:06] ⏱ Runtime: 0.028 s
[16:00:06] 📝 Sequences in batch: 514
[16:00:06] 🚀 Throughput: 18376.16 sequences/s
[16:00:06] run 12/30…
[16:00:06] ⏱ Runtime: 0.028 s
[16:00:06] 📝 Sequences in batch: 514
[16:00:06] 🚀 Throughput: 18430.98 sequences/s
[16:00:06] run 13/30…
[16:00:06] ⏱ Runtime: 0.028 s
[16:00:06] 📝 Sequences in batch: 514
[16:00:06] 🚀 Throughput: 18418.23 sequences/s
[16:00:06] run 14/30…
[16:00:06] ⏱ Runtime: 0.028 s
[16:00:06] 📝 Sequences in batch: 514
[16:00:06] 🚀 Throughput: 18339.42 sequences/s
[16:00:06] run 15/30…
[16:00:06] ⏱ Runtime: 0.028 s
[16:00:06] 📝 Sequences in batch: 514
[16:00:06] 🚀 Throughput: 18454.81 sequences/s
[16:00:06] run 16/30…
[16:00:06] ⏱ Runtime: 0.028 s
[16:00:06] 📝 Sequences in batch: 514
[16:00:06] 🚀 Throughput: 18469.35 sequences/s
[16:00:06] run 17/30…
[16:00:06] ⏱ Runtime: 0.028 s
[16:00:06] 📝 Sequences in batch: 514
[16:00:06] 🚀 Throughput: 18447.70 sequences/s
[16:00:06] run 18/30…
[16:00:06] ⏱ Runtime: 0.028 s
[16:00:06] 📝 Sequences in batch: 514
[16:00:06] 🚀 Throughput: 18406.28 sequences/s
[16:00:06] run 19/30…
[16:00:06] ⏱ Runtime: 0.028 s
[16:00:06] 📝 Sequences in batch: 514
[16:00:06] 🚀 Throughput: 18291.65 sequences/s
[16:00:06] run 20/30…
[16:00:06] ⏱ Runtime: 0.028 s
[16:00:06] 📝 Sequences in batch: 514
[16:00:06] 🚀 Throughput: 18375.53 sequences/s
[16:00:06] run 21/30…
[16:00:06] ⏱ Runtime: 0.028 s
[16:00:06] 📝 Sequences in batch: 514
[16:00:06] 🚀 Throughput: 18383.99 sequences/s
[16:00:06] run 22/30…
[16:00:06] ⏱ Runtime: 0.028 s
[16:00:06] 📝 Sequences in batch: 514
[16:00:06] 🚀 Throughput: 18344.73 sequences/s
[16:00:06] run 23/30…
[16:00:06] ⏱ Runtime: 0.028 s
[16:00:06] 📝 Sequences in batch: 514
[16:00:06] 🚀 Throughput: 18372.08 sequences/s
[16:00:06] run 24/30…
[16:00:06] ⏱ Runtime: 0.028 s
[16:00:06] 📝 Sequences in batch: 514
[16:00:06] 🚀 Throughput: 18311.69 sequences/s
[16:00:06] run 25/30…
[16:00:06] ⏱ Runtime: 0.028 s
[16:00:06] 📝 Sequences in batch: 514
[16:00:06] 🚀 Throughput: 18430.98 sequences/s
[16:00:06] run 26/30…
[16:00:06] ⏱ Runtime: 0.028 s
[16:00:06] 📝 Sequences in batch: 514
[16:00:06] 🚀 Throughput: 18439.50 sequences/s
[16:00:06] run 27/30…
[16:00:06] ⏱ Runtime: 0.028 s
[16:00:06] 📝 Sequences in batch: 514
[16:00:06] 🚀 Throughput: 18426.89 sequences/s
[16:00:06] run 28/30…
[16:00:06] ⏱ Runtime: 0.028 s
[16:00:06] 📝 Sequences in batch: 514
[16:00:06] 🚀 Throughput: 18445.33 sequences/s
[16:00:06] run 29/30…
[16:00:06] ⏱ Runtime: 0.028 s
[16:00:06] 📝 Sequences in batch: 514
[16:00:06] 🚀 Throughput: 18318.23 sequences/s
[16:00:06] run 30/30…
[16:00:06] ⏱ Runtime: 0.028 s
[16:00:06] 📝 Sequences in batch: 514
[16:00:06] 🚀 Throughput: 18319.01 sequences/s

===== Benchmark summary =====
Timed runs:          30
Batch size:          514
Avg throughput:      18378.80 sequences/s
P50 throughput:      18358.41 sequences/s
P95 throughput:      18454.81 sequences/s
Std dev (seqs/s):    149.17
Avg runtime:         0.028 s
/home/savini98/.cache/huggingface/modules/transformers_modules/jina-embeddings-v2-base-de/modeling_bert.py
[16:00:06] done
