Conda environment: fixed_env
[16:07:16] start
[16:07:16] loading processor…
[16:07:16] loading model
[GPU] NVIDIA GeForce RTX 3090, 23.5 GB VRAM
[GPU] Baseline memory (model loaded): 0.87 GB
[GPU] Probe batch_size=8: peak=9.55 GB, per_sample=1110.9 MB
[GPU] Available for batches: 15.60 GB (target 70% utilization)
[GPU] Estimated batch size: 1
[GPU] Verified: batch_size=1 fits (peak 9.55 GB) ✅
[16:07:19] using batch_size=1
[16:07:19] eager forward sanity check…
[16:07:19] eager ok
[16:07:19] checking Dynamo graph breaks…

===== Graph Break Report =====
Graph break count: 7
Number of graphs:  8
Break reasons:
  1. GraphCompileReason(reason="Dynamic shape operator\n  Explanation: Operator `aten.nonzero.default`'s output shape depends on input Tensor data.\n  Hint: Enable tracing of dynamic shape operators with `torch._dynamo.config.capture_dynamic_output_shape_ops = True`\n\n  Developer debug context: aten.nonzero.default\n", user_stack=[<FrameSummary file /home/savini98/repos/fx-graph-research/transformers-modified/src/transformers/models/grounding_dino/modeling_grounding_dino.py, line 1908 in generate_masks_with_special_tokens_and_transfer_map>], graph_break=True)
  2. GraphCompileReason(reason='Data dependent operator\n  Explanation: Operator `aten._local_scalar_dense.default` has a non-Tensor output whose value is dependent on the data of Tensor inputs.\n  Hint: Enable tracing of data-dependent output operators with `torch._dynamo.config.capture_scalar_outputs = True`\n\n  Developer debug context: aten._local_scalar_dense.default\n', user_stack=[<FrameSummary file /home/savini98/repos/fx-graph-research/transformers-modified/src/transformers/models/grounding_dino/modeling_grounding_dino.py, line 2225 in forward>, <FrameSummary file /home/savini98/repos/fx-graph-research/transformers-modified/src/transformers/models/grounding_dino/modeling_grounding_dino.py, line 1594 in forward>, <FrameSummary file /home/savini98/repos/fx-graph-research/transformers-modified/src/transformers/models/grounding_dino/modeling_grounding_dino.py, line 1514 in get_reference_points>], graph_break=True)
  3. GraphCompileReason(reason='Dynamic slicing with Tensor arguments\n  Explanation: Creating slices with Tensor arguments is not supported. e.g. `l[:x]`, where `x` is a 1-element tensor.\n  Hint: It may be possible to write Dynamo tracing rules for this code. Please report an issue to PyTorch if you encounter this graph break often and it is causing performance issues.\n\n  Developer debug context: SliceVariable start: ConstantVariable(int: 0), stop: TensorVariable(), step: ConstantVariable(NoneType: None)\n', user_stack=[<FrameSummary file /home/savini98/repos/fx-graph-research/transformers-modified/src/transformers/models/grounding_dino/modeling_grounding_dino.py, line 2259 in forward>, <FrameSummary file /home/savini98/repos/fx-graph-research/transformers-modified/src/transformers/models/grounding_dino/modeling_grounding_dino.py, line 2052 in generate_encoder_output_proposals>], graph_break=True)
===================================
[16:07:32] compiling with torch.compile (inductor, reduce-overhead)…
[16:07:33] warmup x1…
[16:07:47] profiling one step…
/home/savini98/miniconda3/envs/fixed_env/lib/python3.12/site-packages/torch/cuda/graphs.py:84: UserWarning: The CUDA Graph is empty. This usually means that the graph was attempted to be captured on wrong device or stream. (Triggered internally at /pytorch/aten/src/ATen/cuda/CUDAGraph.cpp:175.)
  super().capture_end()
/home/savini98/miniconda3/envs/fixed_env/lib/python3.12/site-packages/torch/cuda/graphs.py:84: UserWarning: The CUDA Graph is empty. This usually means that the graph was attempted to be captured on wrong device or stream. (Triggered internally at /pytorch/aten/src/ATen/cuda/CUDAGraph.cpp:175.)
  super().capture_end()
/home/savini98/miniconda3/envs/fixed_env/lib/python3.12/site-packages/torch/cuda/graphs.py:84: UserWarning: The CUDA Graph is empty. This usually means that the graph was attempted to be captured on wrong device or stream. (Triggered internally at /pytorch/aten/src/ATen/cuda/CUDAGraph.cpp:175.)
  super().capture_end()
/home/savini98/miniconda3/envs/fixed_env/lib/python3.12/site-packages/torch/cuda/graphs.py:84: UserWarning: The CUDA Graph is empty. This usually means that the graph was attempted to be captured on wrong device or stream. (Triggered internally at /pytorch/aten/src/ATen/cuda/CUDAGraph.cpp:175.)
  super().capture_end()
/home/savini98/miniconda3/envs/fixed_env/lib/python3.12/site-packages/torch/cuda/graphs.py:84: UserWarning: The CUDA Graph is empty. This usually means that the graph was attempted to be captured on wrong device or stream. (Triggered internally at /pytorch/aten/src/ATen/cuda/CUDAGraph.cpp:175.)
  super().capture_end()
/home/savini98/miniconda3/envs/fixed_env/lib/python3.12/site-packages/torch/cuda/graphs.py:84: UserWarning: The CUDA Graph is empty. This usually means that the graph was attempted to be captured on wrong device or stream. (Triggered internally at /pytorch/aten/src/ATen/cuda/CUDAGraph.cpp:175.)
  super().capture_end()
/home/savini98/miniconda3/envs/fixed_env/lib/python3.12/site-packages/torch/cuda/graphs.py:84: UserWarning: The CUDA Graph is empty. This usually means that the graph was attempted to be captured on wrong device or stream. (Triggered internally at /pytorch/aten/src/ATen/cuda/CUDAGraph.cpp:175.)
  super().capture_end()
/home/savini98/miniconda3/envs/fixed_env/lib/python3.12/site-packages/torch/cuda/graphs.py:84: UserWarning: The CUDA Graph is empty. This usually means that the graph was attempted to be captured on wrong device or stream. (Triggered internally at /pytorch/aten/src/ATen/cuda/CUDAGraph.cpp:175.)
  super().capture_end()
[16:07:51] chrome trace saved: /home/savini98/repos/fx-graph-research/models/grounding-dino-base/traces/grounding-dino-base_trace_fixed_20260330_160747.json
[16:07:52] ✅ CUDA Graph activity detected:
  - cudaGraphDestroy
  - cudaGraphGetNodes
  - cudaGraphInstantiateWithFlags
  - cudaGraphLaunch
[16:07:52] benchmarking 30 timed runs…
[16:07:52] run 1/30…
[16:07:52] ⏱ Runtime: 0.115 s
[16:07:52] 📝 Images in batch: 1
[16:07:52] 🚀 Throughput: 8.70 images/s
[16:07:52] run 2/30…
[16:07:52] ⏱ Runtime: 0.115 s
[16:07:52] 📝 Images in batch: 1
[16:07:52] 🚀 Throughput: 8.68 images/s
[16:07:52] run 3/30…
[16:07:53] ⏱ Runtime: 0.116 s
[16:07:53] 📝 Images in batch: 1
[16:07:53] 🚀 Throughput: 8.65 images/s
[16:07:53] run 4/30…
[16:07:53] ⏱ Runtime: 0.115 s
[16:07:53] 📝 Images in batch: 1
[16:07:53] 🚀 Throughput: 8.70 images/s
[16:07:53] run 5/30…
[16:07:53] ⏱ Runtime: 0.115 s
[16:07:53] 📝 Images in batch: 1
[16:07:53] 🚀 Throughput: 8.67 images/s
[16:07:53] run 6/30…
[16:07:53] ⏱ Runtime: 0.116 s
[16:07:53] 📝 Images in batch: 1
[16:07:53] 🚀 Throughput: 8.66 images/s
[16:07:53] run 7/30…
[16:07:53] ⏱ Runtime: 0.115 s
[16:07:53] 📝 Images in batch: 1
[16:07:53] 🚀 Throughput: 8.68 images/s
[16:07:53] run 8/30…
[16:07:53] ⏱ Runtime: 0.115 s
[16:07:53] 📝 Images in batch: 1
[16:07:53] 🚀 Throughput: 8.70 images/s
[16:07:53] run 9/30…
[16:07:53] ⏱ Runtime: 0.115 s
[16:07:53] 📝 Images in batch: 1
[16:07:53] 🚀 Throughput: 8.70 images/s
[16:07:53] run 10/30…
[16:07:53] ⏱ Runtime: 0.115 s
[16:07:53] 📝 Images in batch: 1
[16:07:53] 🚀 Throughput: 8.67 images/s
[16:07:53] run 11/30…
[16:07:54] ⏱ Runtime: 0.115 s
[16:07:54] 📝 Images in batch: 1
[16:07:54] 🚀 Throughput: 8.67 images/s
[16:07:54] run 12/30…
[16:07:54] ⏱ Runtime: 0.116 s
[16:07:54] 📝 Images in batch: 1
[16:07:54] 🚀 Throughput: 8.65 images/s
[16:07:54] run 13/30…
[16:07:54] ⏱ Runtime: 0.115 s
[16:07:54] 📝 Images in batch: 1
[16:07:54] 🚀 Throughput: 8.68 images/s
[16:07:54] run 14/30…
[16:07:54] ⏱ Runtime: 0.116 s
[16:07:54] 📝 Images in batch: 1
[16:07:54] 🚀 Throughput: 8.65 images/s
[16:07:54] run 15/30…
[16:07:54] ⏱ Runtime: 0.115 s
[16:07:54] 📝 Images in batch: 1
[16:07:54] 🚀 Throughput: 8.66 images/s
[16:07:54] run 16/30…
[16:07:54] ⏱ Runtime: 0.115 s
[16:07:54] 📝 Images in batch: 1
[16:07:54] 🚀 Throughput: 8.68 images/s
[16:07:54] run 17/30…
[16:07:54] ⏱ Runtime: 0.115 s
[16:07:54] 📝 Images in batch: 1
[16:07:54] 🚀 Throughput: 8.67 images/s
[16:07:54] run 18/30…
[16:07:54] ⏱ Runtime: 0.115 s
[16:07:54] 📝 Images in batch: 1
[16:07:54] 🚀 Throughput: 8.69 images/s
[16:07:54] run 19/30…
[16:07:54] ⏱ Runtime: 0.115 s
[16:07:54] 📝 Images in batch: 1
[16:07:54] 🚀 Throughput: 8.66 images/s
[16:07:54] run 20/30…
[16:07:55] ⏱ Runtime: 0.116 s
[16:07:55] 📝 Images in batch: 1
[16:07:55] 🚀 Throughput: 8.66 images/s
[16:07:55] run 21/30…
[16:07:55] ⏱ Runtime: 0.116 s
[16:07:55] 📝 Images in batch: 1
[16:07:55] 🚀 Throughput: 8.65 images/s
[16:07:55] run 22/30…
[16:07:55] ⏱ Runtime: 0.116 s
[16:07:55] 📝 Images in batch: 1
[16:07:55] 🚀 Throughput: 8.62 images/s
[16:07:55] run 23/30…
[16:07:55] ⏱ Runtime: 0.115 s
[16:07:55] 📝 Images in batch: 1
[16:07:55] 🚀 Throughput: 8.68 images/s
[16:07:55] run 24/30…
[16:07:55] ⏱ Runtime: 0.115 s
[16:07:55] 📝 Images in batch: 1
[16:07:55] 🚀 Throughput: 8.69 images/s
[16:07:55] run 25/30…
[16:07:55] ⏱ Runtime: 0.115 s
[16:07:55] 📝 Images in batch: 1
[16:07:55] 🚀 Throughput: 8.69 images/s
[16:07:55] run 26/30…
[16:07:55] ⏱ Runtime: 0.116 s
[16:07:55] 📝 Images in batch: 1
[16:07:55] 🚀 Throughput: 8.65 images/s
[16:07:55] run 27/30…
[16:07:55] ⏱ Runtime: 0.115 s
[16:07:55] 📝 Images in batch: 1
[16:07:55] 🚀 Throughput: 8.70 images/s
[16:07:55] run 28/30…
[16:07:55] ⏱ Runtime: 0.116 s
[16:07:55] 📝 Images in batch: 1
[16:07:55] 🚀 Throughput: 8.63 images/s
[16:07:55] run 29/30…
[16:07:56] ⏱ Runtime: 0.116 s
[16:07:56] 📝 Images in batch: 1
[16:07:56] 🚀 Throughput: 8.65 images/s
[16:07:56] run 30/30…
[16:07:56] ⏱ Runtime: 0.116 s
[16:07:56] 📝 Images in batch: 1
[16:07:56] 🚀 Throughput: 8.65 images/s

===== Benchmark summary =====
Timed runs:          30
Batch size:          1
Avg throughput:      8.67 images/s
P50 throughput:      8.67 images/s
P95 throughput:      8.70 images/s
Std dev (imgs/s):    0.02
Avg runtime:         0.115 s
/home/savini98/repos/fx-graph-research/transformers-modified/src/transformers/models/grounding_dino/modeling_grounding_dino.py
[16:07:56] done
