Conda environment: original_env
[16:05:30] start
[16:05:30] loading processor…
[16:05:30] loading model
[GPU] NVIDIA GeForce RTX 3090, 23.5 GB VRAM
[GPU] Baseline memory (model loaded): 0.87 GB
[GPU] Probe batch_size=8: peak=9.55 GB, per_sample=1110.9 MB
[GPU] Available for batches: 15.60 GB (target 70% utilization)
[GPU] Estimated batch size: 1
[GPU] Verified: batch_size=1 fits (peak 9.55 GB) ✅
[16:05:33] using batch_size=1
[16:05:33] eager forward sanity check…
[16:05:33] eager ok
[16:05:33] checking Dynamo graph breaks…

===== Graph Break Report =====
Graph break count: 17
Number of graphs:  18
Break reasons:
  1. GraphCompileReason(reason="Dynamic shape operator\n  Explanation: Operator `aten.nonzero.default`'s output shape depends on input Tensor data.\n  Hint: Enable tracing of dynamic shape operators with `torch._dynamo.config.capture_dynamic_output_shape_ops = True`\n\n  Developer debug context: aten.nonzero.default\n", user_stack=[<FrameSummary file /home/savini98/miniconda3/envs/original_env/lib/python3.12/site-packages/transformers/models/grounding_dino/modeling_grounding_dino.py, line 1906 in generate_masks_with_special_tokens_and_transfer_map>], graph_break=True)
  2. GraphCompileReason(reason='Data dependent operator\n  Explanation: Operator `aten._local_scalar_dense.default` has a non-Tensor output whose value is dependent on the data of Tensor inputs.\n  Hint: Enable tracing of data-dependent output operators with `torch._dynamo.config.capture_scalar_outputs = True`\n\n  Developer debug context: aten._local_scalar_dense.default\n', user_stack=[<FrameSummary file /home/savini98/miniconda3/envs/original_env/lib/python3.12/site-packages/transformers/models/grounding_dino/modeling_grounding_dino.py, line 2223 in forward>, <FrameSummary file /home/savini98/miniconda3/envs/original_env/lib/python3.12/site-packages/transformers/models/grounding_dino/modeling_grounding_dino.py, line 1592 in forward>, <FrameSummary file /home/savini98/miniconda3/envs/original_env/lib/python3.12/site-packages/transformers/models/grounding_dino/modeling_grounding_dino.py, line 1512 in get_reference_points>], graph_break=True)
  3. GraphCompileReason(reason='Data-dependent branching\n  Explanation: Detected data-dependent branching (e.g. `if my_tensor.sum() > 0:`). Dynamo does not support tracing dynamic control flow.\n  Hint: This graph break is fundamental - it is unlikely that Dynamo will ever be able to trace through your code. Consider finding a workaround.\n  Hint: Use `torch.cond` to express dynamic control flow.\n\n  Developer debug context: attempted to jump with TensorVariable()\n', user_stack=[<FrameSummary file /home/savini98/miniconda3/envs/original_env/lib/python3.12/site-packages/transformers/models/grounding_dino/modeling_grounding_dino.py, line 1175 in forward>, <FrameSummary file /home/savini98/miniconda3/envs/original_env/lib/python3.12/site-packages/transformers/models/grounding_dino/modeling_grounding_dino.py, line 1039 in forward>, <FrameSummary file /home/savini98/miniconda3/envs/original_env/lib/python3.12/site-packages/transformers/models/grounding_dino/modeling_grounding_dino.py, line 608 in forward>], graph_break=True)
  4. GraphCompileReason(reason='generic_jump TensorVariable()', user_stack=[<FrameSummary file /home/savini98/miniconda3/envs/original_env/lib/python3.12/site-packages/transformers/models/grounding_dino/modeling_grounding_dino.py, line 608 in forward>], graph_break=True)
  5. GraphCompileReason(reason='Dynamic slicing with Tensor arguments\n  Explanation: Creating slices with Tensor arguments is not supported. e.g. `l[:x]`, where `x` is a 1-element tensor.\n  Hint: It may be possible to write Dynamo tracing rules for this code. Please report an issue to PyTorch if you encounter this graph break often and it is causing performance issues.\n\n  Developer debug context: SliceVariable start: ConstantVariable(int: 0), stop: TensorVariable(), step: ConstantVariable(NoneType: None)\n', user_stack=[<FrameSummary file /home/savini98/miniconda3/envs/original_env/lib/python3.12/site-packages/transformers/models/grounding_dino/modeling_grounding_dino.py, line 2257 in forward>, <FrameSummary file /home/savini98/miniconda3/envs/original_env/lib/python3.12/site-packages/transformers/models/grounding_dino/modeling_grounding_dino.py, line 2050 in generate_encoder_output_proposals>], graph_break=True)
  6. GraphCompileReason(reason='Data-dependent branching\n  Explanation: Detected data-dependent branching (e.g. `if my_tensor.sum() > 0:`). Dynamo does not support tracing dynamic control flow.\n  Hint: This graph break is fundamental - it is unlikely that Dynamo will ever be able to trace through your code. Consider finding a workaround.\n  Hint: Use `torch.cond` to express dynamic control flow.\n\n  Developer debug context: attempted to jump with TensorVariable()\n', user_stack=[<FrameSummary file /home/savini98/miniconda3/envs/original_env/lib/python3.12/site-packages/transformers/models/grounding_dino/modeling_grounding_dino.py, line 2299 in forward>, <FrameSummary file /home/savini98/miniconda3/envs/original_env/lib/python3.12/site-packages/transformers/models/grounding_dino/modeling_grounding_dino.py, line 1806 in forward>, <FrameSummary file /home/savini98/miniconda3/envs/original_env/lib/python3.12/site-packages/transformers/models/grounding_dino/modeling_grounding_dino.py, line 1343 in forward>, <FrameSummary file /home/savini98/miniconda3/envs/original_env/lib/python3.12/site-packages/transformers/models/grounding_dino/modeling_grounding_dino.py, line 608 in forward>], graph_break=True)
  7. GraphCompileReason(reason='Data-dependent branching\n  Explanation: Detected data-dependent branching (e.g. `if my_tensor.sum() > 0:`). Dynamo does not support tracing dynamic control flow.\n  Hint: This graph break is fundamental - it is unlikely that Dynamo will ever be able to trace through your code. Consider finding a workaround.\n  Hint: Use `torch.cond` to express dynamic control flow.\n\n  Developer debug context: attempted to jump with TensorVariable()\n', user_stack=[<FrameSummary file /home/savini98/miniconda3/envs/original_env/lib/python3.12/site-packages/transformers/models/grounding_dino/modeling_grounding_dino.py, line 1343 in forward>, <FrameSummary file /home/savini98/miniconda3/envs/original_env/lib/python3.12/site-packages/transformers/models/grounding_dino/modeling_grounding_dino.py, line 608 in forward>], graph_break=True)
  8. GraphCompileReason(reason='generic_jump TensorVariable()', user_stack=[<FrameSummary file /home/savini98/miniconda3/envs/original_env/lib/python3.12/site-packages/transformers/models/grounding_dino/modeling_grounding_dino.py, line 608 in forward>], graph_break=True)
===================================
[16:05:44] compiling with torch.compile (inductor, reduce-overhead)…
[16:05:45] warmup x1…
[16:06:32] profiling one step…
/home/savini98/miniconda3/envs/original_env/lib/python3.12/site-packages/torch/cuda/graphs.py:84: UserWarning: The CUDA Graph is empty. This usually means that the graph was attempted to be captured on wrong device or stream. (Triggered internally at /pytorch/aten/src/ATen/cuda/CUDAGraph.cpp:175.)
  super().capture_end()
/home/savini98/miniconda3/envs/original_env/lib/python3.12/site-packages/torch/cuda/graphs.py:84: UserWarning: The CUDA Graph is empty. This usually means that the graph was attempted to be captured on wrong device or stream. (Triggered internally at /pytorch/aten/src/ATen/cuda/CUDAGraph.cpp:175.)
  super().capture_end()
/home/savini98/miniconda3/envs/original_env/lib/python3.12/site-packages/torch/cuda/graphs.py:84: UserWarning: The CUDA Graph is empty. This usually means that the graph was attempted to be captured on wrong device or stream. (Triggered internally at /pytorch/aten/src/ATen/cuda/CUDAGraph.cpp:175.)
  super().capture_end()
/home/savini98/miniconda3/envs/original_env/lib/python3.12/site-packages/torch/cuda/graphs.py:84: UserWarning: The CUDA Graph is empty. This usually means that the graph was attempted to be captured on wrong device or stream. (Triggered internally at /pytorch/aten/src/ATen/cuda/CUDAGraph.cpp:175.)
  super().capture_end()
/home/savini98/miniconda3/envs/original_env/lib/python3.12/site-packages/torch/cuda/graphs.py:84: UserWarning: The CUDA Graph is empty. This usually means that the graph was attempted to be captured on wrong device or stream. (Triggered internally at /pytorch/aten/src/ATen/cuda/CUDAGraph.cpp:175.)
  super().capture_end()
/home/savini98/miniconda3/envs/original_env/lib/python3.12/site-packages/torch/cuda/graphs.py:84: UserWarning: The CUDA Graph is empty. This usually means that the graph was attempted to be captured on wrong device or stream. (Triggered internally at /pytorch/aten/src/ATen/cuda/CUDAGraph.cpp:175.)
  super().capture_end()
/home/savini98/miniconda3/envs/original_env/lib/python3.12/site-packages/torch/cuda/graphs.py:84: UserWarning: The CUDA Graph is empty. This usually means that the graph was attempted to be captured on wrong device or stream. (Triggered internally at /pytorch/aten/src/ATen/cuda/CUDAGraph.cpp:175.)
  super().capture_end()
/home/savini98/miniconda3/envs/original_env/lib/python3.12/site-packages/torch/cuda/graphs.py:84: UserWarning: The CUDA Graph is empty. This usually means that the graph was attempted to be captured on wrong device or stream. (Triggered internally at /pytorch/aten/src/ATen/cuda/CUDAGraph.cpp:175.)
  super().capture_end()
[16:07:04] chrome trace saved: /home/savini98/repos/fx-graph-research/models/grounding-dino-base/traces/grounding-dino-base_trace_original_20260330_160632.json
[16:07:07] ✅ CUDA Graph activity detected:
  - cudaGraphDestroy
  - cudaGraphGetNodes
  - cudaGraphInstantiateWithFlags
  - cudaGraphLaunch
[16:07:07] benchmarking 30 timed runs…
[16:07:07] run 1/30…
[16:07:07] ⏱ Runtime: 0.119 s
[16:07:07] 📝 Images in batch: 1
[16:07:07] 🚀 Throughput: 8.38 images/s
[16:07:07] run 2/30…
[16:07:07] ⏱ Runtime: 0.116 s
[16:07:07] 📝 Images in batch: 1
[16:07:07] 🚀 Throughput: 8.62 images/s
[16:07:07] run 3/30…
[16:07:07] ⏱ Runtime: 0.113 s
[16:07:07] 📝 Images in batch: 1
[16:07:07] 🚀 Throughput: 8.85 images/s
[16:07:07] run 4/30…
[16:07:07] ⏱ Runtime: 0.113 s
[16:07:07] 📝 Images in batch: 1
[16:07:07] 🚀 Throughput: 8.84 images/s
[16:07:07] run 5/30…
[16:07:07] ⏱ Runtime: 0.113 s
[16:07:07] 📝 Images in batch: 1
[16:07:07] 🚀 Throughput: 8.83 images/s
[16:07:07] run 6/30…
[16:07:07] ⏱ Runtime: 0.113 s
[16:07:07] 📝 Images in batch: 1
[16:07:07] 🚀 Throughput: 8.82 images/s
[16:07:07] run 7/30…
[16:07:07] ⏱ Runtime: 0.114 s
[16:07:07] 📝 Images in batch: 1
[16:07:07] 🚀 Throughput: 8.81 images/s
[16:07:07] run 8/30…
[16:07:07] ⏱ Runtime: 0.114 s
[16:07:07] 📝 Images in batch: 1
[16:07:07] 🚀 Throughput: 8.80 images/s
[16:07:07] run 9/30…
[16:07:08] ⏱ Runtime: 0.113 s
[16:07:08] 📝 Images in batch: 1
[16:07:08] 🚀 Throughput: 8.82 images/s
[16:07:08] run 10/30…
[16:07:08] ⏱ Runtime: 0.113 s
[16:07:08] 📝 Images in batch: 1
[16:07:08] 🚀 Throughput: 8.84 images/s
[16:07:08] run 11/30…
[16:07:08] ⏱ Runtime: 0.113 s
[16:07:08] 📝 Images in batch: 1
[16:07:08] 🚀 Throughput: 8.85 images/s
[16:07:08] run 12/30…
[16:07:08] ⏱ Runtime: 0.113 s
[16:07:08] 📝 Images in batch: 1
[16:07:08] 🚀 Throughput: 8.83 images/s
[16:07:08] run 13/30…
[16:07:08] ⏱ Runtime: 0.113 s
[16:07:08] 📝 Images in batch: 1
[16:07:08] 🚀 Throughput: 8.83 images/s
[16:07:08] run 14/30…
[16:07:08] ⏱ Runtime: 0.113 s
[16:07:08] 📝 Images in batch: 1
[16:07:08] 🚀 Throughput: 8.81 images/s
[16:07:08] run 15/30…
[16:07:08] ⏱ Runtime: 0.114 s
[16:07:08] 📝 Images in batch: 1
[16:07:08] 🚀 Throughput: 8.81 images/s
[16:07:08] run 16/30…
[16:07:08] ⏱ Runtime: 0.113 s
[16:07:08] 📝 Images in batch: 1
[16:07:08] 🚀 Throughput: 8.83 images/s
[16:07:08] run 17/30…
[16:07:08] ⏱ Runtime: 0.113 s
[16:07:08] 📝 Images in batch: 1
[16:07:08] 🚀 Throughput: 8.82 images/s
[16:07:08] run 18/30…
[16:07:09] ⏱ Runtime: 0.113 s
[16:07:09] 📝 Images in batch: 1
[16:07:09] 🚀 Throughput: 8.84 images/s
[16:07:09] run 19/30…
[16:07:09] ⏱ Runtime: 0.113 s
[16:07:09] 📝 Images in batch: 1
[16:07:09] 🚀 Throughput: 8.85 images/s
[16:07:09] run 20/30…
[16:07:09] ⏱ Runtime: 0.114 s
[16:07:09] 📝 Images in batch: 1
[16:07:09] 🚀 Throughput: 8.80 images/s
[16:07:09] run 21/30…
[16:07:09] ⏱ Runtime: 0.113 s
[16:07:09] 📝 Images in batch: 1
[16:07:09] 🚀 Throughput: 8.85 images/s
[16:07:09] run 22/30…
[16:07:09] ⏱ Runtime: 0.113 s
[16:07:09] 📝 Images in batch: 1
[16:07:09] 🚀 Throughput: 8.83 images/s
[16:07:09] run 23/30…
[16:07:09] ⏱ Runtime: 0.113 s
[16:07:09] 📝 Images in batch: 1
[16:07:09] 🚀 Throughput: 8.83 images/s
[16:07:09] run 24/30…
[16:07:09] ⏱ Runtime: 0.113 s
[16:07:09] 📝 Images in batch: 1
[16:07:09] 🚀 Throughput: 8.81 images/s
[16:07:09] run 25/30…
[16:07:09] ⏱ Runtime: 0.114 s
[16:07:09] 📝 Images in batch: 1
[16:07:09] 🚀 Throughput: 8.80 images/s
[16:07:09] run 26/30…
[16:07:10] ⏱ Runtime: 0.113 s
[16:07:10] 📝 Images in batch: 1
[16:07:10] 🚀 Throughput: 8.83 images/s
[16:07:10] run 27/30…
[16:07:10] ⏱ Runtime: 0.113 s
[16:07:10] 📝 Images in batch: 1
[16:07:10] 🚀 Throughput: 8.82 images/s
[16:07:10] run 28/30…
[16:07:10] ⏱ Runtime: 0.114 s
[16:07:10] 📝 Images in batch: 1
[16:07:10] 🚀 Throughput: 8.78 images/s
[16:07:10] run 29/30…
[16:07:10] ⏱ Runtime: 0.113 s
[16:07:10] 📝 Images in batch: 1
[16:07:10] 🚀 Throughput: 8.83 images/s
[16:07:10] run 30/30…
[16:07:10] ⏱ Runtime: 0.113 s
[16:07:10] 📝 Images in batch: 1
[16:07:10] 🚀 Throughput: 8.84 images/s

===== Benchmark summary =====
Timed runs:          30
Batch size:          1
Avg throughput:      8.80 images/s
P50 throughput:      8.83 images/s
P95 throughput:      8.85 images/s
Std dev (imgs/s):    0.09
Avg runtime:         0.114 s
/home/savini98/miniconda3/envs/original_env/lib/python3.12/site-packages/transformers/models/grounding_dino/modeling_grounding_dino.py
[16:07:10] done
