Conda environment: fixed_env
[15:58:59] start
[15:58:59] loading tokenizer…
[15:58:59] fixed modeling file applied → /home/savini98/.cache/huggingface/modules/transformers_modules/ibm-research/MoLFormer-XL-both-10pct/7b12d946c181a37f6012b9dc3b002275de070314/modeling_molformer.py
[15:58:59] loading model
[GPU] NVIDIA GeForce RTX 3090, 23.5 GB VRAM
[GPU] Baseline memory (model loaded): 0.17 GB
We strongly recommend passing in an `attention_mask` since your input_ids may be padded. See https://huggingface.co/docs/transformers/troubleshooting#incorrect-output-when-padding-tokens-arent-masked.
[GPU] Probe batch_size=8: peak=0.18 GB, per_sample=2.0 MB
[GPU] Available for batches: 16.31 GB (target 70% utilization)
[GPU] Estimated batch size: 1674
[GPU] Verified: batch_size=1674 fits (peak 1.78 GB) ✅
[15:59:01] using batch_size=1674
[15:59:02] eager forward sanity check…
[15:59:02] eager ok
[15:59:02] checking Dynamo graph breaks…
[15:59:04] graph-break analysis failed: CUDA out of memory. Tried to allocate 182.00 MiB. GPU 0 has a total capacity of 23.54 GiB of which 56.56 MiB is free. Including non-PyTorch memory, this process has 23.45 GiB memory in use. Of the allocated memory 22.85 GiB is allocated by PyTorch, and 308.11 MiB is reserved by PyTorch but unallocated. If reserved but unallocated memory is large try setting PYTORCH_CUDA_ALLOC_CONF=expandable_segments:True to avoid fragmentation.  See documentation for Memory Management  (https://pytorch.org/docs/stable/notes/cuda.html#environment-variables)
[15:59:04] compiling with torch.compile (inductor, reduce-overhead)…
[15:59:05] warmup x1…
[15:59:16] profiling one step…
[15:59:18] chrome trace saved: /home/savini98/repos/fx-graph-research/models/MoLFormer-XL-both-10pct/traces/MoLFormer-XL-both-10pct_trace_fixed_20260330_155916.json
[15:59:18] ✅ CUDA Graph activity detected:
  - cudaGraphDestroy
  - cudaGraphGetNodes
  - cudaGraphInstantiateWithFlags
  - cudaGraphLaunch
[15:59:18] benchmarking 30 timed runs…
[15:59:18] run 1/30…
[15:59:18] ⏱ Runtime: 0.231 s
[15:59:18] 📝 Sequences in batch: 1674
[15:59:18] 🚀 Throughput: 7249.09 sequences/s
[15:59:18] run 2/30…
[15:59:18] ⏱ Runtime: 0.232 s
[15:59:18] 📝 Sequences in batch: 1674
[15:59:18] 🚀 Throughput: 7202.29 sequences/s
[15:59:18] run 3/30…
[15:59:18] ⏱ Runtime: 0.232 s
[15:59:18] 📝 Sequences in batch: 1674
[15:59:18] 🚀 Throughput: 7202.86 sequences/s
[15:59:18] run 4/30…
[15:59:19] ⏱ Runtime: 0.235 s
[15:59:19] 📝 Sequences in batch: 1674
[15:59:19] 🚀 Throughput: 7119.45 sequences/s
[15:59:19] run 5/30…
[15:59:19] ⏱ Runtime: 0.235 s
[15:59:19] 📝 Sequences in batch: 1674
[15:59:19] 🚀 Throughput: 7134.26 sequences/s
[15:59:19] run 6/30…
[15:59:19] ⏱ Runtime: 0.233 s
[15:59:19] 📝 Sequences in batch: 1674
[15:59:19] 🚀 Throughput: 7197.26 sequences/s
[15:59:19] run 7/30…
[15:59:19] ⏱ Runtime: 0.233 s
[15:59:19] 📝 Sequences in batch: 1674
[15:59:19] 🚀 Throughput: 7198.86 sequences/s
[15:59:19] run 8/30…
[15:59:19] ⏱ Runtime: 0.234 s
[15:59:19] 📝 Sequences in batch: 1674
[15:59:19] 🚀 Throughput: 7147.02 sequences/s
[15:59:19] run 9/30…
[15:59:20] ⏱ Runtime: 0.235 s
[15:59:20] 📝 Sequences in batch: 1674
[15:59:20] 🚀 Throughput: 7112.79 sequences/s
[15:59:20] run 10/30…
[15:59:20] ⏱ Runtime: 0.232 s
[15:59:20] 📝 Sequences in batch: 1674
[15:59:20] 🚀 Throughput: 7200.66 sequences/s
[15:59:20] run 11/30…
[15:59:20] ⏱ Runtime: 0.233 s
[15:59:20] 📝 Sequences in batch: 1674
[15:59:20] 🚀 Throughput: 7192.25 sequences/s
[15:59:20] run 12/30…
[15:59:20] ⏱ Runtime: 0.234 s
[15:59:20] 📝 Sequences in batch: 1674
[15:59:20] 🚀 Throughput: 7161.11 sequences/s
[15:59:20] run 13/30…
[15:59:21] ⏱ Runtime: 0.235 s
[15:59:21] 📝 Sequences in batch: 1674
[15:59:21] 🚀 Throughput: 7117.52 sequences/s
[15:59:21] run 14/30…
[15:59:21] ⏱ Runtime: 0.234 s
[15:59:21] 📝 Sequences in batch: 1674
[15:59:21] 🚀 Throughput: 7156.73 sequences/s
[15:59:21] run 15/30…
[15:59:21] ⏱ Runtime: 0.233 s
[15:59:21] 📝 Sequences in batch: 1674
[15:59:21] 🚀 Throughput: 7183.06 sequences/s
[15:59:21] run 16/30…
[15:59:21] ⏱ Runtime: 0.233 s
[15:59:21] 📝 Sequences in batch: 1674
[15:59:21] 🚀 Throughput: 7192.78 sequences/s
[15:59:21] run 17/30…
[15:59:22] ⏱ Runtime: 0.235 s
[15:59:22] 📝 Sequences in batch: 1674
[15:59:22] 🚀 Throughput: 7125.18 sequences/s
[15:59:22] run 18/30…
[15:59:22] ⏱ Runtime: 0.234 s
[15:59:22] 📝 Sequences in batch: 1674
[15:59:22] 🚀 Throughput: 7141.80 sequences/s
[15:59:22] run 19/30…
[15:59:22] ⏱ Runtime: 0.233 s
[15:59:22] 📝 Sequences in batch: 1674
[15:59:22] 🚀 Throughput: 7169.19 sequences/s
[15:59:22] run 20/30…
[15:59:22] ⏱ Runtime: 0.233 s
[15:59:22] 📝 Sequences in batch: 1674
[15:59:22] 🚀 Throughput: 7188.96 sequences/s
[15:59:22] run 21/30…
[15:59:23] ⏱ Runtime: 0.235 s
[15:59:23] 📝 Sequences in batch: 1674
[15:59:23] 🚀 Throughput: 7135.63 sequences/s
[15:59:23] run 22/30…
[15:59:23] ⏱ Runtime: 0.235 s
[15:59:23] 📝 Sequences in batch: 1674
[15:59:23] 🚀 Throughput: 7125.88 sequences/s
[15:59:23] run 23/30…
[15:59:23] ⏱ Runtime: 0.234 s
[15:59:23] 📝 Sequences in batch: 1674
[15:59:23] 🚀 Throughput: 7162.85 sequences/s
[15:59:23] run 24/30…
[15:59:23] ⏱ Runtime: 0.233 s
[15:59:23] 📝 Sequences in batch: 1674
[15:59:23] 🚀 Throughput: 7177.66 sequences/s
[15:59:23] run 25/30…
[15:59:23] ⏱ Runtime: 0.234 s
[15:59:23] 📝 Sequences in batch: 1674
[15:59:23] 🚀 Throughput: 7141.78 sequences/s
[15:59:23] run 26/30…
[15:59:24] ⏱ Runtime: 0.235 s
[15:59:24] 📝 Sequences in batch: 1674
[15:59:24] 🚀 Throughput: 7123.40 sequences/s
[15:59:24] run 27/30…
[15:59:24] ⏱ Runtime: 0.234 s
[15:59:24] 📝 Sequences in batch: 1674
[15:59:24] 🚀 Throughput: 7158.30 sequences/s
[15:59:24] run 28/30…
[15:59:24] ⏱ Runtime: 0.234 s
[15:59:24] 📝 Sequences in batch: 1674
[15:59:24] 🚀 Throughput: 7166.19 sequences/s
[15:59:24] run 29/30…
[15:59:24] ⏱ Runtime: 0.235 s
[15:59:24] 📝 Sequences in batch: 1674
[15:59:24] 🚀 Throughput: 7135.82 sequences/s
[15:59:24] run 30/30…
[15:59:25] ⏱ Runtime: 0.235 s
[15:59:25] 📝 Sequences in batch: 1674
[15:59:25] 🚀 Throughput: 7122.14 sequences/s

===== Benchmark summary =====
Timed runs:          30
Batch size:          1674
Avg throughput:      7161.43 sequences/s
P50 throughput:      7159.71 sequences/s
P95 throughput:      7202.29 sequences/s
Std dev (seqs/s):    33.41
Avg runtime:         0.234 s
/home/savini98/miniconda3/envs/fixed_env/lib/python3.12/site-packages/torch/_dynamo/eval_frame.py
[15:59:25] done
